###############################################################################
#
# IAR ELF Linker V8.30.1.114/W32 for ARM                  19/Jul/2020  11:00:06
# Copyright 2007-2018 IAR Systems AB.
#
#    Output file  =  C:\pic\transmitter\EWARM\transmitter\Exe\transmitter.out
#    Map file     =  C:\pic\transmitter\EWARM\transmitter\List\transmitter.map
#    Command line =  
#        -f C:\Users\VLADIS~1\AppData\Local\Temp\EW245D.tmp
#        (C:\pic\transmitter\EWARM\transmitter\Obj\adc.o
#        C:\pic\transmitter\EWARM\transmitter\Obj\dma.o
#        C:\pic\transmitter\EWARM\transmitter\Obj\gpio.o
#        C:\pic\transmitter\EWARM\transmitter\Obj\main.o
#        C:\pic\transmitter\EWARM\transmitter\Obj\spi.o
#        C:\pic\transmitter\EWARM\transmitter\Obj\startup_stm32f031x6.o
#        C:\pic\transmitter\EWARM\transmitter\Obj\stm32f0xx_hal.o
#        C:\pic\transmitter\EWARM\transmitter\Obj\stm32f0xx_hal_adc.o
#        C:\pic\transmitter\EWARM\transmitter\Obj\stm32f0xx_hal_adc_ex.o
#        C:\pic\transmitter\EWARM\transmitter\Obj\stm32f0xx_hal_cortex.o
#        C:\pic\transmitter\EWARM\transmitter\Obj\stm32f0xx_hal_dma.o
#        C:\pic\transmitter\EWARM\transmitter\Obj\stm32f0xx_hal_exti.o
#        C:\pic\transmitter\EWARM\transmitter\Obj\stm32f0xx_hal_flash.o
#        C:\pic\transmitter\EWARM\transmitter\Obj\stm32f0xx_hal_flash_ex.o
#        C:\pic\transmitter\EWARM\transmitter\Obj\stm32f0xx_hal_gpio.o
#        C:\pic\transmitter\EWARM\transmitter\Obj\stm32f0xx_hal_i2c.o
#        C:\pic\transmitter\EWARM\transmitter\Obj\stm32f0xx_hal_i2c_ex.o
#        C:\pic\transmitter\EWARM\transmitter\Obj\stm32f0xx_hal_msp.o
#        C:\pic\transmitter\EWARM\transmitter\Obj\stm32f0xx_hal_pwr.o
#        C:\pic\transmitter\EWARM\transmitter\Obj\stm32f0xx_hal_pwr_ex.o
#        C:\pic\transmitter\EWARM\transmitter\Obj\stm32f0xx_hal_rcc.o
#        C:\pic\transmitter\EWARM\transmitter\Obj\stm32f0xx_hal_rcc_ex.o
#        C:\pic\transmitter\EWARM\transmitter\Obj\stm32f0xx_hal_spi.o
#        C:\pic\transmitter\EWARM\transmitter\Obj\stm32f0xx_hal_spi_ex.o
#        C:\pic\transmitter\EWARM\transmitter\Obj\stm32f0xx_hal_tim.o
#        C:\pic\transmitter\EWARM\transmitter\Obj\stm32f0xx_hal_tim_ex.o
#        C:\pic\transmitter\EWARM\transmitter\Obj\stm32f0xx_hal_uart.o
#        C:\pic\transmitter\EWARM\transmitter\Obj\stm32f0xx_hal_uart_ex.o
#        C:\pic\transmitter\EWARM\transmitter\Obj\stm32f0xx_it.o
#        C:\pic\transmitter\EWARM\transmitter\Obj\sx1276.o
#        C:\pic\transmitter\EWARM\transmitter\Obj\system_stm32f0xx.o
#        C:\pic\transmitter\EWARM\transmitter\Obj\tim.o
#        C:\pic\transmitter\EWARM\transmitter\Obj\usart.o --redirect
#        _Printf=_PrintfFull --redirect _Scanf=_ScanfFull --no_out_extension -o
#        C:\pic\transmitter\EWARM\transmitter\Exe\transmitter.out --map
#        C:\pic\transmitter\EWARM\transmitter\List\transmitter.map --config
#        C:\pic\transmitter\EWARM/stm32f031x6_flash.icf --semihosting --entry
#        __iar_program_start --vfe --text_out locale)
#
###############################################################################

*******************************************************************************
*** RUNTIME MODEL ATTRIBUTES
***

CppFlavor       = *
__SystemLibrary = DLib
__dlib_version  = 6


*******************************************************************************
*** HEAP SELECTION
***

The basic heap was selected because no calls to memory allocation
functions were found in the application outside of system library
functions, and there are calls to deallocation functions in the
application.


*******************************************************************************
*** PLACEMENT SUMMARY
***

"A0":  place at 0x800'0000 { ro section .intvec };
"P1":  place in [from 0x800'0000 to 0x800'7fff] { ro };
define block CSTACK with size = 1K, alignment = 8 { };
define block HEAP with size = 512, alignment = 8 { };
"P2":  place in [from 0x2000'0000 to 0x2000'0fff] {
          rw, block CSTACK, block HEAP };
initialize by copy { rw };

  Section            Kind         Address    Size  Object
  -------            ----         -------    ----  ------
"A0":                                        0xb0
  .intvec            ro code   0x800'0000    0xb0  startup_stm32f031x6.o [1]
                             - 0x800'00b0    0xb0

"P1":                                      0x3762
  .text              ro code   0x800'00b0   0xa34  stm32f0xx_hal_spi.o [1]
  .text              ro code   0x800'0ae4    0xcc  spi.o [1]
  .text              ro code   0x800'0bb0     0xc  stm32f0xx_hal.o [1]
  .text              ro code   0x800'0bbc   0x1c8  main.o [1]
  .text              ro code   0x800'0d84    0x32  ABImemset.o [3]
  .text              ro code   0x800'0db6     0x2  startup_stm32f031x6.o [1]
  .text              ro code   0x800'0db8   0x228  stm32f0xx_hal_gpio.o [1]
  .text              ro code   0x800'0fe0    0x20  stm32f0xx_hal.o [1]
  .text              ro code   0x800'1000   0x108  gpio.o [1]
  .text              ro code   0x800'1108    0x2c  dma.o [1]
  .text              ro code   0x800'1134   0x134  adc.o [1]
  .text              ro code   0x800'1268   0x108  tim.o [1]
  .text              ro code   0x800'1370   0x678  stm32f0xx_hal_adc.o [1]
  .text              ro code   0x800'19e8   0x4c4  stm32f0xx_hal_tim.o [1]
  .text              ro code   0x800'1eac   0x7a4  sx1276.o [1]
  .text              ro code   0x800'2650    0x2c  stm32f0xx_hal.o [1]
  .text              ro code   0x800'267c    0xe0  I32DivModFast.o [3]
  .text              ro code   0x800'275c   0x69c  stm32f0xx_hal_rcc.o [1]
  .text              ro code   0x800'2df8   0x130  stm32f0xx_hal_rcc_ex.o [1]
  .text              ro code   0x800'2f28    0x50  stm32f0xx_hal.o [1]
  .text              ro code   0x800'2f78    0x34  stm32f0xx_hal_msp.o [1]
  .text              ro code   0x800'2fac   0x13c  stm32f0xx_hal_exti.o [1]
  .text              ro code   0x800'30e8   0x11c  stm32f0xx_hal_cortex.o [1]
  .text              ro code   0x800'3204   0x208  stm32f0xx_hal_dma.o [1]
  .text              ro code   0x800'340c    0xe4  stm32f0xx_hal_tim_ex.o [1]
  .text              ro code   0x800'34f0     0x2  stm32f0xx_hal_adc.o [1]
  .text              ro code   0x800'34f2     0x2  stm32f0xx_hal_adc.o [1]
  .text              ro code   0x800'34f4     0x2  stm32f0xx_hal_adc.o [1]
  .text              ro code   0x800'34f6     0x2  stm32f0xx_hal_tim.o [1]
  .text              ro code   0x800'34f8    0x34  ABImemcpy.o [3]
  .text              ro code   0x800'352c    0x32  I64Mul.o [3]
  .text              ro code   0x800'355e    0xa8  I64DivMod.o [3]
  .text              ro code   0x800'3606     0x2  startup_stm32f031x6.o [1]
  .text              ro code   0x800'3608     0x2  IntDivZer.o [3]
  .text              ro code   0x800'360a     0x2  startup_stm32f031x6.o [1]
  .text              ro code   0x800'360c     0x2  I64DivZer.o [3]
  .text              ro code   0x800'360e     0x2  startup_stm32f031x6.o [1]
  .text              ro code   0x800'3610    0x4c  stm32f0xx_it.o [1]
  .text              ro code   0x800'365c    0x18  stm32f0xx_hal.o [1]
  .text              ro code   0x800'3674    0x3c  zero_init3.o [3]
  .text              ro code   0x800'36b0    0x30  copy_init3.o [3]
  .text              ro code   0x800'36e0    0x28  data_init.o [3]
  .iar.init_table    const     0x800'3708    0x24  - Linker created -
  .text              ro code   0x800'372c    0x1e  cmain.o [3]
  .text              ro code   0x800'374a     0x4  low_level_init.o [2]
  .text              ro code   0x800'374e     0x8  exit.o [2]
  .text              ro code   0x800'3756     0x2  startup_stm32f031x6.o [1]
  .text              ro code   0x800'3758     0xa  cexit.o [3]
  .text              ro code   0x800'3762     0x2  startup_stm32f031x6.o [1]
  .text              ro code   0x800'3764    0x14  exit.o [4]
  .rodata            const     0x800'3778    0x14  sx1276.o [1]
  Initializer bytes  const     0x800'378c    0x14  <for P2-1>
  .rodata            const     0x800'37a0    0x10  stm32f0xx_hal_rcc.o [1]
  .rodata            const     0x800'37b0    0x10  stm32f0xx_hal_rcc.o [1]
  .rodata            const     0x800'37c0    0x10  system_stm32f0xx.o [1]
  .text              ro code   0x800'37d0    0x10  startup_stm32f031x6.o [1]
  .text              ro code   0x800'37e0     0xc  cstartup_M.o [3]
  .rodata            const     0x800'37ec     0x8  tim.o [1]
  .rodata            const     0x800'37f4     0x4  sx1276.o [1]
  .text              ro code   0x800'37f8     0x2  startup_stm32f031x6.o [1]
  .text              ro code   0x800'37fa     0x2  startup_stm32f031x6.o [1]
  .text              ro code   0x800'37fc     0x2  startup_stm32f031x6.o [1]
  .text              ro code   0x800'37fe     0x2  startup_stm32f031x6.o [1]
  .text              ro code   0x800'3800     0x2  startup_stm32f031x6.o [1]
  .text              ro code   0x800'3802     0x2  startup_stm32f031x6.o [1]
  .text              ro code   0x800'3804     0x2  startup_stm32f031x6.o [1]
  .text              ro code   0x800'3806     0x2  startup_stm32f031x6.o [1]
  .text              ro code   0x800'3808     0x2  startup_stm32f031x6.o [1]
  .text              ro code   0x800'380a     0x2  startup_stm32f031x6.o [1]
  .text              ro code   0x800'380c     0x2  startup_stm32f031x6.o [1]
  .text              ro code   0x800'380e     0x2  startup_stm32f031x6.o [1]
  .text              ro code   0x800'3810     0x2  system_stm32f0xx.o [1]
  .rodata            const     0x800'3812     0x0  zero_init3.o [3]
  .rodata            const     0x800'3812     0x0  copy_init3.o [3]
                             - 0x800'3812  0x3762

"P2", part 1 of 3:                           0x14
  P2-1                        0x2000'0000    0x13  <Init block>
    .data            inited   0x2000'0000     0x4  stm32f0xx_hal.o [1]
    .data            inited   0x2000'0004     0x4  sx1276.o [1]
    .data            inited   0x2000'0008     0x4  sx1276.o [1]
    .data            inited   0x2000'000c     0x4  system_stm32f0xx.o [1]
    .data            inited   0x2000'0010     0x1  stm32f0xx_hal.o [1]
    .data            inited   0x2000'0011     0x1  sx1276.o [1]
    .data            inited   0x2000'0012     0x1  sx1276.o [1]
                            - 0x2000'0013    0x13

"P2", part 2 of 3:                          0x14c
  .bss               zero     0x2000'0014    0x64  spi.o [1]
  .bss               zero     0x2000'0078    0x44  adc.o [1]
  .bss               zero     0x2000'00bc    0x40  adc.o [1]
  .bss               zero     0x2000'00fc    0x40  tim.o [1]
  .bss               zero     0x2000'013c     0x8  gpio.o [1]
  .bss               zero     0x2000'0144     0x8  gpio.o [1]
  .bss               zero     0x2000'014c     0x4  main.o [1]
  .bss               zero     0x2000'0150     0x4  main.o [1]
  .bss               zero     0x2000'0154     0x4  stm32f0xx_hal.o [1]
  .bss               zero     0x2000'0158     0x4  sx1276.o [1]
  .bss               zero     0x2000'015c     0x1  main.o [1]
  .bss               zero     0x2000'015d     0x1  main.o [1]
  .bss               zero     0x2000'015e     0x1  main.o [1]
  .bss               zero     0x2000'015f     0x1  sx1276.o [1]
                            - 0x2000'0160   0x14c

"P2", part 3 of 3:                          0x400
  CSTACK                      0x2000'0160   0x400  <Block>
    CSTACK           uninit   0x2000'0160   0x400  <Block tail>
                            - 0x2000'0560   0x400

Unused ranges:

         From           To    Size
         ----           --    ----
   0x800'3812   0x800'7fff  0x47ee
  0x2000'0560  0x2000'0fff   0xaa0


*******************************************************************************
*** INIT TABLE
***

          Address      Size
          -------      ----
Zero (__iar_zero_init3)
    1 destination range, total size 0x14c:
          0x2000'0014  0x14c

Copy (__iar_copy_init3)
    1 source range, total size 0x14 (105% of destination):
           0x800'378c   0x14
    1 destination range, total size 0x13:
          0x2000'0000   0x13



*******************************************************************************
*** MODULE SUMMARY
***

    Module                  ro code  ro data  rw data
    ------                  -------  -------  -------
command line/config:
    -------------------------------------------------
    Total:

C:\pic\transmitter\EWARM\transmitter\Obj: [1]
    adc.o                       308               132
    dma.o                        44
    gpio.o                      264                16
    main.o                      456                11
    spi.o                       204               100
    startup_stm32f031x6.o       228
    stm32f0xx_hal.o             192        5        9
    stm32f0xx_hal_adc.o       1 662
    stm32f0xx_hal_cortex.o      284
    stm32f0xx_hal_dma.o         520
    stm32f0xx_hal_exti.o        316
    stm32f0xx_hal_gpio.o        552
    stm32f0xx_hal_msp.o          52
    stm32f0xx_hal_rcc.o       1 692       32
    stm32f0xx_hal_rcc_ex.o      304
    stm32f0xx_hal_spi.o       2 612
    stm32f0xx_hal_tim.o       1 222
    stm32f0xx_hal_tim_ex.o      228
    stm32f0xx_it.o               76
    sx1276.o                  1 956       34       15
    system_stm32f0xx.o            2       20        4
    tim.o                       264        8       64
    -------------------------------------------------
    Total:                   13 438       99      351

dl6M_tln.a: [2]
    exit.o                        8
    low_level_init.o              4
    -------------------------------------------------
    Total:                       12

rt6M_tl.a: [3]
    ABImemcpy.o                  52
    ABImemset.o                  50
    I32DivModFast.o             224
    I64DivMod.o                 168
    I64DivZer.o                   2
    I64Mul.o                     50
    IntDivZer.o                   2
    cexit.o                      10
    cmain.o                      30
    copy_init3.o                 48
    cstartup_M.o                 12
    data_init.o                  40
    zero_init3.o                 60
    -------------------------------------------------
    Total:                      748

shb_l.a: [4]
    exit.o                       20
    -------------------------------------------------
    Total:                       20

    Linker created                        37    1 024
-----------------------------------------------------
    Grand Total:             14 218      136    1 375


*******************************************************************************
*** ENTRY LIST
***

Entry                       Address   Size  Type      Object
-----                       -------   ----  ----      ------
.iar.init_table$$Base    0x800'3708          --   Gb  - Linker created -
.iar.init_table$$Limit   0x800'372c          --   Gb  - Linker created -
?main                    0x800'372d         Code  Gb  cmain.o [3]
ADC1_IRQHandler          0x800'3641    0xa  Code  Gb  stm32f0xx_it.o [1]
ADC_DMAConvCplt          0x800'1939   0x7a  Code  Lc  stm32f0xx_hal_adc.o [1]
ADC_DMAError             0x800'19cb   0x1e  Code  Lc  stm32f0xx_hal_adc.o [1]
ADC_DMAHalfConvCplt      0x800'19bd    0xe  Code  Lc  stm32f0xx_hal_adc.o [1]
ADC_Enable               0x800'1881   0xa8  Code  Lc  stm32f0xx_hal_adc.o [1]
AHBPrescTable            0x800'37c0   0x10  Data  Gb  system_stm32f0xx.o [1]
Btn1FallingCb            0x800'0bbd    0xa  Code  Gb  main.o [1]
Btn2FallingCb            0x800'0bc7    0xa  Code  Gb  main.o [1]
CSTACK$$Base            0x2000'0160          --   Gb  - Linker created -
CSTACK$$Limit           0x2000'0560          --   Gb  - Linker created -
DMA1_Channel1_IRQHandler
                         0x800'3637    0xa  Code  Gb  stm32f0xx_it.o [1]
DMA_CalcBaseAndBitshift
                         0x800'33e9   0x1a  Code  Lc  stm32f0xx_hal_dma.o [1]
DMA_SetConfig            0x800'33bf   0x2a  Code  Lc  stm32f0xx_hal_dma.o [1]
EXTI0_1_IRQHandler       0x800'3623    0xa  Code  Gb  stm32f0xx_it.o [1]
EXTI4_15_IRQHandler      0x800'362d    0xa  Code  Gb  stm32f0xx_it.o [1]
Error_Handler            0x800'0d83    0x2  Code  Gb  main.o [1]
Ferr_old                0x2000'0008    0x4  Data  Gb  sx1276.o [1]
Ftarget                 0x2000'0004    0x4  Data  Gb  sx1276.o [1]
HAL_ADC_ConfigChannel    0x800'16fd  0x17e  Code  Gb  stm32f0xx_hal_adc.o [1]
HAL_ADC_ConvCpltCallback
                         0x800'0c31   0xa6  Code  Gb  main.o [1]
HAL_ADC_IRQHandler       0x800'15eb  0x102  Code  Gb  stm32f0xx_hal_adc.o [1]
HAL_ADC_Init             0x800'1371  0x1be  Code  Gb  stm32f0xx_hal_adc.o [1]
HAL_ADC_MspInit          0x800'11b5   0x9a  Code  Gb  adc.o [1]
HAL_ADC_Start_DMA        0x800'153d   0xae  Code  Gb  stm32f0xx_hal_adc.o [1]
HAL_DMA_IRQHandler       0x800'32e9   0xd6  Code  Gb  stm32f0xx_hal_dma.o [1]
HAL_DMA_Init             0x800'3205   0x54  Code  Gb  stm32f0xx_hal_dma.o [1]
HAL_DMA_Start_IT         0x800'325d   0x8c  Code  Gb  stm32f0xx_hal_dma.o [1]
HAL_Delay                0x800'2651   0x2c  Code  Wk  stm32f0xx_hal.o [1]
HAL_EXTI_IRQHandler      0x800'30a9   0x26  Code  Gb  stm32f0xx_hal_exti.o [1]
HAL_EXTI_RegisterCallback
                         0x800'308f   0x1a  Code  Gb  stm32f0xx_hal_exti.o [1]
HAL_EXTI_SetConfigLine   0x800'2fad   0xe2  Code  Gb  stm32f0xx_hal_exti.o [1]
HAL_GPIO_Init            0x800'0db9  0x1ec  Code  Gb  stm32f0xx_hal_gpio.o [1]
HAL_GPIO_WritePin        0x800'0fa5   0x1a  Code  Gb  stm32f0xx_hal_gpio.o [1]
HAL_GetTick              0x800'0bb1    0xc  Code  Wk  stm32f0xx_hal.o [1]
HAL_IncTick              0x800'365d   0x18  Code  Wk  stm32f0xx_hal.o [1]
HAL_Init                 0x800'0fe1   0x1a  Code  Gb  stm32f0xx_hal.o [1]
HAL_InitTick             0x800'2f29   0x50  Code  Wk  stm32f0xx_hal.o [1]
HAL_MspInit              0x800'2f79   0x34  Code  Gb  stm32f0xx_hal_msp.o [1]
HAL_NVIC_EnableIRQ       0x800'31d3    0xe  Code  Gb  stm32f0xx_hal_cortex.o [1]
HAL_NVIC_SetPriority     0x800'31bf   0x14  Code  Gb  stm32f0xx_hal_cortex.o [1]
HAL_RCCEx_PeriphCLKConfig
                         0x800'2df9  0x110  Code  Gb  stm32f0xx_hal_rcc_ex.o [1]
HAL_RCC_ClockConfig      0x800'2c1d  0x128  Code  Gb  stm32f0xx_hal_rcc.o [1]
HAL_RCC_GetSysClockFreq
                         0x800'2d59   0x72  Code  Gb  stm32f0xx_hal_rcc.o [1]
HAL_RCC_OscConfig        0x800'275d  0x4ac  Code  Gb  stm32f0xx_hal_rcc.o [1]
HAL_SPI_Init             0x800'00b1   0xd0  Code  Gb  stm32f0xx_hal_spi.o [1]
HAL_SPI_MspInit          0x800'0b29   0x76  Code  Gb  spi.o [1]
HAL_SPI_Receive          0x800'03a9  0x1d6  Code  Gb  stm32f0xx_hal_spi.o [1]
HAL_SPI_Transmit         0x800'0181  0x21e  Code  Gb  stm32f0xx_hal_spi.o [1]
HAL_SPI_TransmitReceive
                         0x800'0589  0x30a  Code  Gb  stm32f0xx_hal_spi.o [1]
HAL_SYSTICK_Config       0x800'31e1    0xc  Code  Gb  stm32f0xx_hal_cortex.o [1]
HAL_TIMEx_ConfigBreakDeadTime
                         0x800'3473   0x5e  Code  Gb  stm32f0xx_hal_tim_ex.o [1]
HAL_TIMEx_MasterConfigSynchronization
                         0x800'340d   0x66  Code  Gb  stm32f0xx_hal_tim_ex.o [1]
HAL_TIM_Base_Init        0x800'19e9   0x38  Code  Gb  stm32f0xx_hal_tim.o [1]
HAL_TIM_Base_MspInit     0x800'1337   0x20  Code  Gb  tim.o [1]
HAL_TIM_Base_Start       0x800'1a21   0x2c  Code  Gb  stm32f0xx_hal_tim.o [1]
HAL_TIM_ConfigClockSource
                         0x800'1aef   0xf0  Code  Gb  stm32f0xx_hal_tim.o [1]
HAL_TIM_OC_ConfigChannel
                         0x800'1a85   0x6a  Code  Gb  stm32f0xx_hal_tim.o [1]
HAL_TIM_OC_Init          0x800'1a4d   0x38  Code  Gb  stm32f0xx_hal_tim.o [1]
HardFault_Handler        0x800'3613    0x4  Code  Gb  stm32f0xx_it.o [1]
MX_ADC_Init              0x800'1135   0x80  Code  Gb  adc.o [1]
MX_DMA_Init              0x800'1109   0x2c  Code  Gb  dma.o [1]
MX_GPIO_Init             0x800'1001  0x108  Code  Gb  gpio.o [1]
MX_SPI1_Init             0x800'0ae5   0x44  Code  Gb  spi.o [1]
MX_TIM1_Init             0x800'1269   0xce  Code  Gb  tim.o [1]
NMI_Handler              0x800'3611    0x2  Code  Gb  stm32f0xx_it.o [1]
PendSV_Handler           0x800'3619    0x2  Code  Gb  stm32f0xx_it.o [1]
Region$$Table$$Base      0x800'3708          --   Gb  - Linker created -
Region$$Table$$Limit     0x800'372c          --   Gb  - Linker created -
SPI_EndRxTransaction     0x800'09ed   0x8e  Code  Lc  stm32f0xx_hal_spi.o [1]
SPI_EndRxTxTransaction   0x800'0a7b   0x6a  Code  Lc  stm32f0xx_hal_spi.o [1]
SPI_WaitFifoStateUntilTimeout
                         0x800'093f   0xa8  Code  Lc  stm32f0xx_hal_spi.o [1]
SPI_WaitFlagStateUntilTimeout
                         0x800'089d   0xa2  Code  Lc  stm32f0xx_hal_spi.o [1]
SVC_Handler              0x800'3617    0x2  Code  Gb  stm32f0xx_it.o [1]
SX1276_AFC               0x800'2399  0x118  Code  Gb  sx1276.o [1]
SX1276_Init              0x800'24b5  0x16a  Code  Gb  sx1276.o [1]
SX1276_OnRX              0x800'2189  0x202  Code  Gb  sx1276.o [1]
SX1276_OnTX              0x800'2129   0x5a  Code  Gb  sx1276.o [1]
SX1276_Poll              0x800'20c3   0x46  Code  Gb  sx1276.o [1]
SX1276_RX_Reset          0x800'2109   0x14  Code  Gb  sx1276.o [1]
SX1276_TX_Reset          0x800'211d    0xc  Code  Gb  sx1276.o [1]
SysTick_Config           0x800'318d   0x32  Code  Lc  stm32f0xx_hal_cortex.o [1]
SysTick_Handler          0x800'361b    0x8  Code  Gb  stm32f0xx_it.o [1]
SystemClock_Config       0x800'0d15   0x6e  Code  Gb  main.o [1]
SystemCoreClock         0x2000'000c    0x4  Data  Gb  system_stm32f0xx.o [1]
SystemInit               0x800'3811    0x2  Code  Gb  system_stm32f0xx.o [1]
TIM_Base_SetConfig       0x800'1be5   0x7a  Code  Gb  stm32f0xx_hal_tim.o [1]
TIM_ETR_SetConfig        0x800'1e81   0x18  Code  Gb  stm32f0xx_hal_tim.o [1]
TIM_ITRx_SetConfig       0x800'1e71   0x10  Code  Lc  stm32f0xx_hal_tim.o [1]
TIM_OC1_SetConfig        0x800'1c61   0x70  Code  Lc  stm32f0xx_hal_tim.o [1]
TIM_OC2_SetConfig        0x800'1cd1   0x6e  Code  Gb  stm32f0xx_hal_tim.o [1]
TIM_OC3_SetConfig        0x800'1d3f   0x6a  Code  Lc  stm32f0xx_hal_tim.o [1]
TIM_OC4_SetConfig        0x800'1da9   0x50  Code  Lc  stm32f0xx_hal_tim.o [1]
TIM_TI1_ConfigInputStage
                         0x800'1e19   0x24  Code  Lc  stm32f0xx_hal_tim.o [1]
TIM_TI2_ConfigInputStage
                         0x800'1e3d   0x26  Code  Lc  stm32f0xx_hal_tim.o [1]
__ICFEDIT_region_RAM_end__ {Abs}
                        0x2000'0fff         Data  Gb  <internal module>
__ICFEDIT_region_RAM_start__ {Abs}
                        0x2000'0000         Data  Gb  <internal module>
__NVIC_EnableIRQ         0x800'30e9   0x18  Code  Lc  stm32f0xx_hal_cortex.o [1]
__NVIC_SetPriority       0x800'3101   0x8c  Code  Lc  stm32f0xx_hal_cortex.o [1]
__aeabi_idiv             0x800'26a9         Code  Gb  I32DivModFast.o [3]
__aeabi_idiv0            0x800'3609         Code  Gb  IntDivZer.o [3]
__aeabi_idivmod          0x800'26a9         Code  Gb  I32DivModFast.o [3]
__aeabi_ldiv0            0x800'360d         Code  Gb  I64DivZer.o [3]
__aeabi_ldivmod          0x800'355f         Code  Gb  I64DivMod.o [3]
__aeabi_lmul             0x800'352d         Code  Gb  I64Mul.o [3]
__aeabi_memclr4          0x800'0d85         Code  Gb  ABImemset.o [3]
__aeabi_memclr8          0x800'0d85         Code  Gb  ABImemset.o [3]
__aeabi_memcpy4          0x800'34f9         Code  Wk  ABImemcpy.o [3]
__aeabi_uidiv            0x800'26af         Code  Gb  I32DivModFast.o [3]
__aeabi_uidivmod         0x800'26af         Code  Gb  I32DivModFast.o [3]
__aeabi_uldivmod         0x800'359d         Code  Gb  I64DivMod.o [3]
__cmain                  0x800'372d         Code  Gb  cmain.o [3]
__exit                   0x800'3765   0x14  Code  Gb  exit.o [4]
__iar_Memset4_word       0x800'0d89         Code  Gb  ABImemset.o [3]
__iar_copy_init3         0x800'36b1   0x30  Code  Gb  copy_init3.o [3]
__iar_data_init3         0x800'36e1   0x28  Code  Gb  data_init.o [3]
__iar_program_start      0x800'37e1         Code  Gb  cstartup_M.o [3]
__iar_zero_init3         0x800'3675   0x3c  Code  Gb  zero_init3.o [3]
__low_level_init         0x800'374b    0x4  Code  Gb  low_level_init.o [2]
__vector_table           0x800'0000         Data  Gb  startup_stm32f031x6.o [1]
_call_main               0x800'3739         Code  Gb  cmain.o [3]
_exit                    0x800'3759         Code  Gb  cexit.o [3]
_main                    0x800'3747         Code  Gb  cmain.o [3]
adc_buffer              0x2000'014c    0x4  Data  Gb  main.o [1]
btn1                    0x2000'015d    0x1  Data  Gb  main.o [1]
btn2                    0x2000'015e    0x1  Data  Gb  main.o [1]
convert                  0x800'1ead    0xa  Code  Gb  sx1276.o [1]
counter                 0x2000'015f    0x1  Data  Gb  sx1276.o [1]
exit                     0x800'374f    0x8  Code  Gb  exit.o [2]
frf                     0x2000'0158    0x4  Data  Gb  sx1276.o [1]
hadc                    0x2000'00bc   0x40  Data  Gb  adc.o [1]
hdma_adc                0x2000'0078   0x44  Data  Gb  adc.o [1]
hexti1                  0x2000'013c    0x8  Data  Gb  gpio.o [1]
hexti7                  0x2000'0144    0x8  Data  Gb  gpio.o [1]
hspi1                   0x2000'0014   0x64  Data  Gb  spi.o [1]
htim1                   0x2000'00fc   0x40  Data  Gb  tim.o [1]
leftright               0x2000'0150    0x4  Data  Gb  main.o [1]
main                     0x800'0bd1   0x60  Code  Gb  main.o [1]
read                     0x800'201b   0x68  Code  Lc  sx1276.o [1]
suspend_afr             0x2000'0012    0x1  Data  Gb  sx1276.o [1]
trottle                 0x2000'015c    0x1  Data  Gb  main.o [1]
tx                      0x2000'0011    0x1  Data  Gb  sx1276.o [1]
uwTick                  0x2000'0154    0x4  Data  Gb  stm32f0xx_hal.o [1]
uwTickFreq              0x2000'0010    0x1  Data  Gb  stm32f0xx_hal.o [1]
uwTickPrio              0x2000'0000    0x4  Data  Gb  stm32f0xx_hal.o [1]
write                    0x800'2083   0x40  Code  Lc  sx1276.o [1]
write_and_retry          0x800'1eb7   0xb0  Code  Lc  sx1276.o [1]
write_and_verify         0x800'1f67   0xb4  Code  Lc  sx1276.o [1]


[1] = C:\pic\transmitter\EWARM\transmitter\Obj
[2] = dl6M_tln.a
[3] = rt6M_tl.a
[4] = shb_l.a

  14 218 bytes of readonly  code memory
     136 bytes of readonly  data memory
   1 375 bytes of readwrite data memory

Errors: none
Warnings: none
