###############################################################################
#
# IAR ELF Linker V8.30.1.114/W32 for ARM                  14/Jul/2020  02:18:18
# Copyright 2007-2018 IAR Systems AB.
#
#    Output file  =  C:\pic\testbench\EWARM\testbench\Exe\testbench.out
#    Map file     =  C:\pic\testbench\EWARM\testbench\List\testbench.map
#    Command line =  
#        -f C:\Users\VLADIS~1\AppData\Local\Temp\EW32BA.tmp
#        (C:\pic\testbench\EWARM\testbench\Obj\gpio.o
#        C:\pic\testbench\EWARM\testbench\Obj\main.o
#        C:\pic\testbench\EWARM\testbench\Obj\spi.o
#        C:\pic\testbench\EWARM\testbench\Obj\startup_stm32l152xc.o
#        C:\pic\testbench\EWARM\testbench\Obj\stm32l1xx_hal.o
#        C:\pic\testbench\EWARM\testbench\Obj\stm32l1xx_hal_cortex.o
#        C:\pic\testbench\EWARM\testbench\Obj\stm32l1xx_hal_dma.o
#        C:\pic\testbench\EWARM\testbench\Obj\stm32l1xx_hal_flash.o
#        C:\pic\testbench\EWARM\testbench\Obj\stm32l1xx_hal_flash_ex.o
#        C:\pic\testbench\EWARM\testbench\Obj\stm32l1xx_hal_flash_ramfunc.o
#        C:\pic\testbench\EWARM\testbench\Obj\stm32l1xx_hal_gpio.o
#        C:\pic\testbench\EWARM\testbench\Obj\stm32l1xx_hal_msp.o
#        C:\pic\testbench\EWARM\testbench\Obj\stm32l1xx_hal_pwr.o
#        C:\pic\testbench\EWARM\testbench\Obj\stm32l1xx_hal_pwr_ex.o
#        C:\pic\testbench\EWARM\testbench\Obj\stm32l1xx_hal_rcc.o
#        C:\pic\testbench\EWARM\testbench\Obj\stm32l1xx_hal_rcc_ex.o
#        C:\pic\testbench\EWARM\testbench\Obj\stm32l1xx_hal_spi.o
#        C:\pic\testbench\EWARM\testbench\Obj\stm32l1xx_hal_tim.o
#        C:\pic\testbench\EWARM\testbench\Obj\stm32l1xx_hal_tim_ex.o
#        C:\pic\testbench\EWARM\testbench\Obj\stm32l1xx_it.o
#        C:\pic\testbench\EWARM\testbench\Obj\system_stm32l1xx.o --redirect
#        _Printf=_PrintfFull --redirect _Scanf=_ScanfFull --no_out_extension -o
#        C:\pic\testbench\EWARM\testbench\Exe\testbench.out --map
#        C:\pic\testbench\EWARM\testbench\List\testbench.map --config
#        C:\pic\testbench\EWARM/stm32l152xc_flash.icf --semihosting --entry
#        __iar_program_start --vfe --text_out locale)
#
###############################################################################

*******************************************************************************
*** RUNTIME MODEL ATTRIBUTES
***

CppFlavor       = *
__SystemLibrary = DLib
__dlib_version  = 6


*******************************************************************************
*** HEAP SELECTION
***

The basic heap was selected because no calls to memory allocation
functions were found in the application outside of system library
functions, and there are calls to deallocation functions in the
application.


*******************************************************************************
*** PLACEMENT SUMMARY
***

"A0":  place at 0x800'0000 { ro section .intvec };
"P1":  place in [from 0x800'0000 to 0x803'ffff] { ro };
define block CSTACK with size = 1K, alignment = 8 { };
define block HEAP with size = 512, alignment = 8 { };
"P2":  place in [from 0x2000'0000 to 0x2000'7fff] {
          rw, block CSTACK, block HEAP };
initialize by copy { rw };

  Section            Kind         Address    Size  Object
  -------            ----         -------    ----  ------
"A0":                                       0x124
  .intvec            ro code   0x800'0000   0x124  startup_stm32l152xc.o [1]
                             - 0x800'0124   0x124

"P1":                                      0x2368
  .text              ro code   0x800'0124   0x88e  main.o [1]
  .text              ro code   0x800'09b2    0x3a  zero_init3.o [3]
  .text              ro code   0x800'09ec   0x214  stm32l1xx_hal_gpio.o [1]
  .text              ro code   0x800'0c00   0x776  stm32l1xx_hal_spi.o [1]
  .text              ro code   0x800'1378    0x86  ABImemcpy.o [3]
  .text              ro code   0x800'1400     0x6  ABImemclr4.o [3]
  .text              ro code   0x800'1408   0x274  I64DivMod.o [3]
  .text              ro code   0x800'167c    0x24  stm32l1xx_hal.o [1]
  .text              ro code   0x800'16a0    0x50  gpio.o [1]
  .text              ro code   0x800'16f0    0xb8  spi.o [1]
  .text              ro code   0x800'17a8    0x28  stm32l1xx_hal.o [1]
  .text              ro code   0x800'17d0   0x828  stm32l1xx_hal_rcc.o [1]
  .text              ro code   0x800'1ff8     0xc  stm32l1xx_hal.o [1]
  .text              ro code   0x800'2004    0x32  ABImemset48.o [3]
  .text              ro code   0x800'2038     0x2  I64DivZer.o [3]
  .text              ro code   0x800'203c   0x128  stm32l1xx_hal_cortex.o [1]
  .text              ro code   0x800'2164    0x60  stm32l1xx_hal.o [1]
  .text              ro code   0x800'21c4    0x48  stm32l1xx_hal_msp.o [1]
  .text              ro code   0x800'220c    0x54  system_stm32l1xx.o [1]
  .text              ro code   0x800'2260    0x2c  copy_init3.o [3]
  .text              ro code   0x800'228c    0x28  data_init.o [3]
  .iar.init_table    const     0x800'22b4    0x24  - Linker created -
  .text              ro code   0x800'22d8    0x1e  cmain.o [3]
  .text              ro code   0x800'22f6     0x4  low_level_init.o [2]
  .text              ro code   0x800'22fa     0x4  exit.o [2]
  .text              ro code   0x800'2300     0xa  cexit.o [3]
  .text              ro code   0x800'230c    0x14  exit.o [4]
  .text              ro code   0x800'2320    0x18  stm32l1xx_hal.o [1]
  .text              ro code   0x800'2338    0x18  stm32l1xx_it.o [1]
  Initializer bytes  const     0x800'2350    0x18  <for P2-1>
  .rodata            const     0x800'2368    0x14  main.o [1]
  .rodata            const     0x800'237c    0x10  system_stm32l1xx.o [1]
  .text              ro code   0x800'238c    0x10  startup_stm32l152xc.o [1]
  .rodata            const     0x800'239c     0xc  system_stm32l1xx.o [1]
  .text              ro code   0x800'23a8     0xc  cstartup_M.o [3]
  .rodata            const     0x800'23b4     0x4  main.o [1]
  .text              ro code   0x800'23b8     0x4  startup_stm32l152xc.o [1]
  .text              ro code   0x800'23bc     0x4  startup_stm32l152xc.o [1]
  .text              ro code   0x800'23c0     0x4  startup_stm32l152xc.o [1]
  .text              ro code   0x800'23c4     0x4  startup_stm32l152xc.o [1]
  .text              ro code   0x800'23c8     0x4  startup_stm32l152xc.o [1]
  .text              ro code   0x800'23cc     0x4  startup_stm32l152xc.o [1]
  .text              ro code   0x800'23d0     0x4  startup_stm32l152xc.o [1]
  .text              ro code   0x800'23d4     0x4  startup_stm32l152xc.o [1]
  .text              ro code   0x800'23d8     0x4  startup_stm32l152xc.o [1]
  .text              ro code   0x800'23dc     0x4  startup_stm32l152xc.o [1]
  .text              ro code   0x800'23e0     0x4  startup_stm32l152xc.o [1]
  .text              ro code   0x800'23e4     0x4  startup_stm32l152xc.o [1]
  .text              ro code   0x800'23e8     0x4  startup_stm32l152xc.o [1]
  .text              ro code   0x800'23ec     0x4  startup_stm32l152xc.o [1]
  .text              ro code   0x800'23f0     0x4  startup_stm32l152xc.o [1]
  .text              ro code   0x800'23f4     0x4  startup_stm32l152xc.o [1]
  .text              ro code   0x800'23f8     0x4  startup_stm32l152xc.o [1]
  .text              ro code   0x800'23fc     0x4  startup_stm32l152xc.o [1]
  .text              ro code   0x800'2400     0x4  startup_stm32l152xc.o [1]
  .text              ro code   0x800'2404     0x4  startup_stm32l152xc.o [1]
  .text              ro code   0x800'2408     0x4  startup_stm32l152xc.o [1]
  .text              ro code   0x800'240c     0x4  startup_stm32l152xc.o [1]
  .text              ro code   0x800'2410     0x4  startup_stm32l152xc.o [1]
  .text              ro code   0x800'2414     0x4  startup_stm32l152xc.o [1]
  .text              ro code   0x800'2418     0x4  startup_stm32l152xc.o [1]
  .text              ro code   0x800'241c     0x4  startup_stm32l152xc.o [1]
  .text              ro code   0x800'2420     0x4  startup_stm32l152xc.o [1]
  .text              ro code   0x800'2424     0x4  startup_stm32l152xc.o [1]
  .text              ro code   0x800'2428     0x4  startup_stm32l152xc.o [1]
  .text              ro code   0x800'242c     0x4  startup_stm32l152xc.o [1]
  .text              ro code   0x800'2430     0x4  startup_stm32l152xc.o [1]
  .text              ro code   0x800'2434     0x4  startup_stm32l152xc.o [1]
  .text              ro code   0x800'2438     0x4  startup_stm32l152xc.o [1]
  .text              ro code   0x800'243c     0x4  startup_stm32l152xc.o [1]
  .text              ro code   0x800'2440     0x4  startup_stm32l152xc.o [1]
  .text              ro code   0x800'2444     0x4  startup_stm32l152xc.o [1]
  .text              ro code   0x800'2448     0x4  startup_stm32l152xc.o [1]
  .text              ro code   0x800'244c     0x4  startup_stm32l152xc.o [1]
  .text              ro code   0x800'2450     0x4  startup_stm32l152xc.o [1]
  .text              ro code   0x800'2454     0x4  startup_stm32l152xc.o [1]
  .text              ro code   0x800'2458     0x4  startup_stm32l152xc.o [1]
  .text              ro code   0x800'245c     0x4  startup_stm32l152xc.o [1]
  .text              ro code   0x800'2460     0x4  startup_stm32l152xc.o [1]
  .text              ro code   0x800'2464     0x4  startup_stm32l152xc.o [1]
  .text              ro code   0x800'2468     0x4  startup_stm32l152xc.o [1]
  .text              ro code   0x800'246c     0x4  startup_stm32l152xc.o [1]
  .text              ro code   0x800'2470     0x4  startup_stm32l152xc.o [1]
  .text              ro code   0x800'2474     0x4  startup_stm32l152xc.o [1]
  .text              ro code   0x800'2478     0x4  startup_stm32l152xc.o [1]
  .text              ro code   0x800'247c     0x4  startup_stm32l152xc.o [1]
  .text              ro code   0x800'2480     0x4  startup_stm32l152xc.o [1]
  .text              ro code   0x800'2484     0x4  startup_stm32l152xc.o [1]
  .text              ro code   0x800'2488     0x4  startup_stm32l152xc.o [1]
  .rodata            const     0x800'248c     0x0  zero_init3.o [3]
  .rodata            const     0x800'248c     0x0  copy_init3.o [3]
                             - 0x800'248c  0x2368

"P2", part 1 of 3:                           0x18
  P2-1                        0x2000'0000    0x16  <Init block>
    .data            inited   0x2000'0000     0x4  main.o [1]
    .data            inited   0x2000'0004     0x4  main.o [1]
    .data            inited   0x2000'0008     0x4  stm32l1xx_hal.o [1]
    .data            inited   0x2000'000c     0x4  stm32l1xx_hal.o [1]
    .data            inited   0x2000'0010     0x4  system_stm32l1xx.o [1]
    .data            inited   0x2000'0014     0x1  main.o [1]
    .data            inited   0x2000'0015     0x1  main.o [1]
                            - 0x2000'0016    0x16

"P2", part 2 of 3:                           0x64
  .bss               zero     0x2000'0018    0x58  spi.o [1]
  .bss               zero     0x2000'0070     0x4  main.o [1]
  .bss               zero     0x2000'0074     0x4  stm32l1xx_hal.o [1]
  .bss               zero     0x2000'0078     0x1  main.o [1]
                            - 0x2000'0079    0x61

"P2", part 3 of 3:                          0x400
  CSTACK                      0x2000'0080   0x400  <Block>
    CSTACK           uninit   0x2000'0080   0x400  <Block tail>
                            - 0x2000'0480   0x400

Unused ranges:

         From           To      Size
         ----           --      ----
   0x800'248c   0x803'ffff  0x3'db74
  0x2000'007c  0x2000'007f       0x4
  0x2000'0480  0x2000'7fff    0x7b80


*******************************************************************************
*** INIT TABLE
***

          Address      Size
          -------      ----
Zero (__iar_zero_init3)
    1 destination range, total size 0x61:
          0x2000'0018  0x61

Copy (__iar_copy_init3)
    1 source range, total size 0x18 (109% of destination):
           0x800'2350  0x18
    1 destination range, total size 0x16:
          0x2000'0000  0x16



*******************************************************************************
*** MODULE SUMMARY
***

    Module                  ro code  ro data  rw data
    ------                  -------  -------  -------
command line/config:
    -------------------------------------------------
    Total:

C:\pic\testbench\EWARM\testbench\Obj: [1]
    gpio.o                       80
    main.o                    2 190       34       15
    spi.o                       184                88
    startup_stm32l152xc.o       520
    stm32l1xx_hal.o             208        8       12
    stm32l1xx_hal_cortex.o      296
    stm32l1xx_hal_gpio.o        532
    stm32l1xx_hal_msp.o          72
    stm32l1xx_hal_rcc.o       2 088
    stm32l1xx_hal_spi.o       1 910
    stm32l1xx_it.o               24
    system_stm32l1xx.o           84       32        4
    -------------------------------------------------
    Total:                    8 188       74      119

dl7M_tln.a: [2]
    exit.o                        4
    low_level_init.o              4
    -------------------------------------------------
    Total:                        8

rt7M_tl.a: [3]
    ABImemclr4.o                  6
    ABImemcpy.o                 134
    ABImemset48.o                50
    I64DivMod.o                 628
    I64DivZer.o                   2
    cexit.o                      10
    cmain.o                      30
    copy_init3.o                 44
    cstartup_M.o                 12
    data_init.o                  40
    zero_init3.o                 58
    -------------------------------------------------
    Total:                    1 014

shb_l.a: [4]
    exit.o                       20
    -------------------------------------------------
    Total:                       20

    Gaps                         14
    Linker created                        38    1 024
-----------------------------------------------------
    Grand Total:              9 244      112    1 143


*******************************************************************************
*** ENTRY LIST
***

Entry                       Address   Size  Type      Object
-----                       -------   ----  ----      ------
.iar.init_table$$Base    0x800'22b4          --   Gb  - Linker created -
.iar.init_table$$Limit   0x800'22d8          --   Gb  - Linker created -
?main                    0x800'22d9         Code  Gb  cmain.o [3]
AHBPrescTable            0x800'237c   0x10  Data  Gb  system_stm32l1xx.o [1]
BusFault_Handler         0x800'233f    0x2  Code  Gb  stm32l1xx_it.o [1]
CSTACK$$Base            0x2000'0080          --   Gb  - Linker created -
CSTACK$$Limit           0x2000'0480          --   Gb  - Linker created -
DebugMon_Handler         0x800'2345    0x2  Code  Gb  stm32l1xx_it.o [1]
Error_Handler            0x800'09b1    0x2  Code  Gb  main.o [1]
Ferr_old                0x2000'0004    0x4  Data  Gb  main.o [1]
Ftarget                 0x2000'0000    0x4  Data  Gb  main.o [1]
HAL_Delay                0x800'17a9   0x28  Code  Wk  stm32l1xx_hal.o [1]
HAL_GPIO_Init            0x800'09ed  0x1ce  Code  Gb  stm32l1xx_hal_gpio.o [1]
HAL_GPIO_WritePin        0x800'0bbb   0x1a  Code  Gb  stm32l1xx_hal_gpio.o [1]
HAL_GetTick              0x800'1ff9    0xc  Code  Wk  stm32l1xx_hal.o [1]
HAL_IncTick              0x800'2321   0x18  Code  Wk  stm32l1xx_hal.o [1]
HAL_Init                 0x800'167d   0x24  Code  Gb  stm32l1xx_hal.o [1]
HAL_InitTick             0x800'2165   0x60  Code  Wk  stm32l1xx_hal.o [1]
HAL_MspInit              0x800'21c5   0x48  Code  Gb  stm32l1xx_hal_msp.o [1]
HAL_NVIC_SetPriority     0x800'2111   0x2a  Code  Gb  stm32l1xx_hal_cortex.o [1]
HAL_NVIC_SetPriorityGrouping
                         0x800'2105    0xc  Code  Gb  stm32l1xx_hal_cortex.o [1]
HAL_RCC_ClockConfig      0x800'1cf7  0x1c6  Code  Gb  stm32l1xx_hal_rcc.o [1]
HAL_RCC_GetSysClockFreq
                         0x800'1ebd   0x72  Code  Gb  stm32l1xx_hal_rcc.o [1]
HAL_RCC_OscConfig        0x800'17d1  0x526  Code  Gb  stm32l1xx_hal_rcc.o [1]
HAL_SPI_Init             0x800'0c01   0x8e  Code  Gb  stm32l1xx_hal_spi.o [1]
HAL_SPI_MspInit          0x800'1737   0x5e  Code  Gb  spi.o [1]
HAL_SPI_Receive          0x800'0e39  0x170  Code  Gb  stm32l1xx_hal_spi.o [1]
HAL_SPI_Transmit         0x800'0c8f  0x1aa  Code  Gb  stm32l1xx_hal_spi.o [1]
HAL_SPI_TransmitReceive
                         0x800'0fa9  0x23c  Code  Gb  stm32l1xx_hal_spi.o [1]
HAL_SYSTICK_Config       0x800'213b    0xc  Code  Gb  stm32l1xx_hal_cortex.o [1]
HardFault_Handler        0x800'233b    0x2  Code  Gb  stm32l1xx_it.o [1]
MX_GPIO_Init             0x800'16a1   0x50  Code  Gb  gpio.o [1]
MX_SPI1_Init             0x800'16f1   0x46  Code  Gb  spi.o [1]
MemManage_Handler        0x800'233d    0x2  Code  Gb  stm32l1xx_it.o [1]
NMI_Handler              0x800'2339    0x2  Code  Gb  stm32l1xx_it.o [1]
NVIC_EncodePriority      0x800'2095   0x40  Code  Lc  stm32l1xx_hal_cortex.o [1]
PLLMulTable              0x800'239c    0xc  Data  Gb  system_stm32l1xx.o [1]
PendSV_Handler           0x800'2347    0x2  Code  Gb  stm32l1xx_it.o [1]
RCC_SetFlashLatencyFromMSIRange
                         0x800'1f2f   0x86  Code  Lc  stm32l1xx_hal_rcc.o [1]
Region$$Table$$Base      0x800'22b4          --   Gb  - Linker created -
Region$$Table$$Limit     0x800'22d8          --   Gb  - Linker created -
SPI_EndRxTransaction     0x800'1285   0x9a  Code  Lc  stm32l1xx_hal_spi.o [1]
SPI_EndRxTxTransaction   0x800'131f   0x58  Code  Lc  stm32l1xx_hal_spi.o [1]
SPI_WaitFlagStateUntilTimeout
                         0x800'11e5   0xa0  Code  Lc  stm32l1xx_hal_spi.o [1]
SVC_Handler              0x800'2343    0x2  Code  Gb  stm32l1xx_it.o [1]
SX1976_AFC               0x800'0637  0x138  Code  Gb  main.o [1]
SX1976_Init              0x800'076f  0x174  Code  Gb  main.o [1]
SX1976_OnRX              0x800'03f5  0x242  Code  Gb  main.o [1]
SX1976_OnTX              0x800'0393   0x62  Code  Gb  main.o [1]
SX1976_Poll              0x800'0337   0x3c  Code  Gb  main.o [1]
SX1976_RX_Reset          0x800'0373   0x14  Code  Gb  main.o [1]
SX1976_TX_Reset          0x800'0387    0xc  Code  Gb  main.o [1]
SysTick_Config           0x800'20d5   0x30  Code  Lc  stm32l1xx_hal_cortex.o [1]
SysTick_Handler          0x800'2349    0x8  Code  Gb  stm32l1xx_it.o [1]
SystemClock_Config       0x800'0907   0x6e  Code  Gb  main.o [1]
SystemCoreClock         0x2000'0010    0x4  Data  Gb  system_stm32l1xx.o [1]
SystemInit               0x800'220d   0x3c  Code  Gb  system_stm32l1xx.o [1]
UsageFault_Handler       0x800'2341    0x2  Code  Gb  stm32l1xx_it.o [1]
__NVIC_GetPriorityGrouping
                         0x800'205f    0xa  Code  Lc  stm32l1xx_hal_cortex.o [1]
__NVIC_SetPriority       0x800'2069   0x2c  Code  Lc  stm32l1xx_hal_cortex.o [1]
__NVIC_SetPriorityGrouping
                         0x800'203d   0x22  Code  Lc  stm32l1xx_hal_cortex.o [1]
__aeabi_ldiv0            0x800'2039         Code  Gb  I64DivZer.o [3]
__aeabi_ldivmod          0x800'1409         Code  Gb  I64DivMod.o [3]
__aeabi_memclr4          0x800'1401         Code  Gb  ABImemclr4.o [3]
__aeabi_memcpy4          0x800'1379         Code  Gb  ABImemcpy.o [3]
__aeabi_memcpy8          0x800'1379         Code  Gb  ABImemcpy.o [3]
__aeabi_uldivmod         0x800'144d         Code  Gb  I64DivMod.o [3]
__cmain                  0x800'22d9         Code  Gb  cmain.o [3]
__exit                   0x800'230d   0x14  Code  Gb  exit.o [4]
__iar_Memset4_word       0x800'2005         Code  Gb  ABImemset48.o [3]
__iar_Memset8_word       0x800'2005         Code  Gb  ABImemset48.o [3]
__iar_copy_init3         0x800'2261   0x2c  Code  Gb  copy_init3.o [3]
__iar_data_init3         0x800'228d   0x28  Code  Gb  data_init.o [3]
__iar_program_start      0x800'23a9         Code  Gb  cstartup_M.o [3]
__iar_zero_init3         0x800'09b3   0x3a  Code  Gb  zero_init3.o [3]
__low_level_init         0x800'22f7    0x4  Code  Gb  low_level_init.o [2]
__vector_table           0x800'0000         Data  Gb  startup_stm32l152xc.o [1]
_call_main               0x800'22e5         Code  Gb  cmain.o [3]
_exit                    0x800'2301         Code  Gb  cexit.o [3]
_main                    0x800'22f3         Code  Gb  cmain.o [3]
convert                  0x800'0125    0x8  Code  Gb  main.o [1]
counter                 0x2000'0078    0x1  Data  Gb  main.o [1]
exit                     0x800'22fb    0x4  Code  Gb  exit.o [2]
frf                     0x2000'0070    0x4  Data  Gb  main.o [1]
hspi1                   0x2000'0018   0x58  Data  Gb  spi.o [1]
main                     0x800'08e3   0x24  Code  Gb  main.o [1]
read                     0x800'0289   0x6a  Code  Lc  main.o [1]
suspend_afr             0x2000'0015    0x1  Data  Gb  main.o [1]
tx                      0x2000'0014    0x1  Data  Gb  main.o [1]
uwTick                  0x2000'0074    0x4  Data  Gb  stm32l1xx_hal.o [1]
uwTickFreq              0x2000'000c    0x4  Data  Gb  stm32l1xx_hal.o [1]
uwTickPrio              0x2000'0008    0x4  Data  Gb  stm32l1xx_hal.o [1]
write                    0x800'02f3   0x44  Code  Lc  main.o [1]
write_and_retry          0x800'012d   0xac  Code  Lc  main.o [1]
write_and_verify         0x800'01d9   0xb0  Code  Lc  main.o [1]


[1] = C:\pic\testbench\EWARM\testbench\Obj
[2] = dl7M_tln.a
[3] = rt7M_tl.a
[4] = shb_l.a

  9 244 bytes of readonly  code memory
    112 bytes of readonly  data memory
  1 143 bytes of readwrite data memory

Errors: none
Warnings: none
