###############################################################################
#
# IAR ELF Linker V8.30.1.114/W32 for ARM                  29/Jun/2020  22:50:48
# Copyright 2007-2018 IAR Systems AB.
#
#    Output file  =  C:\pic\testbench\EWARM\testbench\Exe\testbench.out
#    Map file     =  C:\pic\testbench\EWARM\testbench\List\testbench.map
#    Command line =  
#        -f C:\Users\VLADIS~1\AppData\Local\Temp\EW9AAE.tmp
#        (C:\pic\testbench\EWARM\testbench\Obj\gpio.o
#        C:\pic\testbench\EWARM\testbench\Obj\main.o
#        C:\pic\testbench\EWARM\testbench\Obj\spi.o
#        C:\pic\testbench\EWARM\testbench\Obj\startup_stm32l152xc.o
#        C:\pic\testbench\EWARM\testbench\Obj\stm32l1xx_hal.o
#        C:\pic\testbench\EWARM\testbench\Obj\stm32l1xx_hal_cortex.o
#        C:\pic\testbench\EWARM\testbench\Obj\stm32l1xx_hal_dma.o
#        C:\pic\testbench\EWARM\testbench\Obj\stm32l1xx_hal_flash.o
#        C:\pic\testbench\EWARM\testbench\Obj\stm32l1xx_hal_flash_ex.o
#        C:\pic\testbench\EWARM\testbench\Obj\stm32l1xx_hal_flash_ramfunc.o
#        C:\pic\testbench\EWARM\testbench\Obj\stm32l1xx_hal_gpio.o
#        C:\pic\testbench\EWARM\testbench\Obj\stm32l1xx_hal_msp.o
#        C:\pic\testbench\EWARM\testbench\Obj\stm32l1xx_hal_pwr.o
#        C:\pic\testbench\EWARM\testbench\Obj\stm32l1xx_hal_pwr_ex.o
#        C:\pic\testbench\EWARM\testbench\Obj\stm32l1xx_hal_rcc.o
#        C:\pic\testbench\EWARM\testbench\Obj\stm32l1xx_hal_rcc_ex.o
#        C:\pic\testbench\EWARM\testbench\Obj\stm32l1xx_hal_spi.o
#        C:\pic\testbench\EWARM\testbench\Obj\stm32l1xx_hal_tim.o
#        C:\pic\testbench\EWARM\testbench\Obj\stm32l1xx_hal_tim_ex.o
#        C:\pic\testbench\EWARM\testbench\Obj\stm32l1xx_it.o
#        C:\pic\testbench\EWARM\testbench\Obj\system_stm32l1xx.o --redirect
#        _Printf=_PrintfFull --redirect _Scanf=_ScanfFull --no_out_extension -o
#        C:\pic\testbench\EWARM\testbench\Exe\testbench.out --map
#        C:\pic\testbench\EWARM\testbench\List\testbench.map --config
#        C:\pic\testbench\EWARM/stm32l152xc_flash.icf --semihosting --entry
#        __iar_program_start --vfe --text_out locale)
#
###############################################################################

*******************************************************************************
*** RUNTIME MODEL ATTRIBUTES
***

CppFlavor       = *
__SystemLibrary = DLib
__dlib_version  = 6


*******************************************************************************
*** HEAP SELECTION
***

The basic heap was selected because no calls to memory allocation
functions were found in the application outside of system library
functions, and there are calls to deallocation functions in the
application.


*******************************************************************************
*** PLACEMENT SUMMARY
***

"A0":  place at 0x800'0000 { ro section .intvec };
"P1":  place in [from 0x800'0000 to 0x803'ffff] { ro };
define block CSTACK with size = 1K, alignment = 8 { };
define block HEAP with size = 512, alignment = 8 { };
"P2":  place in [from 0x2000'0000 to 0x2000'7fff] {
          rw, block CSTACK, block HEAP };
initialize by copy { rw };

  Section            Kind         Address    Size  Object
  -------            ----         -------    ----  ------
"A0":                                       0x124
  .intvec            ro code   0x800'0000   0x124  startup_stm32l152xc.o [1]
                             - 0x800'0124   0x124

"P1":                                      0x2200
  .text              ro code   0x800'0124   0x828  stm32l1xx_hal_rcc.o [1]
  .text              ro code   0x800'094c     0xc  stm32l1xx_hal.o [1]
  .text              ro code   0x800'0958    0x60  stm32l1xx_hal.o [1]
  .text              ro code   0x800'09b8   0x128  stm32l1xx_hal_cortex.o [1]
  .text              ro code   0x800'0ae0   0x776  stm32l1xx_hal_spi.o [1]
  .text              ro code   0x800'1256    0x3a  zero_init3.o [3]
  .text              ro code   0x800'1290    0xb8  spi.o [1]
  .text              ro code   0x800'1348   0x74e  main.o [1]
  .text              ro code   0x800'1a98     0x6  ABImemclr4.o [3]
  .text              ro code   0x800'1aa0   0x214  stm32l1xx_hal_gpio.o [1]
  .text              ro code   0x800'1cb4    0x86  ABImemcpy.o [3]
  .text              ro code   0x800'1d3c   0x274  I64DivMod.o [3]
  .text              ro code   0x800'1fb0    0x24  stm32l1xx_hal.o [1]
  .text              ro code   0x800'1fd4    0x50  gpio.o [1]
  .text              ro code   0x800'2024    0x32  ABImemset48.o [3]
  .text              ro code   0x800'2058     0x2  I64DivZer.o [3]
  .text              ro code   0x800'205c    0x48  stm32l1xx_hal_msp.o [1]
  .text              ro code   0x800'20a4    0x54  system_stm32l1xx.o [1]
  .text              ro code   0x800'20f8    0x2c  copy_init3.o [3]
  .text              ro code   0x800'2124    0x28  data_init.o [3]
  .iar.init_table    const     0x800'214c    0x24  - Linker created -
  .text              ro code   0x800'2170    0x1e  cmain.o [3]
  .text              ro code   0x800'218e     0x4  low_level_init.o [2]
  .text              ro code   0x800'2192     0x4  exit.o [2]
  .text              ro code   0x800'2198     0xa  cexit.o [3]
  .text              ro code   0x800'21a4    0x14  exit.o [4]
  .text              ro code   0x800'21b8    0x18  stm32l1xx_hal.o [1]
  .text              ro code   0x800'21d0    0x18  stm32l1xx_it.o [1]
  Initializer bytes  const     0x800'21e8    0x18  <for P2-1>
  .rodata            const     0x800'2200    0x14  main.o [1]
  .rodata            const     0x800'2214    0x10  system_stm32l1xx.o [1]
  .text              ro code   0x800'2224    0x10  startup_stm32l152xc.o [1]
  .rodata            const     0x800'2234     0xc  system_stm32l1xx.o [1]
  .text              ro code   0x800'2240     0xc  cstartup_M.o [3]
  .rodata            const     0x800'224c     0x4  main.o [1]
  .text              ro code   0x800'2250     0x4  startup_stm32l152xc.o [1]
  .text              ro code   0x800'2254     0x4  startup_stm32l152xc.o [1]
  .text              ro code   0x800'2258     0x4  startup_stm32l152xc.o [1]
  .text              ro code   0x800'225c     0x4  startup_stm32l152xc.o [1]
  .text              ro code   0x800'2260     0x4  startup_stm32l152xc.o [1]
  .text              ro code   0x800'2264     0x4  startup_stm32l152xc.o [1]
  .text              ro code   0x800'2268     0x4  startup_stm32l152xc.o [1]
  .text              ro code   0x800'226c     0x4  startup_stm32l152xc.o [1]
  .text              ro code   0x800'2270     0x4  startup_stm32l152xc.o [1]
  .text              ro code   0x800'2274     0x4  startup_stm32l152xc.o [1]
  .text              ro code   0x800'2278     0x4  startup_stm32l152xc.o [1]
  .text              ro code   0x800'227c     0x4  startup_stm32l152xc.o [1]
  .text              ro code   0x800'2280     0x4  startup_stm32l152xc.o [1]
  .text              ro code   0x800'2284     0x4  startup_stm32l152xc.o [1]
  .text              ro code   0x800'2288     0x4  startup_stm32l152xc.o [1]
  .text              ro code   0x800'228c     0x4  startup_stm32l152xc.o [1]
  .text              ro code   0x800'2290     0x4  startup_stm32l152xc.o [1]
  .text              ro code   0x800'2294     0x4  startup_stm32l152xc.o [1]
  .text              ro code   0x800'2298     0x4  startup_stm32l152xc.o [1]
  .text              ro code   0x800'229c     0x4  startup_stm32l152xc.o [1]
  .text              ro code   0x800'22a0     0x4  startup_stm32l152xc.o [1]
  .text              ro code   0x800'22a4     0x4  startup_stm32l152xc.o [1]
  .text              ro code   0x800'22a8     0x4  startup_stm32l152xc.o [1]
  .text              ro code   0x800'22ac     0x4  startup_stm32l152xc.o [1]
  .text              ro code   0x800'22b0     0x4  startup_stm32l152xc.o [1]
  .text              ro code   0x800'22b4     0x4  startup_stm32l152xc.o [1]
  .text              ro code   0x800'22b8     0x4  startup_stm32l152xc.o [1]
  .text              ro code   0x800'22bc     0x4  startup_stm32l152xc.o [1]
  .text              ro code   0x800'22c0     0x4  startup_stm32l152xc.o [1]
  .text              ro code   0x800'22c4     0x4  startup_stm32l152xc.o [1]
  .text              ro code   0x800'22c8     0x4  startup_stm32l152xc.o [1]
  .text              ro code   0x800'22cc     0x4  startup_stm32l152xc.o [1]
  .text              ro code   0x800'22d0     0x4  startup_stm32l152xc.o [1]
  .text              ro code   0x800'22d4     0x4  startup_stm32l152xc.o [1]
  .text              ro code   0x800'22d8     0x4  startup_stm32l152xc.o [1]
  .text              ro code   0x800'22dc     0x4  startup_stm32l152xc.o [1]
  .text              ro code   0x800'22e0     0x4  startup_stm32l152xc.o [1]
  .text              ro code   0x800'22e4     0x4  startup_stm32l152xc.o [1]
  .text              ro code   0x800'22e8     0x4  startup_stm32l152xc.o [1]
  .text              ro code   0x800'22ec     0x4  startup_stm32l152xc.o [1]
  .text              ro code   0x800'22f0     0x4  startup_stm32l152xc.o [1]
  .text              ro code   0x800'22f4     0x4  startup_stm32l152xc.o [1]
  .text              ro code   0x800'22f8     0x4  startup_stm32l152xc.o [1]
  .text              ro code   0x800'22fc     0x4  startup_stm32l152xc.o [1]
  .text              ro code   0x800'2300     0x4  startup_stm32l152xc.o [1]
  .text              ro code   0x800'2304     0x4  startup_stm32l152xc.o [1]
  .text              ro code   0x800'2308     0x4  startup_stm32l152xc.o [1]
  .text              ro code   0x800'230c     0x4  startup_stm32l152xc.o [1]
  .text              ro code   0x800'2310     0x4  startup_stm32l152xc.o [1]
  .text              ro code   0x800'2314     0x4  startup_stm32l152xc.o [1]
  .text              ro code   0x800'2318     0x4  startup_stm32l152xc.o [1]
  .text              ro code   0x800'231c     0x4  startup_stm32l152xc.o [1]
  .text              ro code   0x800'2320     0x4  startup_stm32l152xc.o [1]
  .rodata            const     0x800'2324     0x0  zero_init3.o [3]
  .rodata            const     0x800'2324     0x0  copy_init3.o [3]
                             - 0x800'2324  0x2200

"P2", part 1 of 3:                           0x18
  P2-1                        0x2000'0000    0x16  <Init block>
    .data            inited   0x2000'0000     0x4  main.o [1]
    .data            inited   0x2000'0004     0x4  main.o [1]
    .data            inited   0x2000'0008     0x4  stm32l1xx_hal.o [1]
    .data            inited   0x2000'000c     0x4  stm32l1xx_hal.o [1]
    .data            inited   0x2000'0010     0x4  system_stm32l1xx.o [1]
    .data            inited   0x2000'0014     0x1  main.o [1]
    .data            inited   0x2000'0015     0x1  main.o [1]
                            - 0x2000'0016    0x16

"P2", part 2 of 3:                           0x64
  .bss               zero     0x2000'0018    0x58  spi.o [1]
  .bss               zero     0x2000'0070     0x4  main.o [1]
  .bss               zero     0x2000'0074     0x4  stm32l1xx_hal.o [1]
  .bss               zero     0x2000'0078     0x1  main.o [1]
                            - 0x2000'0079    0x61

"P2", part 3 of 3:                          0x400
  CSTACK                      0x2000'0080   0x400  <Block>
    CSTACK           uninit   0x2000'0080   0x400  <Block tail>
                            - 0x2000'0480   0x400

Unused ranges:

         From           To      Size
         ----           --      ----
   0x800'2324   0x803'ffff  0x3'dcdc
  0x2000'007c  0x2000'007f       0x4
  0x2000'0480  0x2000'7fff    0x7b80


*******************************************************************************
*** INIT TABLE
***

          Address      Size
          -------      ----
Zero (__iar_zero_init3)
    1 destination range, total size 0x61:
          0x2000'0018  0x61

Copy (__iar_copy_init3)
    1 source range, total size 0x18 (109% of destination):
           0x800'21e8  0x18
    1 destination range, total size 0x16:
          0x2000'0000  0x16



*******************************************************************************
*** MODULE SUMMARY
***

    Module                  ro code  ro data  rw data
    ------                  -------  -------  -------
command line/config:
    -------------------------------------------------
    Total:

C:\pic\testbench\EWARM\testbench\Obj: [1]
    gpio.o                       80
    main.o                    1 870       34       15
    spi.o                       184                88
    startup_stm32l152xc.o       520
    stm32l1xx_hal.o             168        8       12
    stm32l1xx_hal_cortex.o      296
    stm32l1xx_hal_gpio.o        532
    stm32l1xx_hal_msp.o          72
    stm32l1xx_hal_rcc.o       2 088
    stm32l1xx_hal_spi.o       1 910
    stm32l1xx_it.o               24
    system_stm32l1xx.o           84       32        4
    -------------------------------------------------
    Total:                    7 828       74      119

dl7M_tln.a: [2]
    exit.o                        4
    low_level_init.o              4
    -------------------------------------------------
    Total:                        8

rt7M_tl.a: [3]
    ABImemclr4.o                  6
    ABImemcpy.o                 134
    ABImemset48.o                50
    I64DivMod.o                 628
    I64DivZer.o                   2
    cexit.o                      10
    cmain.o                      30
    copy_init3.o                 44
    cstartup_M.o                 12
    data_init.o                  40
    zero_init3.o                 58
    -------------------------------------------------
    Total:                    1 014

shb_l.a: [4]
    exit.o                       20
    -------------------------------------------------
    Total:                       20

    Gaps                         14
    Linker created                        38    1 024
-----------------------------------------------------
    Grand Total:              8 884      112    1 143


*******************************************************************************
*** ENTRY LIST
***

Entry                       Address   Size  Type      Object
-----                       -------   ----  ----      ------
.iar.init_table$$Base    0x800'214c          --   Gb  - Linker created -
.iar.init_table$$Limit   0x800'2170          --   Gb  - Linker created -
?main                    0x800'2171         Code  Gb  cmain.o [3]
AHBPrescTable            0x800'2214   0x10  Data  Gb  system_stm32l1xx.o [1]
BusFault_Handler         0x800'21d7    0x2  Code  Gb  stm32l1xx_it.o [1]
CSTACK$$Base            0x2000'0080          --   Gb  - Linker created -
CSTACK$$Limit           0x2000'0480          --   Gb  - Linker created -
DebugMon_Handler         0x800'21dd    0x2  Code  Gb  stm32l1xx_it.o [1]
Error_Handler            0x800'1a95    0x2  Code  Gb  main.o [1]
Ferr_old                0x2000'0004    0x4  Data  Gb  main.o [1]
Ftarget                 0x2000'0000    0x4  Data  Gb  main.o [1]
HAL_GPIO_Init            0x800'1aa1  0x1ce  Code  Gb  stm32l1xx_hal_gpio.o [1]
HAL_GPIO_WritePin        0x800'1c6f   0x1a  Code  Gb  stm32l1xx_hal_gpio.o [1]
HAL_GetTick              0x800'094d    0xc  Code  Wk  stm32l1xx_hal.o [1]
HAL_IncTick              0x800'21b9   0x18  Code  Wk  stm32l1xx_hal.o [1]
HAL_Init                 0x800'1fb1   0x24  Code  Gb  stm32l1xx_hal.o [1]
HAL_InitTick             0x800'0959   0x60  Code  Wk  stm32l1xx_hal.o [1]
HAL_MspInit              0x800'205d   0x48  Code  Gb  stm32l1xx_hal_msp.o [1]
HAL_NVIC_SetPriority     0x800'0a8d   0x2a  Code  Gb  stm32l1xx_hal_cortex.o [1]
HAL_NVIC_SetPriorityGrouping
                         0x800'0a81    0xc  Code  Gb  stm32l1xx_hal_cortex.o [1]
HAL_RCC_ClockConfig      0x800'064b  0x1c6  Code  Gb  stm32l1xx_hal_rcc.o [1]
HAL_RCC_GetSysClockFreq
                         0x800'0811   0x72  Code  Gb  stm32l1xx_hal_rcc.o [1]
HAL_RCC_OscConfig        0x800'0125  0x526  Code  Gb  stm32l1xx_hal_rcc.o [1]
HAL_SPI_Init             0x800'0ae1   0x8e  Code  Gb  stm32l1xx_hal_spi.o [1]
HAL_SPI_MspInit          0x800'12d7   0x5e  Code  Gb  spi.o [1]
HAL_SPI_Receive          0x800'0d19  0x170  Code  Gb  stm32l1xx_hal_spi.o [1]
HAL_SPI_Transmit         0x800'0b6f  0x1aa  Code  Gb  stm32l1xx_hal_spi.o [1]
HAL_SPI_TransmitReceive
                         0x800'0e89  0x23c  Code  Gb  stm32l1xx_hal_spi.o [1]
HAL_SYSTICK_Config       0x800'0ab7    0xc  Code  Gb  stm32l1xx_hal_cortex.o [1]
HardFault_Handler        0x800'21d3    0x2  Code  Gb  stm32l1xx_it.o [1]
MX_GPIO_Init             0x800'1fd5   0x50  Code  Gb  gpio.o [1]
MX_SPI1_Init             0x800'1291   0x46  Code  Gb  spi.o [1]
MemManage_Handler        0x800'21d5    0x2  Code  Gb  stm32l1xx_it.o [1]
NMI_Handler              0x800'21d1    0x2  Code  Gb  stm32l1xx_it.o [1]
NVIC_EncodePriority      0x800'0a11   0x40  Code  Lc  stm32l1xx_hal_cortex.o [1]
PLLMulTable              0x800'2234    0xc  Data  Gb  system_stm32l1xx.o [1]
PendSV_Handler           0x800'21df    0x2  Code  Gb  stm32l1xx_it.o [1]
RCC_SetFlashLatencyFromMSIRange
                         0x800'0883   0x86  Code  Lc  stm32l1xx_hal_rcc.o [1]
Region$$Table$$Base      0x800'214c          --   Gb  - Linker created -
Region$$Table$$Limit     0x800'2170          --   Gb  - Linker created -
SPI_EndRxTransaction     0x800'1165   0x9a  Code  Lc  stm32l1xx_hal_spi.o [1]
SPI_EndRxTxTransaction   0x800'11ff   0x58  Code  Lc  stm32l1xx_hal_spi.o [1]
SPI_WaitFlagStateUntilTimeout
                         0x800'10c5   0xa0  Code  Lc  stm32l1xx_hal_spi.o [1]
SVC_Handler              0x800'21db    0x2  Code  Gb  stm32l1xx_it.o [1]
SX1976_AFC               0x800'1767  0x10e  Code  Gb  main.o [1]
SX1976_Init              0x800'1875  0x158  Code  Gb  main.o [1]
SX1976_OnRX              0x800'15ed  0x17a  Code  Gb  main.o [1]
SX1976_OnTX              0x800'158b   0x62  Code  Gb  main.o [1]
SX1976_Poll              0x800'152f   0x3c  Code  Gb  main.o [1]
SX1976_RX_Reset          0x800'156b   0x14  Code  Gb  main.o [1]
SX1976_TX_Reset          0x800'157f    0xc  Code  Gb  main.o [1]
SysTick_Config           0x800'0a51   0x30  Code  Lc  stm32l1xx_hal_cortex.o [1]
SysTick_Handler          0x800'21e1    0x8  Code  Gb  stm32l1xx_it.o [1]
SystemClock_Config       0x800'19e9   0x6e  Code  Gb  main.o [1]
SystemCoreClock         0x2000'0010    0x4  Data  Gb  system_stm32l1xx.o [1]
SystemInit               0x800'20a5   0x3c  Code  Gb  system_stm32l1xx.o [1]
UsageFault_Handler       0x800'21d9    0x2  Code  Gb  stm32l1xx_it.o [1]
__NVIC_GetPriorityGrouping
                         0x800'09db    0xa  Code  Lc  stm32l1xx_hal_cortex.o [1]
__NVIC_SetPriority       0x800'09e5   0x2c  Code  Lc  stm32l1xx_hal_cortex.o [1]
__NVIC_SetPriorityGrouping
                         0x800'09b9   0x22  Code  Lc  stm32l1xx_hal_cortex.o [1]
__aeabi_ldiv0            0x800'2059         Code  Gb  I64DivZer.o [3]
__aeabi_ldivmod          0x800'1d3d         Code  Gb  I64DivMod.o [3]
__aeabi_memclr4          0x800'1a99         Code  Gb  ABImemclr4.o [3]
__aeabi_memcpy4          0x800'1cb5         Code  Gb  ABImemcpy.o [3]
__aeabi_memcpy8          0x800'1cb5         Code  Gb  ABImemcpy.o [3]
__aeabi_uldivmod         0x800'1d81         Code  Gb  I64DivMod.o [3]
__cmain                  0x800'2171         Code  Gb  cmain.o [3]
__exit                   0x800'21a5   0x14  Code  Gb  exit.o [4]
__iar_Memset4_word       0x800'2025         Code  Gb  ABImemset48.o [3]
__iar_Memset8_word       0x800'2025         Code  Gb  ABImemset48.o [3]
__iar_copy_init3         0x800'20f9   0x2c  Code  Gb  copy_init3.o [3]
__iar_data_init3         0x800'2125   0x28  Code  Gb  data_init.o [3]
__iar_program_start      0x800'2241         Code  Gb  cstartup_M.o [3]
__iar_zero_init3         0x800'1257   0x3a  Code  Gb  zero_init3.o [3]
__low_level_init         0x800'218f    0x4  Code  Gb  low_level_init.o [2]
__vector_table           0x800'0000         Data  Gb  startup_stm32l152xc.o [1]
_call_main               0x800'217d         Code  Gb  cmain.o [3]
_exit                    0x800'2199         Code  Gb  cexit.o [3]
_main                    0x800'218b         Code  Gb  cmain.o [3]
counter                 0x2000'0078    0x1  Data  Gb  main.o [1]
exit                     0x800'2193    0x4  Code  Gb  exit.o [2]
frf                     0x2000'0070    0x4  Data  Gb  main.o [1]
hspi1                   0x2000'0018   0x58  Data  Gb  spi.o [1]
main                     0x800'19cd   0x1c  Code  Gb  main.o [1]
read                     0x800'148d   0x5e  Code  Lc  main.o [1]
suspend_afr             0x2000'0015    0x1  Data  Gb  main.o [1]
tx                      0x2000'0014    0x1  Data  Gb  main.o [1]
uwTick                  0x2000'0074    0x4  Data  Gb  stm32l1xx_hal.o [1]
uwTickFreq              0x2000'000c    0x4  Data  Gb  stm32l1xx_hal.o [1]
uwTickPrio              0x2000'0008    0x4  Data  Gb  stm32l1xx_hal.o [1]
write                    0x800'14eb   0x44  Code  Lc  main.o [1]
write_and_retry          0x800'1349   0xa0  Code  Lc  main.o [1]
write_and_verify         0x800'13e9   0xa4  Code  Lc  main.o [1]


[1] = C:\pic\testbench\EWARM\testbench\Obj
[2] = dl7M_tln.a
[3] = rt7M_tl.a
[4] = shb_l.a

  8 884 bytes of readonly  code memory
    112 bytes of readonly  data memory
  1 143 bytes of readwrite data memory

Errors: none
Warnings: none
