###############################################################################
#
# IAR ELF Linker V8.30.1.114/W32 for ARM                  23/Jun/2020  12:23:07
# Copyright 2007-2018 IAR Systems AB.
#
#    Output file  =  C:\pic\planecontroller\STSPIN32F0A_ESC\Exe\STSPIN32F0.out
#    Map file     =  C:\pic\planecontroller\STSPIN32F0A_ESC\List\STSPIN32F0.map
#    Command line =  
#        -f C:\Users\VLADIS~1\AppData\Local\Temp\EWF9B5.tmp
#        (C:\pic\planecontroller\STSPIN32F0A_ESC\Obj\6Step_Lib.o
#        C:\pic\planecontroller\STSPIN32F0A_ESC\Obj\main_32F0.o
#        C:\pic\planecontroller\STSPIN32F0A_ESC\Obj\startup_stm32f031x6.o
#        C:\pic\planecontroller\STSPIN32F0A_ESC\Obj\STEVAL-ESC002V1.o
#        C:\pic\planecontroller\STSPIN32F0A_ESC\Obj\stm32f0xx_hal.o
#        C:\pic\planecontroller\STSPIN32F0A_ESC\Obj\stm32f0xx_hal_adc.o
#        C:\pic\planecontroller\STSPIN32F0A_ESC\Obj\stm32f0xx_hal_adc_ex.o
#        C:\pic\planecontroller\STSPIN32F0A_ESC\Obj\stm32f0xx_hal_can.o
#        C:\pic\planecontroller\STSPIN32F0A_ESC\Obj\stm32f0xx_hal_cec.o
#        C:\pic\planecontroller\STSPIN32F0A_ESC\Obj\stm32f0xx_hal_comp.o
#        C:\pic\planecontroller\STSPIN32F0A_ESC\Obj\stm32f0xx_hal_cortex.o
#        C:\pic\planecontroller\STSPIN32F0A_ESC\Obj\stm32f0xx_hal_crc.o
#        C:\pic\planecontroller\STSPIN32F0A_ESC\Obj\stm32f0xx_hal_crc_ex.o
#        C:\pic\planecontroller\STSPIN32F0A_ESC\Obj\stm32f0xx_hal_dac.o
#        C:\pic\planecontroller\STSPIN32F0A_ESC\Obj\stm32f0xx_hal_dac_ex.o
#        C:\pic\planecontroller\STSPIN32F0A_ESC\Obj\stm32f0xx_hal_dma.o
#        C:\pic\planecontroller\STSPIN32F0A_ESC\Obj\stm32f0xx_hal_flash.o
#        C:\pic\planecontroller\STSPIN32F0A_ESC\Obj\stm32f0xx_hal_flash_ex.o
#        C:\pic\planecontroller\STSPIN32F0A_ESC\Obj\stm32f0xx_hal_gpio.o
#        C:\pic\planecontroller\STSPIN32F0A_ESC\Obj\stm32f0xx_hal_i2c.o
#        C:\pic\planecontroller\STSPIN32F0A_ESC\Obj\stm32f0xx_hal_i2c_ex.o
#        C:\pic\planecontroller\STSPIN32F0A_ESC\Obj\stm32f0xx_hal_i2s.o
#        C:\pic\planecontroller\STSPIN32F0A_ESC\Obj\stm32f0xx_hal_irda.o
#        C:\pic\planecontroller\STSPIN32F0A_ESC\Obj\stm32f0xx_hal_iwdg.o
#        C:\pic\planecontroller\STSPIN32F0A_ESC\Obj\stm32f0xx_hal_pcd.o
#        C:\pic\planecontroller\STSPIN32F0A_ESC\Obj\stm32f0xx_hal_pcd_ex.o
#        C:\pic\planecontroller\STSPIN32F0A_ESC\Obj\stm32f0xx_hal_pwr.o
#        C:\pic\planecontroller\STSPIN32F0A_ESC\Obj\stm32f0xx_hal_pwr_ex.o
#        C:\pic\planecontroller\STSPIN32F0A_ESC\Obj\stm32f0xx_hal_rcc.o
#        C:\pic\planecontroller\STSPIN32F0A_ESC\Obj\stm32f0xx_hal_rcc_ex.o
#        C:\pic\planecontroller\STSPIN32F0A_ESC\Obj\stm32f0xx_hal_rtc.o
#        C:\pic\planecontroller\STSPIN32F0A_ESC\Obj\stm32f0xx_hal_rtc_ex.o
#        C:\pic\planecontroller\STSPIN32F0A_ESC\Obj\stm32f0xx_hal_smartcard.o
#        C:\pic\planecontroller\STSPIN32F0A_ESC\Obj\stm32f0xx_hal_smartcard_ex.o
#        C:\pic\planecontroller\STSPIN32F0A_ESC\Obj\stm32f0xx_hal_smbus.o
#        C:\pic\planecontroller\STSPIN32F0A_ESC\Obj\stm32f0xx_hal_spi.o
#        C:\pic\planecontroller\STSPIN32F0A_ESC\Obj\stm32f0xx_hal_spi_ex.o
#        C:\pic\planecontroller\STSPIN32F0A_ESC\Obj\stm32f0xx_hal_tim.o
#        C:\pic\planecontroller\STSPIN32F0A_ESC\Obj\stm32f0xx_hal_tim_ex.o
#        C:\pic\planecontroller\STSPIN32F0A_ESC\Obj\stm32f0xx_hal_tsc.o
#        C:\pic\planecontroller\STSPIN32F0A_ESC\Obj\stm32f0xx_hal_uart.o
#        C:\pic\planecontroller\STSPIN32F0A_ESC\Obj\stm32f0xx_hal_uart_ex.o
#        C:\pic\planecontroller\STSPIN32F0A_ESC\Obj\stm32f0xx_hal_usart.o
#        C:\pic\planecontroller\STSPIN32F0A_ESC\Obj\stm32f0xx_hal_wwdg.o
#        C:\pic\planecontroller\STSPIN32F0A_ESC\Obj\stm32f0xx_ll_adc.o
#        C:\pic\planecontroller\STSPIN32F0A_ESC\Obj\stm32f0xx_ll_comp.o
#        C:\pic\planecontroller\STSPIN32F0A_ESC\Obj\stm32f0xx_ll_crc.o
#        C:\pic\planecontroller\STSPIN32F0A_ESC\Obj\stm32f0xx_ll_crs.o
#        C:\pic\planecontroller\STSPIN32F0A_ESC\Obj\stm32f0xx_ll_dac.o
#        C:\pic\planecontroller\STSPIN32F0A_ESC\Obj\stm32f0xx_ll_dma.o
#        C:\pic\planecontroller\STSPIN32F0A_ESC\Obj\stm32f0xx_ll_exti.o
#        C:\pic\planecontroller\STSPIN32F0A_ESC\Obj\stm32f0xx_ll_gpio.o
#        C:\pic\planecontroller\STSPIN32F0A_ESC\Obj\stm32f0xx_ll_i2c.o
#        C:\pic\planecontroller\STSPIN32F0A_ESC\Obj\stm32f0xx_ll_pwr.o
#        C:\pic\planecontroller\STSPIN32F0A_ESC\Obj\stm32f0xx_ll_rcc.o
#        C:\pic\planecontroller\STSPIN32F0A_ESC\Obj\stm32f0xx_ll_rtc.o
#        C:\pic\planecontroller\STSPIN32F0A_ESC\Obj\stm32f0xx_ll_spi.o
#        C:\pic\planecontroller\STSPIN32F0A_ESC\Obj\stm32f0xx_ll_tim.o
#        C:\pic\planecontroller\STSPIN32F0A_ESC\Obj\stm32f0xx_ll_usart.o
#        C:\pic\planecontroller\STSPIN32F0A_ESC\Obj\stm32f0xx_ll_utils.o
#        C:\pic\planecontroller\STSPIN32F0A_ESC\Obj\stspin32f0.o
#        C:\pic\planecontroller\STSPIN32F0A_ESC\Obj\stspin32f0_hal_msp.o
#        C:\pic\planecontroller\STSPIN32F0A_ESC\Obj\stspin32f0_it.o
#        C:\pic\planecontroller\STSPIN32F0A_ESC\Obj\system_stm32f0xx.o
#        C:\pic\planecontroller\STSPIN32F0A_ESC\Obj\UART_UI.o
#        --no_out_extension -o
#        C:\pic\planecontroller\STSPIN32F0A_ESC\Exe\STSPIN32F0.out --map
#        C:\pic\planecontroller\STSPIN32F0A_ESC\List\STSPIN32F0.map --config
#        "C:\Program Files (x86)\IAR Systems\Embedded Workbench
#        8.1\arm\config\linker\ST\stm32f031x6.icf" --semihosting --entry
#        __iar_program_start --vfe --text_out locale)
#
###############################################################################

*******************************************************************************
*** RUNTIME MODEL ATTRIBUTES
***

CppFlavor       = *
__SystemLibrary = DLib
__dlib_version  = 6


*******************************************************************************
*** HEAP SELECTION
***

The basic heap was selected because no calls to memory allocation
functions were found in the application outside of system library
functions, and there are calls to deallocation functions in the
application.


*******************************************************************************
*** PLACEMENT SUMMARY
***

"A0":  place at 0x800'0000 { ro section .intvec };
"P1":  place in [from 0x800'0000 to 0x800'7fff] { ro };
define block CSTACK with size = 1K, alignment = 8 { };
define block HEAP with size = 1K, alignment = 8 { };
"P2":  place in [from 0x2000'0000 to 0x2000'0fff] {
          rw, block CSTACK, block HEAP };
initialize by copy { rw };

  Section            Kind         Address    Size  Object
  -------            ----         -------    ----  ------
"A0":                                        0xb0
  .intvec            ro code   0x800'0000    0xb0  startup_stm32f031x6.o [1]
                             - 0x800'00b0    0xb0

"P1":                                      0x4a6f
  .text              ro code   0x800'00b0   0xe8c  6Step_Lib.o [1]
  .text              ro code   0x800'0f3c    0x70  STEVAL-ESC002V1.o [1]
  .text              ro code   0x800'0fac   0x590  stm32f0xx_hal_rcc.o [1]
  .text              ro code   0x800'153c   0x84c  stm32f0xx_hal_tim.o [1]
  .text              ro code   0x800'1d88    0xe0  I32DivModFast.o [3]
  .text              ro code   0x800'1e68   0x1a0  stm32f0xx_hal_tim_ex.o [1]
  .text              ro code   0x800'2008   0xb40  UART_UI.o [1]
  .text              ro code   0x800'2b48    0x24  stm32f0xx_hal.o [1]
  .text              ro code   0x800'2b6c   0x284  stspin32f0_hal_msp.o [1]
  .text              ro code   0x800'2df0     0x2  stm32f0xx_hal_tim.o [1]
  .text              ro code   0x800'2df2     0x2  stm32f0xx_hal_tim.o [1]
  .text              ro code   0x800'2df4     0x2  stm32f0xx_hal_tim.o [1]
  .text              ro code   0x800'2df6     0x2  stm32f0xx_hal_tim.o [1]
  .text              ro code   0x800'2df8     0x2  stm32f0xx_hal_tim_ex.o [1]
  .text              ro code   0x800'2dfa    0x7e  lz77_init_single.o [3]
  .text              ro code   0x800'2e78     0x2  IntDivZer.o [3]
  .text              ro code   0x800'2e7a     0xa  xsprout.o [2]
  .text              ro code   0x800'2e84   0x6c0  stm32f0xx_hal_uart.o [1]
  .text              ro code   0x800'3544    0x34  ABImemcpy.o [3]
  .text              ro code   0x800'3578   0x194  iar_Stoulx.o [2]
  .text              ro code   0x800'370c   0x1a0  stspin32f0.o [1]
  .text              ro code   0x800'38ac    0x74  strcpy.o [3]
  .text              ro code   0x800'3920    0x46  ABImemset.o [3]
  .text              ro code   0x800'3966     0x2  startup_stm32f031x6.o [1]
  .text              ro code   0x800'3968    0x40  sprintf.o [2]
  .text              ro code   0x800'39a8    0x2c  strncmp.o [2]
  .text              ro code   0x800'39d4    0x4c  strtok.o [2]
  .text              ro code   0x800'3a20    0x98  strcmp.o [3]
  .text              ro code   0x800'3ab8    0x98  stm32f0xx_hal_cortex.o [1]
  .text              ro code   0x800'3b50   0x184  stm32f0xx_hal_gpio.o [1]
  .text              ro code   0x800'3cd4   0x1aa  stm32f0xx_hal_dma.o [1]
  .text              ro code   0x800'3e7e     0x2  stm32f0xx_hal_uart.o [1]
  .text              ro code   0x800'3e80     0x2  stm32f0xx_hal_uart.o [1]
  .text              ro code   0x800'3e82     0x2  stm32f0xx_hal_uart.o [1]
  .text              ro code   0x800'3e84    0x18  memchr.o [3]
  .text              ro code   0x800'3e9c   0x186  xprintftiny.o [2]
  .text              ro code   0x800'4022    0x24  strspn.o [2]
  .text              ro code   0x800'4046    0x24  strcspn.o [2]
  .text              ro code   0x800'406a    0x10  strlen.o [3]
  .text              ro code   0x800'407a     0x2  startup_stm32f031x6.o [1]
  .text              ro code   0x800'407c   0x454  main_32F0.o [1]
  .text              ro code   0x800'44d0    0x24  stm32f0xx_hal.o [1]
  .text              ro code   0x800'44f4    0x22  stm32f0xx_hal.o [1]
  .text              ro code   0x800'4516     0x2  startup_stm32f031x6.o [1]
  .text              ro code   0x800'4518   0x114  stspin32f0_it.o [1]
  .text              ro code   0x800'462c    0xd8  stm32f0xx_hal_adc.o [1]
  .text              ro code   0x800'4704     0x2  stm32f0xx_hal_adc.o [1]
  .text              ro code   0x800'4706     0x2  stm32f0xx_hal_adc.o [1]
  .text              ro code   0x800'4708    0x70  system_stm32f0xx.o [1]
  .text              ro code   0x800'4778    0x3c  zero_init3.o [3]
  .text              ro code   0x800'47b4    0x28  data_init.o [3]
  .iar.init_table    const     0x800'47dc    0x20  - Linker created -
  .text              ro code   0x800'47fc    0x1e  cmain.o [3]
  .text              ro code   0x800'481a     0x4  low_level_init.o [2]
  .text              ro code   0x800'481e     0x8  exit.o [2]
  .text              ro code   0x800'4826     0x2  startup_stm32f031x6.o [1]
  .text              ro code   0x800'4828     0xa  cexit.o [3]
  .text              ro code   0x800'4832     0x2  startup_stm32f031x6.o [1]
  .text              ro code   0x800'4834    0x14  exit.o [4]
  .text              ro code   0x800'4848    0x10  startup_stm32f031x6.o [1]
  .text              ro code   0x800'4858     0xc  cstartup_M.o [3]
  .rodata            const     0x800'4864     0x8  system_stm32f0xx.o [1]
  .text              ro code   0x800'486c     0x2  startup_stm32f031x6.o [1]
  .text              ro code   0x800'486e     0x2  startup_stm32f031x6.o [1]
  .text              ro code   0x800'4870     0x2  startup_stm32f031x6.o [1]
  .text              ro code   0x800'4872     0x2  startup_stm32f031x6.o [1]
  .text              ro code   0x800'4874     0x2  startup_stm32f031x6.o [1]
  .text              ro code   0x800'4876     0x2  startup_stm32f031x6.o [1]
  .text              ro code   0x800'4878     0x2  startup_stm32f031x6.o [1]
  .text              ro code   0x800'487a     0x2  startup_stm32f031x6.o [1]
  .text              ro code   0x800'487c     0x2  startup_stm32f031x6.o [1]
  .text              ro code   0x800'487e     0x2  startup_stm32f031x6.o [1]
  .text              ro code   0x800'4880     0x2  startup_stm32f031x6.o [1]
  .text              ro code   0x800'4882     0x2  startup_stm32f031x6.o [1]
  .text              ro code   0x800'4884     0x2  startup_stm32f031x6.o [1]
  .rodata            const     0x800'4886     0x0  zero_init3.o [3]
  .rodata            const     0x800'4886     0x0  lz77_init_single.o [3]
  Initializer bytes  const     0x800'4886   0x299  <for P2-1>
                             - 0x800'4b1f  0x4a6f

"P2", part 1 of 3:                          0x4a0
  P2-1                        0x2000'0000   0x4a0  <Init block>
    .data            inited   0x2000'0000    0x84  6Step_Lib.o [1]
    .data            inited   0x2000'0084    0x40  stspin32f0.o [1]
    .data            inited   0x2000'00c4     0x4  system_stm32f0xx.o [1]
    .data            inited   0x2000'00c8   0x3d8  UART_UI.o [1]
                            - 0x2000'04a0   0x4a0

"P2", part 2 of 3:                          0x340
  .bss               zero     0x2000'04a0    0x80  6Step_Lib.o [1]
  .bss               zero     0x2000'0520    0x70  stspin32f0.o [1]
  .bss               zero     0x2000'0590    0x4c  stspin32f0.o [1]
  .bss               zero     0x2000'05dc    0x44  6Step_Lib.o [1]
  .bss               zero     0x2000'0620    0x44  stspin32f0_hal_msp.o [1]
  .bss               zero     0x2000'0664    0x40  6Step_Lib.o [1]
  .bss               zero     0x2000'06a4    0x40  stspin32f0.o [1]
  .bss               zero     0x2000'06e4    0x40  stspin32f0.o [1]
  .bss               zero     0x2000'0724    0x40  stspin32f0.o [1]
  .bss               zero     0x2000'0764    0x40  stspin32f0.o [1]
  .bss               zero     0x2000'07a4    0x34  main_32F0.o [1]
  .bss               zero     0x2000'07d8     0x4  strtok.o [2]
  .bss               zero     0x2000'07dc     0x2  6Step_Lib.o [1]
                            - 0x2000'07de   0x33e

"P2", part 3 of 3:                          0x400
  CSTACK                      0x2000'07e0   0x400  <Block>
    CSTACK           uninit   0x2000'07e0   0x400  <Block tail>
                            - 0x2000'0be0   0x400

Unused ranges:

         From           To    Size
         ----           --    ----
   0x800'4b1f   0x800'7fff  0x34e1
  0x2000'0be0  0x2000'0fff   0x420


*******************************************************************************
*** INIT TABLE
***

          Address      Size
          -------      ----
Zero (__iar_zero_init3)
    1 destination range, total size 0x33e:
          0x2000'04a0  0x33e

Copy/lz77 (__iar_lz77_init_single3)
    1 source range, total size 0x299 (56% of destination):
           0x800'4886  0x299
    1 destination range, total size 0x4a0:
          0x2000'0000  0x4a0



*******************************************************************************
*** MODULE SUMMARY
***

    Module                  ro code  ro data  rw data
    ------                  -------  -------  -------
command line/config:
    -------------------------------------------------
    Total:

C:\pic\planecontroller\STSPIN32F0A_ESC\Obj: [1]
    6Step_Lib.o               3 724       74      394
    STEVAL-ESC002V1.o           112
    UART_UI.o                 2 880      553      984
    main_32F0.o               1 108                52
    startup_stm32f031x6.o       228
    stm32f0xx_hal.o             106
    stm32f0xx_hal_adc.o         220
    stm32f0xx_hal_cortex.o      152
    stm32f0xx_hal_dma.o         426
    stm32f0xx_hal_gpio.o        388
    stm32f0xx_hal_rcc.o       1 424
    stm32f0xx_hal_tim.o       2 132
    stm32f0xx_hal_tim_ex.o      418
    stm32f0xx_hal_uart.o      1 734
    stspin32f0.o                416       36      508
    stspin32f0_hal_msp.o        644                68
    stspin32f0_it.o             276
    system_stm32f0xx.o          112       10        4
    -------------------------------------------------
    Total:                   16 500      673    2 010

dl6M_tln.a: [2]
    exit.o                        8
    iar_Stoulx.o                404
    low_level_init.o              4
    sprintf.o                    64
    strcspn.o                    36
    strncmp.o                    44
    strspn.o                     36
    strtok.o                     76                 4
    xprintftiny.o               390
    xsprout.o                    10
    -------------------------------------------------
    Total:                    1 072                 4

rt6M_tl.a: [3]
    ABImemcpy.o                  52
    ABImemset.o                  70
    I32DivModFast.o             224
    IntDivZer.o                   2
    cexit.o                      10
    cmain.o                      30
    cstartup_M.o                 12
    data_init.o                  40
    lz77_init_single.o          126
    memchr.o                     24
    strcmp.o                    152
    strcpy.o                    116
    strlen.o                     16
    zero_init3.o                 60
    -------------------------------------------------
    Total:                      934

shb_l.a: [4]
    exit.o                       20
    -------------------------------------------------
    Total:                       20

    Linker created                        32    1 024
-----------------------------------------------------
    Grand Total:             18 526      705    3 038


*******************************************************************************
*** ENTRY LIST
***

Entry                       Address   Size  Type      Object
-----                       -------   ----  ----      ------
.iar.init_table$$Base    0x800'47dc          --   Gb  - Linker created -
.iar.init_table$$Limit   0x800'47fc          --   Gb  - Linker created -
?main                    0x800'47fd         Code  Gb  cmain.o [3]
ADC1_IRQHandler          0x800'45cb    0xe  Code  Gb  stspin32f0_it.o [1]
ADC_Channel              0x800'3869   0x22  Code  Gb  stspin32f0.o [1]
ADCx                    0x2000'0590   0x4c  Data  Gb  stspin32f0.o [1]
AHBPrescTable            0x800'4768   0x10  Data  Gb  system_stm32f0xx.o [1]
APBPrescTable            0x800'4864    0x8  Data  Gb  system_stm32f0xx.o [1]
ARR_LF                  0x2000'005c    0x4  Data  Gb  6Step_Lib.o [1]
BSP_BOARD_FAULT_LED_OFF
                         0x800'0f3f    0x2  Code  Gb  STEVAL-ESC002V1.o [1]
BSP_BOARD_FAULT_LED_ON   0x800'0f3d    0x2  Code  Gb  STEVAL-ESC002V1.o [1]
BSP_BOARD_RGB1_LED_ON    0x800'0f41    0x2  Code  Gb  STEVAL-ESC002V1.o [1]
BSP_BOARD_RGB1_LED_TOGGLE
                         0x800'0f43    0x2  Code  Gb  STEVAL-ESC002V1.o [1]
BUFF_RCV                0x2000'00c8    0x1  Data  Gb  UART_UI.o [1]
CMD_ACCELE               0x800'2575   0x34  Code  Gb  UART_UI.o [1]
CMD_DIRECTION            0x800'25a9   0x34  Code  Gb  UART_UI.o [1]
CMD_GETSPD               0x800'2495   0x3a  Code  Gb  UART_UI.o [1]
CMD_HELP                 0x800'24ed   0x18  Code  Gb  UART_UI.o [1]
CMD_INIREF               0x800'2505   0x34  Code  Gb  UART_UI.o [1]
CMD_KI_PRM               0x800'2615   0x34  Code  Gb  UART_UI.o [1]
CMD_KP_PRM               0x800'25dd   0x34  Code  Gb  UART_UI.o [1]
CMD_MEASEL               0x800'2885   0x34  Code  Gb  UART_UI.o [1]
CMD_MEASTA               0x800'28bd   0x4e  Code  Gb  UART_UI.o [1]
CMD_MEASTO               0x800'290d   0x46  Code  Gb  UART_UI.o [1]
CMD_MEASTO::strTxCancelled
                        0x2000'0488   0x18  Data  Lc  UART_UI.o [1]
CMD_POLESP               0x800'2541   0x34  Code  Gb  UART_UI.o [1]
CMD_PROMPT               0x800'2855   0x30  Code  Gb  UART_UI.o [1]
CMD_PROMPT::strLineMessage
                        0x2000'00e2    0x2  Data  Lc  UART_UI.o [1]
CMD_Parser               0x800'295d   0x94  Code  Gb  UART_UI.o [1]
CMD_SETDCY               0x800'2451   0x34  Code  Gb  UART_UI.o [1]
CMD_SETSPD               0x800'241d   0x34  Code  Gb  UART_UI.o [1]
CMD_STARTM               0x800'23a5   0x36  Code  Gb  UART_UI.o [1]
CMD_STATUS               0x800'2649   0x46  Code  Gb  UART_UI.o [1]
CMD_STOPMT               0x800'23e1   0x36  Code  Gb  UART_UI.o [1]
CSTACK$$Base            0x2000'07e0          --   Gb  - Linker created -
CSTACK$$Limit           0x2000'0be0          --   Gb  - Linker created -
CmdTable                 0x800'2a28  0x120  Data  Gb  UART_UI.o [1]
DMA1_Channel2_3_IRQHandler
                         0x800'457d   0x10  Code  Gb  stspin32f0_it.o [1]
DisableInput_CH1_D_CH2_D_CH3_D
                         0x800'3753    0x2  Code  Gb  stspin32f0.o [1]
El_Speed_Hz             0x2000'0068    0x4  Data  Gb  6Step_Lib.o [1]
EnableInput_CH1_D_CH2_E_CH3_E
                         0x800'3739   0x18  Code  Gb  stspin32f0.o [1]
EnableInput_CH1_E_CH2_D_CH3_E
                         0x800'3723   0x16  Code  Gb  stspin32f0.o [1]
EnableInput_CH1_E_CH2_E_CH3_D
                         0x800'370d   0x16  Code  Gb  stspin32f0.o [1]
EnableInput_CH1_E_CH2_E_CH3_E
                         0x800'3751    0x2  Code  Gb  stspin32f0.o [1]
Enable_start_button     0x2000'0002    0x1  Data  Gb  6Step_Lib.o [1]
Get_UART_Data            0x800'388b    0x8  Code  Gb  stspin32f0.o [1]
HAL_ADC_ConvCpltCallback
                         0x800'2d39    0xc  Code  Gb  stspin32f0_hal_msp.o [1]
HAL_ADC_IRQHandler       0x800'462d   0xd0  Code  Gb  stm32f0xx_hal_adc.o [1]
HAL_DMA_IRQHandler       0x800'3dd5   0xaa  Code  Gb  stm32f0xx_hal_dma.o [1]
HAL_DMA_Init             0x800'3cd5   0x62  Code  Gb  stm32f0xx_hal_dma.o [1]
HAL_DMA_Start_IT         0x800'3d45   0x90  Code  Gb  stm32f0xx_hal_dma.o [1]
HAL_Delay                0x800'44f5   0x22  Code  Wk  stm32f0xx_hal.o [1]
HAL_GPIO_Init            0x800'3b51  0x162  Code  Gb  stm32f0xx_hal_gpio.o [1]
HAL_GPIO_WritePin        0x800'3cb3    0xc  Code  Gb  stm32f0xx_hal_gpio.o [1]
HAL_GetTick              0x800'0f1b    0x6  Code  Gb  6Step_Lib.o [1]
HAL_IncTick              0x800'0f11    0xa  Code  Gb  6Step_Lib.o [1]
HAL_Init                 0x800'44d1   0x1e  Code  Gb  stm32f0xx_hal.o [1]
HAL_InitTick             0x800'2b49   0x24  Code  Wk  stm32f0xx_hal.o [1]
HAL_MspInit              0x800'2b6d   0x14  Code  Gb  stspin32f0_hal_msp.o [1]
HAL_NVIC_EnableIRQ       0x800'3af5    0xe  Code  Gb  stm32f0xx_hal_cortex.o [1]
HAL_NVIC_SetPriority     0x800'3ab9   0x3c  Code  Gb  stm32f0xx_hal_cortex.o [1]
HAL_RCC_ClockConfig      0x800'1369  0x126  Code  Gb  stm32f0xx_hal_rcc.o [1]
HAL_RCC_GetHCLKFreq      0x800'14cf    0x6  Code  Gb  stm32f0xx_hal_rcc.o [1]
HAL_RCC_GetPCLK1Freq     0x800'14d5   0x14  Code  Gb  stm32f0xx_hal_rcc.o [1]
HAL_RCC_GetSysClockFreq
                         0x800'1495   0x3a  Code  Gb  stm32f0xx_hal_rcc.o [1]
HAL_RCC_GetSysClockFreq::aPLLMULFactorTable
                         0x800'151c   0x10  Data  Lc  stm32f0xx_hal_rcc.o [1]
HAL_RCC_GetSysClockFreq::aPredivFactorTable
                         0x800'152c   0x10  Data  Lc  stm32f0xx_hal_rcc.o [1]
HAL_RCC_OscConfig        0x800'0fad  0x3b6  Code  Gb  stm32f0xx_hal_rcc.o [1]
HAL_SYSTICK_Callback     0x800'2d81    0xc  Code  Gb  stspin32f0_hal_msp.o [1]
HAL_SYSTICK_Config       0x800'3b03   0x2a  Code  Gb  stm32f0xx_hal_cortex.o [1]
HAL_SYSTICK_IRQHandler   0x800'3b45    0xc  Code  Gb  stm32f0xx_hal_cortex.o [1]
HAL_TIMEx_BreakCallback
                         0x800'2d5b   0x18  Code  Gb  stspin32f0_hal_msp.o [1]
HAL_TIMEx_CommutationCallback
                         0x800'2df9    0x2  Code  Wk  stm32f0xx_hal_tim_ex.o [1]
HAL_TIMEx_ConfigBreakDeadTime
                         0x800'1f87   0x64  Code  Gb  stm32f0xx_hal_tim_ex.o [1]
HAL_TIMEx_ConfigCommutationEvent
                         0x800'1ee1   0x56  Code  Gb  stm32f0xx_hal_tim_ex.o [1]
HAL_TIMEx_MasterConfigSynchronization
                         0x800'1f37   0x50  Code  Gb  stm32f0xx_hal_tim_ex.o [1]
HAL_TIMEx_PWMN_Start     0x800'1e69   0x28  Code  Gb  stm32f0xx_hal_tim_ex.o [1]
HAL_TIMEx_PWMN_Stop      0x800'1e91   0x42  Code  Gb  stm32f0xx_hal_tim_ex.o [1]
HAL_TIM_Base_Init        0x800'153d   0x34  Code  Gb  stm32f0xx_hal_tim.o [1]
HAL_TIM_Base_MspInit     0x800'2b81   0x3c  Code  Gb  stspin32f0_hal_msp.o [1]
HAL_TIM_Base_Start_IT    0x800'1571   0x14  Code  Gb  stm32f0xx_hal_tim.o [1]
HAL_TIM_Base_Stop_IT     0x800'1585   0x26  Code  Gb  stm32f0xx_hal_tim.o [1]
HAL_TIM_ConfigClockSource
                         0x800'18d1  0x176  Code  Gb  stm32f0xx_hal_tim.o [1]
HAL_TIM_IRQHandler       0x800'16a1  0x158  Code  Gb  stm32f0xx_hal_tim.o [1]
HAL_TIM_PWM_ConfigChannel
                         0x800'17f9   0xd2  Code  Gb  stm32f0xx_hal_tim.o [1]
HAL_TIM_PWM_Init         0x800'15b5   0x34  Code  Gb  stm32f0xx_hal_tim.o [1]
HAL_TIM_PWM_MspInit      0x800'2bbd   0xde  Code  Gb  stspin32f0_hal_msp.o [1]
HAL_TIM_PWM_Start        0x800'15e9   0x38  Code  Gb  stm32f0xx_hal_tim.o [1]
HAL_TIM_PWM_Stop         0x800'1623   0x64  Code  Gb  stm32f0xx_hal_tim.o [1]
HAL_TIM_PeriodElapsedCallback
                         0x800'2d45   0x16  Code  Gb  stspin32f0_hal_msp.o [1]
HAL_TIM_SlaveConfigSynchronization
                         0x800'1a47   0x42  Code  Gb  stm32f0xx_hal_tim.o [1]
HAL_UART_Init            0x800'2e85   0x6a  Code  Gb  stm32f0xx_hal_uart.o [1]
HAL_UART_MspInit         0x800'2c9b   0x9e  Code  Gb  stspin32f0_hal_msp.o [1]
HAL_UART_MspInit::hdma_tx
                        0x2000'0620   0x44  Data  Lc  stspin32f0_hal_msp.o [1]
HAL_UART_Receive_IT      0x800'3035   0x88  Code  Gb  stm32f0xx_hal_uart.o [1]
HAL_UART_Transmit        0x800'2eef  0x142  Code  Gb  stm32f0xx_hal_uart.o [1]
HAL_UART_Transmit_DMA    0x800'30c5   0x84  Code  Gb  stm32f0xx_hal_uart.o [1]
HAL_UART_TxCpltCallback
                         0x800'2d8d   0x40  Code  Gb  stspin32f0_hal_msp.o [1]
HF_TIMx                 0x2000'06e4   0x40  Data  Gb  stspin32f0.o [1]
HF_TIMx_SetDutyCycle     0x800'37f1   0x12  Code  Gb  stspin32f0.o [1]
HF_TIMx_SetDutyCycle_CH1
                         0x800'37d1    0x8  Code  Gb  stspin32f0.o [1]
HF_TIMx_SetDutyCycle_CH2
                         0x800'37d9    0x8  Code  Gb  stspin32f0.o [1]
HF_TIMx_SetDutyCycle_CH3
                         0x800'37e1    0x8  Code  Gb  stspin32f0.o [1]
HF_TIMx_SetDutyCycle_CH4
                         0x800'37e9    0x8  Code  Gb  stspin32f0.o [1]
HardFault_Handler        0x800'4519    0x2  Code  Gb  stspin32f0_it.o [1]
IF_TIMx                 0x2000'06a4   0x40  Data  Gb  stspin32f0.o [1]
LF_TIMx                 0x2000'0724   0x40  Data  Gb  stspin32f0.o [1]
MC_ADCx_SixStep_User     0x800'0c2d    0x2  Code  Gb  6Step_Lib.o [1]
MC_Arr_Filter            0x800'0a35   0xb2  Code  Gb  6Step_Lib.o [1]
MC_Set_PI_param          0x800'0825   0x46  Code  Gb  6Step_Lib.o [1]
MC_Set_Speed             0x800'0893   0x18  Code  Gb  6Step_Lib.o [1]
MC_SixStep_Alignment     0x800'079d   0x88  Code  Gb  6Step_Lib.o [1]
MC_SixStep_DisableInput_CH1_D_CH2_D_CH3_D
                         0x800'0f45    0xe  Code  Gb  STEVAL-ESC002V1.o [1]
MC_SixStep_HF_TIMx_SetDutyCycle_CH1
                         0x800'0f6f    0xe  Code  Gb  STEVAL-ESC002V1.o [1]
MC_SixStep_HF_TIMx_SetDutyCycle_CH2
                         0x800'0f7d    0xe  Code  Gb  STEVAL-ESC002V1.o [1]
MC_SixStep_HF_TIMx_SetDutyCycle_CH3
                         0x800'0f8b    0xe  Code  Gb  STEVAL-ESC002V1.o [1]
MC_SixStep_HF_TIMx_SetDutyCycle_CH4
                         0x800'0f99    0xe  Code  Gb  STEVAL-ESC002V1.o [1]
MC_SixStep_INIT          0x800'09e5   0x3a  Code  Gb  6Step_Lib.o [1]
MC_SixStep_Init_main_data
                         0x800'09a9   0x38  Code  Gb  6Step_Lib.o [1]
MC_SixStep_NEXT_step     0x800'05e1   0x6e  Code  Gb  6Step_Lib.o [1]
MC_SixStep_Prepare_NEXT_step
                         0x800'0591   0x4c  Code  Gb  6Step_Lib.o [1]
MC_SixStep_RESET         0x800'065d  0x11a  Code  Gb  6Step_Lib.o [1]
MC_SixStep_Start_PWM_driving
                         0x800'0f53    0xe  Code  Gb  STEVAL-ESC002V1.o [1]
MC_SixStep_Stop_PWM_driving
                         0x800'0f61    0xe  Code  Gb  STEVAL-ESC002V1.o [1]
MC_SixStep_TABLE         0x800'00b1  0x4da  Code  Gb  6Step_Lib.o [1]
MC_Speed_Filter          0x800'0aed   0x34  Code  Gb  6Step_Lib.o [1]
MC_StartMotor            0x800'08ab   0x80  Code  Gb  6Step_Lib.o [1]
MC_StopMotor             0x800'0935   0x68  Code  Gb  6Step_Lib.o [1]
MC_SysTick_SixStep_MediumFrequencyTask
                         0x800'0b39   0xd8  Code  Gb  6Step_Lib.o [1]
MC_TIMx_SixStep_timebase
                         0x800'0a25   0x10  Code  Gb  6Step_Lib.o [1]
MC_Task_DutyCycle        0x800'0871   0x22  Code  Gb  6Step_Lib.o [1]
MC_UI_INIT               0x800'2029  0x240  Code  Gb  UART_UI.o [1]
MC_Zero_Crossing_Read    0x800'0c31  0x2d2  Code  Gb  6Step_Lib.o [1]
MX_GPIO_Init             0x800'4409   0xa2  Code  Lc  main_32F0.o [1]
MX_HF_TIMx_Init          0x800'4299  0x15a  Code  Lc  main_32F0.o [1]
Mech_Speed_RPM          0x2000'0064    0x4  Data  Gb  6Step_Lib.o [1]
Overcurrent_Selection    0x800'3803   0x16  Code  Gb  stspin32f0.o [1]
Overcurrent_Threshold_Setvalue
                         0x800'3819   0x50  Code  Gb  stspin32f0.o [1]
PI_parameters           0x2000'0030   0x10  Data  Gb  6Step_Lib.o [1]
Region$$Table$$Base      0x800'47dc          --   Gb  - Linker created -
Region$$Table$$Limit     0x800'47fc          --   Gb  - Linker created -
Rotor_poles_pairs       0x2000'0016    0x2  Data  Gb  6Step_Lib.o [1]
SIXSTEP_parameters      0x2000'04a0   0x80  Data  Gb  6Step_Lib.o [1]
STSPIN32F0MotorDriver   0x2000'0084   0x40  Data  Gb  stspin32f0.o [1]
Start_PWM_driving        0x800'3755   0x3e  Code  Gb  stspin32f0.o [1]
StatusTable              0x800'26a4  0x1b0  Data  Gb  UART_UI.o [1]
Stop_PWM_driving         0x800'3793   0x3e  Code  Gb  stspin32f0.o [1]
SysTick_Handler          0x800'45d9   0x10  Code  Gb  stspin32f0_it.o [1]
SystemClock_Config       0x800'4209   0x7e  Code  Gb  main_32F0.o [1]
SystemCoreClock         0x2000'00c4    0x4  Data  Gb  system_stm32f0xx.o [1]
SystemInit               0x800'4709   0x48  Code  Gb  system_stm32f0xx.o [1]
TIM16_IRQHandler         0x800'45e9    0xe  Code  Gb  stspin32f0_it.o [1]
TIM1_BRK_UP_TRG_COM_IRQHandler
                         0x800'458d   0x3e  Code  Gb  stspin32f0_it.o [1]
TIM2_IRQHandler          0x800'4621    0xc  Code  Gb  stspin32f0_it.o [1]
TIM3_IRQHandler          0x800'45f7    0xe  Code  Gb  stspin32f0_it.o [1]
TIM_Base_SetConfig       0x800'1a91   0x7c  Code  Gb  stm32f0xx_hal_tim.o [1]
TIM_OC1_SetConfig        0x800'1b11   0x6a  Code  Lc  stm32f0xx_hal_tim.o [1]
TIM_OC2_SetConfig        0x800'1b7b   0x64  Code  Gb  stm32f0xx_hal_tim.o [1]
TIM_OC3_SetConfig        0x800'1be5   0x60  Code  Lc  stm32f0xx_hal_tim.o [1]
TIM_OC4_SetConfig        0x800'1c45   0x4e  Code  Lc  stm32f0xx_hal_tim.o [1]
TIM_SlaveTimer_SetConfig
                         0x800'1ca1   0xa6  Code  Lc  stm32f0xx_hal_tim.o [1]
T_single_step           0x2000'0050    0x4  Data  Gb  6Step_Lib.o [1]
T_single_step_first_value
                        0x2000'0054    0x4  Data  Gb  6Step_Lib.o [1]
Tick_cnt                0x2000'007c    0x4  Data  Gb  6Step_Lib.o [1]
Time_vector_prev_tmp    0x2000'004c    0x4  Data  Gb  6Step_Lib.o [1]
Time_vector_tmp         0x2000'0048    0x4  Data  Gb  6Step_Lib.o [1]
UART_AdvFeatureConfig    0x800'326d   0xc8  Code  Gb  stm32f0xx_hal_uart.o [1]
UART_CheckIdleState      0x800'3339   0x86  Code  Gb  stm32f0xx_hal_uart.o [1]
UART_Communication_Task
                         0x800'2009   0x20  Code  Gb  UART_UI.o [1]
UART_DMAError            0x800'3421   0x5c  Code  Lc  stm32f0xx_hal_uart.o [1]
UART_DMATransmitCplt     0x800'33d5   0x34  Code  Lc  stm32f0xx_hal_uart.o [1]
UART_DMATxHalfCplt       0x800'3409    0xe  Code  Lc  stm32f0xx_hal_uart.o [1]
UART_EndTransmit_IT      0x800'34a9   0x1e  Code  Gb  stm32f0xx_hal_uart.o [1]
UART_FLAG_RECEIVE       0x2000'0001    0x1  Data  Gb  6Step_Lib.o [1]
UART_Receive_IT          0x800'34c7   0x76  Code  Gb  stm32f0xx_hal_uart.o [1]
UART_Send_Reply          0x800'2289   0x18  Code  Gb  UART_UI.o [1]
UART_SetConfig           0x800'3159  0x112  Code  Gb  stm32f0xx_hal_uart.o [1]
UART_Set_Value           0x800'22b5   0xf0  Code  Gb  UART_UI.o [1]
UART_num_decode          0x800'2269   0x1e  Code  Gb  UART_UI.o [1]
UART_num_decode::Value_Buffer
                        0x2000'00d8    0x8  Data  Lc  UART_UI.o [1]
USART1_IRQHandler        0x800'451b   0x62  Code  Gb  stspin32f0_it.o [1]
Uart_cmd_flag           0x2000'00e0    0x2  Data  Lc  UART_UI.o [1]
ZC_TIMx                 0x2000'0764   0x40  Data  Gb  stspin32f0.o [1]
_PrintfTiny              0x800'3eb7  0x16c  Code  Gb  xprintftiny.o [2]
_SProut                  0x800'2e7b    0xa  Code  Gb  xsprout.o [2]
_Strtok_ssave           0x2000'07d8    0x4  Data  Lc  strtok.o [2]
__ICFEDIT_region_RAM_end__ {Abs}
                        0x2000'0fff         Data  Gb  <internal module>
__ICFEDIT_region_RAM_start__ {Abs}
                        0x2000'0000         Data  Gb  <internal module>
__aeabi_idiv             0x800'1db5         Code  Gb  I32DivModFast.o [3]
__aeabi_idiv0            0x800'2e79         Code  Gb  IntDivZer.o [3]
__aeabi_idivmod          0x800'1db5         Code  Gb  I32DivModFast.o [3]
__aeabi_memclr           0x800'3935         Code  Gb  ABImemset.o [3]
__aeabi_memcpy4          0x800'3545         Code  Wk  ABImemcpy.o [3]
__aeabi_uidiv            0x800'1dbb         Code  Gb  I32DivModFast.o [3]
__aeabi_uidivmod         0x800'1dbb         Code  Gb  I32DivModFast.o [3]
__cmain                  0x800'47fd         Code  Gb  cmain.o [3]
__exit                   0x800'4835   0x14  Code  Gb  exit.o [4]
__iar_Memset4_word       0x800'3939         Code  Gb  ABImemset.o [3]
__iar_Memset_word        0x800'3921         Code  Gb  ABImemset.o [3]
__iar_Stoulx             0x800'3579  0x134  Code  Gb  iar_Stoulx.o [2]
__iar_data_init3         0x800'47b5   0x28  Code  Gb  data_init.o [3]
__iar_lz77_init_single3
                         0x800'2dfb   0x7e  Code  Gb  lz77_init_single.o [3]
__iar_program_start      0x800'4859         Code  Gb  cstartup_M.o [3]
__iar_zero_init3         0x800'4779   0x3c  Code  Gb  zero_init3.o [3]
__low_level_init         0x800'481b    0x4  Code  Gb  low_level_init.o [2]
__vector_table           0x800'0000         Data  Gb  startup_stm32f031x6.o [1]
_call_main               0x800'4809         Code  Gb  cmain.o [3]
_exit                    0x800'4829         Code  Gb  cexit.o [3]
_main                    0x800'4817         Code  Gb  cmain.o [3]
aRxBuffer               0x2000'00cc    0xc  Data  Gb  UART_UI.o [1]
aTxBuffer               0x2000'00e4   0x34  Data  Gb  UART_UI.o [1]
arrGT                   0x2000'05e4    0x2  Data  Gb  6Step_Lib.o [1]
array_completed         0x2000'0000    0x1  Data  Gb  6Step_Lib.o [1]
atoi                     0x800'36ad    0x4  Code  Gb  iar_Stoulx.o [2]
changePolarity          0x2000'07dc    0x2  Data  Gb  6Step_Lib.o [1]
cnt_bemf_event          0x2000'001e    0x2  Data  Gb  6Step_Lib.o [1]
commTime                0x2000'0060    0x4  Data  Gb  6Step_Lib.o [1]
constant_k              0x2000'0044    0x4  Data  Gb  6Step_Lib.o [1]
constant_multiplier_tmp
                        0x2000'0028    0x8  Data  Gb  6Step_Lib.o [1]
counter_ARR_Bemf        0x2000'0080    0x4  Data  Gb  6Step_Lib.o [1]
cyclesToPwmEdge         0x2000'0618    0x4  Data  Gb  6Step_Lib.o [1]
delta                   0x2000'0058    0x4  Data  Gb  6Step_Lib.o [1]
digits                   0x800'36bc   0x28  Data  Lc  iar_Stoulx.o [2]
exit                     0x800'481f    0x8  Code  Gb  exit.o [2]
hfn                     0x2000'0014    0x2  Data  Gb  6Step_Lib.o [1]
huart                   0x2000'0520   0x70  Data  Gb  stspin32f0.o [1]
index_ARR_step          0x2000'001c    0x2  Data  Gb  6Step_Lib.o [1]
index_adc_chn           0x2000'001a    0x2  Data  Gb  6Step_Lib.o [1]
index_align             0x2000'0022    0x2  Data  Gb  6Step_Lib.o [1]
index_array             0x2000'0018    0x2  Data  Gb  6Step_Lib.o [1]
index_pot_filt          0x2000'0024    0x2  Data  Gb  6Step_Lib.o [1]
index_startup_motor     0x2000'0020    0x2  Data  Gb  6Step_Lib.o [1]
lf_timer_failure        0x2000'0004    0x1  Data  Gb  6Step_Lib.o [1]
main                     0x800'407d  0x17c  Code  Gb  main_32F0.o [1]
mainTxBuffer            0x2000'07a4   0x34  Data  Gb  main_32F0.o [1]
mech_accel_hz           0x2000'0040    0x4  Data  Gb  6Step_Lib.o [1]
memchr                   0x800'3e85   0x18  Code  Gb  memchr.o [3]
n_zcr_startup           0x2000'006c    0x4  Data  Gb  6Step_Lib.o [1]
ndigs                    0x800'36e4   0x28  Data  Lc  iar_Stoulx.o [2]
out                      0x800'3e9d   0x1a  Code  Lc  xprintftiny.o [2]
postGT                  0x2000'05e2    0x2  Data  Gb  6Step_Lib.o [1]
potent_filtered         0x2000'0026    0x2  Data  Gb  6Step_Lib.o [1]
preGT                   0x2000'05e0    0x2  Data  Gb  6Step_Lib.o [1]
row0TxBuffer            0x2000'0118    0x8  Data  Gb  UART_UI.o [1]
row10TxBuffer           0x2000'03b0   0x20  Data  Gb  UART_UI.o [1]
row11TxBuffer           0x2000'03d0   0x28  Data  Gb  UART_UI.o [1]
row14TxBuffer           0x2000'03f8   0x30  Data  Gb  UART_UI.o [1]
row15TxBuffer           0x2000'0428   0x28  Data  Gb  UART_UI.o [1]
row16TxBuffer           0x2000'0450   0x28  Data  Gb  UART_UI.o [1]
row1TxBuffer            0x2000'0120   0x18  Data  Gb  UART_UI.o [1]
row2TxBuffer            0x2000'0138   0x14  Data  Gb  UART_UI.o [1]
row4TxBuffer            0x2000'014c   0x18  Data  Gb  UART_UI.o [1]
row5TxBuffer            0x2000'0164   0x18  Data  Gb  UART_UI.o [1]
row6TxBuffer            0x2000'017c   0x18  Data  Gb  UART_UI.o [1]
row71TxBuffer           0x2000'0294   0x30  Data  Gb  UART_UI.o [1]
row71bTxBuffer          0x2000'02c4   0x1c  Data  Gb  UART_UI.o [1]
row7TxBuffer            0x2000'01c0   0x1c  Data  Gb  UART_UI.o [1]
row7aTxBuffer           0x2000'0194   0x2c  Data  Gb  UART_UI.o [1]
row7bTxBuffer           0x2000'01dc   0x1c  Data  Gb  UART_UI.o [1]
row7bbTxBuffer          0x2000'01f8   0x2c  Data  Gb  UART_UI.o [1]
row7cTxBuffer           0x2000'0224   0x18  Data  Gb  UART_UI.o [1]
row7dTxBuffer           0x2000'023c   0x2c  Data  Gb  UART_UI.o [1]
row7eTxBuffer           0x2000'0268   0x2c  Data  Gb  UART_UI.o [1]
row8TxBuffer            0x2000'0358   0x30  Data  Gb  UART_UI.o [1]
row9TxBuffer            0x2000'0388   0x28  Data  Gb  UART_UI.o [1]
rowETxBuffer            0x2000'0330   0x28  Data  Gb  UART_UI.o [1]
rowLxBuffer             0x2000'0478   0x10  Data  Gb  UART_UI.o [1]
rowV1TBxBuffer          0x2000'0318   0x18  Data  Gb  UART_UI.o [1]
rowVTBxBuffer           0x2000'02f8   0x20  Data  Gb  UART_UI.o [1]
rowVTxBuffer            0x2000'02e0   0x18  Data  Gb  UART_UI.o [1]
speed_fdbk_error        0x2000'0005    0x1  Data  Gb  6Step_Lib.o [1]
speed_sum_pot_filt      0x2000'0078    0x4  Data  Gb  6Step_Lib.o [1]
speed_sum_sp_filt       0x2000'0074    0x4  Data  Gb  6Step_Lib.o [1]
speed_tmp_array         0x2000'0664   0x40  Data  Gb  6Step_Lib.o [1]
sprintf                  0x800'3969   0x40  Code  Gb  sprintf.o [2]
startup_bemf_failure    0x2000'0003    0x1  Data  Gb  6Step_Lib.o [1]
stepPrepared            0x2000'0006    0x2  Data  Gb  6Step_Lib.o [1]
strcmp                   0x800'3a31         Code  Gb  strcmp.o [3]
strcpy                   0x800'38ad         Code  Gb  strcpy.o [3]
strcspn                  0x800'4047   0x24  Code  Gb  strcspn.o [2]
strlen                   0x800'406b   0x10  Code  Gb  strlen.o [3]
strncmp                  0x800'39a9   0x2c  Code  Gb  strncmp.o [2]
strspn                   0x800'4023   0x24  Code  Gb  strspn.o [2]
strtok                   0x800'39d5   0x4c  Code  Gb  strtok.o [2]
uwTick                  0x2000'0070    0x4  Data  Lc  6Step_Lib.o [1]
zc                      0x2000'05de    0x2  Data  Gb  6Step_Lib.o [1]
zcdTime                 0x2000'061c    0x4  Data  Gb  6Step_Lib.o [1]
zcn                     0x2000'0012    0x2  Data  Gb  6Step_Lib.o [1]
zcuHl                   0x2000'0600    0x8  Data  Gb  6Step_Lib.o [1]
zcuIndexHl              0x2000'000e    0x2  Data  Gb  6Step_Lib.o [1]
zcuIndexLh              0x2000'0008    0x2  Data  Gb  6Step_Lib.o [1]
zcuLh                   0x2000'05e8    0x8  Data  Gb  6Step_Lib.o [1]
zcvHl                   0x2000'0608    0x8  Data  Gb  6Step_Lib.o [1]
zcvIndexHl              0x2000'0010    0x2  Data  Gb  6Step_Lib.o [1]
zcvIndexLh              0x2000'000a    0x2  Data  Gb  6Step_Lib.o [1]
zcvLh                   0x2000'05f0    0x8  Data  Gb  6Step_Lib.o [1]
zcwHl                   0x2000'0610    0x8  Data  Gb  6Step_Lib.o [1]
zcwIndexHl              0x2000'05dc    0x2  Data  Gb  6Step_Lib.o [1]
zcwIndexLh              0x2000'000c    0x2  Data  Gb  6Step_Lib.o [1]
zcwLh                   0x2000'05f8    0x8  Data  Gb  6Step_Lib.o [1]


[1] = C:\pic\planecontroller\STSPIN32F0A_ESC\Obj
[2] = dl6M_tln.a
[3] = rt6M_tl.a
[4] = shb_l.a

  18 526 bytes of readonly  code memory
     705 bytes of readonly  data memory
   3 038 bytes of readwrite data memory

Errors: none
Warnings: none
