###############################################################################
#
# IAR ELF Linker V8.30.1.114/W32 for ARM                  04/Jul/2020  19:13:06
# Copyright 2007-2018 IAR Systems AB.
#
#    Output file  =  C:\pic\planecontroller\STSPIN32F0A_ESC\Exe\STSPIN32F0.out
#    Map file     =  C:\pic\planecontroller\STSPIN32F0A_ESC\List\STSPIN32F0.map
#    Command line =  
#        -f C:\Users\VLADIS~1\AppData\Local\Temp\EWC6B.tmp
#        (C:\pic\planecontroller\STSPIN32F0A_ESC\Obj\6Step_Lib.o
#        C:\pic\planecontroller\STSPIN32F0A_ESC\Obj\exti.o
#        C:\pic\planecontroller\STSPIN32F0A_ESC\Obj\main_32F0.o
#        C:\pic\planecontroller\STSPIN32F0A_ESC\Obj\spi.o
#        C:\pic\planecontroller\STSPIN32F0A_ESC\Obj\startup_stm32f031x6.o
#        C:\pic\planecontroller\STSPIN32F0A_ESC\Obj\STEVAL-ESC002V1.o
#        C:\pic\planecontroller\STSPIN32F0A_ESC\Obj\stm32f0xx_hal.o
#        C:\pic\planecontroller\STSPIN32F0A_ESC\Obj\stm32f0xx_hal_adc.o
#        C:\pic\planecontroller\STSPIN32F0A_ESC\Obj\stm32f0xx_hal_adc_ex.o
#        C:\pic\planecontroller\STSPIN32F0A_ESC\Obj\stm32f0xx_hal_can.o
#        C:\pic\planecontroller\STSPIN32F0A_ESC\Obj\stm32f0xx_hal_cec.o
#        C:\pic\planecontroller\STSPIN32F0A_ESC\Obj\stm32f0xx_hal_comp.o
#        C:\pic\planecontroller\STSPIN32F0A_ESC\Obj\stm32f0xx_hal_cortex.o
#        C:\pic\planecontroller\STSPIN32F0A_ESC\Obj\stm32f0xx_hal_crc.o
#        C:\pic\planecontroller\STSPIN32F0A_ESC\Obj\stm32f0xx_hal_crc_ex.o
#        C:\pic\planecontroller\STSPIN32F0A_ESC\Obj\stm32f0xx_hal_dac.o
#        C:\pic\planecontroller\STSPIN32F0A_ESC\Obj\stm32f0xx_hal_dac_ex.o
#        C:\pic\planecontroller\STSPIN32F0A_ESC\Obj\stm32f0xx_hal_dma.o
#        C:\pic\planecontroller\STSPIN32F0A_ESC\Obj\stm32f0xx_hal_exti.o
#        C:\pic\planecontroller\STSPIN32F0A_ESC\Obj\stm32f0xx_hal_flash.o
#        C:\pic\planecontroller\STSPIN32F0A_ESC\Obj\stm32f0xx_hal_flash_ex.o
#        C:\pic\planecontroller\STSPIN32F0A_ESC\Obj\stm32f0xx_hal_gpio.o
#        C:\pic\planecontroller\STSPIN32F0A_ESC\Obj\stm32f0xx_hal_i2c.o
#        C:\pic\planecontroller\STSPIN32F0A_ESC\Obj\stm32f0xx_hal_i2c_ex.o
#        C:\pic\planecontroller\STSPIN32F0A_ESC\Obj\stm32f0xx_hal_i2s.o
#        C:\pic\planecontroller\STSPIN32F0A_ESC\Obj\stm32f0xx_hal_irda.o
#        C:\pic\planecontroller\STSPIN32F0A_ESC\Obj\stm32f0xx_hal_iwdg.o
#        C:\pic\planecontroller\STSPIN32F0A_ESC\Obj\stm32f0xx_hal_pcd.o
#        C:\pic\planecontroller\STSPIN32F0A_ESC\Obj\stm32f0xx_hal_pcd_ex.o
#        C:\pic\planecontroller\STSPIN32F0A_ESC\Obj\stm32f0xx_hal_pwr.o
#        C:\pic\planecontroller\STSPIN32F0A_ESC\Obj\stm32f0xx_hal_pwr_ex.o
#        C:\pic\planecontroller\STSPIN32F0A_ESC\Obj\stm32f0xx_hal_rcc.o
#        C:\pic\planecontroller\STSPIN32F0A_ESC\Obj\stm32f0xx_hal_rcc_ex.o
#        C:\pic\planecontroller\STSPIN32F0A_ESC\Obj\stm32f0xx_hal_rtc.o
#        C:\pic\planecontroller\STSPIN32F0A_ESC\Obj\stm32f0xx_hal_rtc_ex.o
#        C:\pic\planecontroller\STSPIN32F0A_ESC\Obj\stm32f0xx_hal_smartcard.o
#        C:\pic\planecontroller\STSPIN32F0A_ESC\Obj\stm32f0xx_hal_smartcard_ex.o
#        C:\pic\planecontroller\STSPIN32F0A_ESC\Obj\stm32f0xx_hal_smbus.o
#        C:\pic\planecontroller\STSPIN32F0A_ESC\Obj\stm32f0xx_hal_spi.o
#        C:\pic\planecontroller\STSPIN32F0A_ESC\Obj\stm32f0xx_hal_spi_ex.o
#        C:\pic\planecontroller\STSPIN32F0A_ESC\Obj\stm32f0xx_hal_tim.o
#        C:\pic\planecontroller\STSPIN32F0A_ESC\Obj\stm32f0xx_hal_tim_ex.o
#        C:\pic\planecontroller\STSPIN32F0A_ESC\Obj\stm32f0xx_hal_tsc.o
#        C:\pic\planecontroller\STSPIN32F0A_ESC\Obj\stm32f0xx_hal_uart.o
#        C:\pic\planecontroller\STSPIN32F0A_ESC\Obj\stm32f0xx_hal_uart_ex.o
#        C:\pic\planecontroller\STSPIN32F0A_ESC\Obj\stm32f0xx_hal_usart.o
#        C:\pic\planecontroller\STSPIN32F0A_ESC\Obj\stm32f0xx_hal_wwdg.o
#        C:\pic\planecontroller\STSPIN32F0A_ESC\Obj\stm32f0xx_ll_adc.o
#        C:\pic\planecontroller\STSPIN32F0A_ESC\Obj\stm32f0xx_ll_comp.o
#        C:\pic\planecontroller\STSPIN32F0A_ESC\Obj\stm32f0xx_ll_crc.o
#        C:\pic\planecontroller\STSPIN32F0A_ESC\Obj\stm32f0xx_ll_crs.o
#        C:\pic\planecontroller\STSPIN32F0A_ESC\Obj\stm32f0xx_ll_dac.o
#        C:\pic\planecontroller\STSPIN32F0A_ESC\Obj\stm32f0xx_ll_dma.o
#        C:\pic\planecontroller\STSPIN32F0A_ESC\Obj\stm32f0xx_ll_exti.o
#        C:\pic\planecontroller\STSPIN32F0A_ESC\Obj\stm32f0xx_ll_gpio.o
#        C:\pic\planecontroller\STSPIN32F0A_ESC\Obj\stm32f0xx_ll_i2c.o
#        C:\pic\planecontroller\STSPIN32F0A_ESC\Obj\stm32f0xx_ll_pwr.o
#        C:\pic\planecontroller\STSPIN32F0A_ESC\Obj\stm32f0xx_ll_rcc.o
#        C:\pic\planecontroller\STSPIN32F0A_ESC\Obj\stm32f0xx_ll_rtc.o
#        C:\pic\planecontroller\STSPIN32F0A_ESC\Obj\stm32f0xx_ll_spi.o
#        C:\pic\planecontroller\STSPIN32F0A_ESC\Obj\stm32f0xx_ll_tim.o
#        C:\pic\planecontroller\STSPIN32F0A_ESC\Obj\stm32f0xx_ll_usart.o
#        C:\pic\planecontroller\STSPIN32F0A_ESC\Obj\stm32f0xx_ll_utils.o
#        C:\pic\planecontroller\STSPIN32F0A_ESC\Obj\stspin32f0.o
#        C:\pic\planecontroller\STSPIN32F0A_ESC\Obj\stspin32f0_hal_msp.o
#        C:\pic\planecontroller\STSPIN32F0A_ESC\Obj\stspin32f0_it.o
#        C:\pic\planecontroller\STSPIN32F0A_ESC\Obj\system_stm32f0xx.o
#        C:\pic\planecontroller\STSPIN32F0A_ESC\Obj\UART_UI.o
#        --no_out_extension -o
#        C:\pic\planecontroller\STSPIN32F0A_ESC\Exe\STSPIN32F0.out --map
#        C:\pic\planecontroller\STSPIN32F0A_ESC\List\STSPIN32F0.map --config
#        "C:\Program Files (x86)\IAR Systems\Embedded Workbench
#        8.1\arm\config\linker\ST\stm32f031x6.icf" --semihosting --entry
#        __iar_program_start --vfe --text_out locale)
#
###############################################################################

*******************************************************************************
*** RUNTIME MODEL ATTRIBUTES
***

CppFlavor       = *
__SystemLibrary = DLib
__dlib_version  = 6


*******************************************************************************
*** HEAP SELECTION
***

The basic heap was selected because no calls to memory allocation
functions were found in the application outside of system library
functions, and there are calls to deallocation functions in the
application.


*******************************************************************************
*** PLACEMENT SUMMARY
***

"A0":  place at 0x800'0000 { ro section .intvec };
"P1":  place in [from 0x800'0000 to 0x800'7fff] { ro };
define block CSTACK with size = 1K, alignment = 8 { };
define block HEAP with size = 1K, alignment = 8 { };
"P2":  place in [from 0x2000'0000 to 0x2000'0fff] {
          rw, block CSTACK, block HEAP };
initialize by copy { rw };

  Section            Kind         Address    Size  Object
  -------            ----         -------    ----  ------
"A0":                                        0xb0
  .intvec            ro code   0x800'0000    0xb0  startup_stm32f031x6.o [1]
                             - 0x800'00b0    0xb0

"P1":                                      0x5d3f
  .text              ro code   0x800'00b0  0x11fc  6Step_Lib.o [1]
  .text              ro code   0x800'12ac    0x68  STEVAL-ESC002V1.o [1]
  .text              ro code   0x800'1314   0x6a4  stm32f0xx_hal_rcc.o [1]
  .text              ro code   0x800'19b8   0x9b4  stm32f0xx_hal_tim.o [1]
  .text              ro code   0x800'236c    0xe0  I32DivModFast.o [3]
  .text              ro code   0x800'244c    0x24  stm32f0xx_hal.o [1]
  .text              ro code   0x800'2470    0x34  ABImemcpy.o [3]
  .text              ro code   0x800'24a4   0x318  stspin32f0_hal_msp.o [1]
  .text              ro code   0x800'27bc     0x2  stm32f0xx_hal_tim.o [1]
  .text              ro code   0x800'27be     0x2  stm32f0xx_hal_tim.o [1]
  .text              ro code   0x800'27c0     0x2  stm32f0xx_hal_tim.o [1]
  .text              ro code   0x800'27c2     0x2  stm32f0xx_hal_tim.o [1]
  .text              ro code   0x800'27c4     0x2  stm32f0xx_hal_tim_ex.o [1]
  .rodata            const     0x800'27c6     0x2  spi.o [1]
  .text              ro code   0x800'27c8     0x2  IntDivZer.o [3]
  .text              ro code   0x800'27ca     0x2  startup_stm32f031x6.o [1]
  .text              ro code   0x800'27cc   0x11c  stm32f0xx_hal_cortex.o [1]
  .text              ro code   0x800'28e8   0x248  stm32f0xx_hal_gpio.o [1]
  .text              ro code   0x800'2b30   0x1b4  stm32f0xx_hal_dma.o [1]
  .text              ro code   0x800'2ce4   0xcb0  spi.o [1]
  .text              ro code   0x800'3994   0x9b4  stm32f0xx_hal_spi.o [1]
  .text              ro code   0x800'4348   0x67c  main_32F0.o [1]
  .text              ro code   0x800'49c4    0x32  ABImemset.o [3]
  .text              ro code   0x800'49f6     0x2  startup_stm32f031x6.o [1]
  .text              ro code   0x800'49f8    0x32  I64Mul.o [3]
  .text              ro code   0x800'4a2a    0xa8  I64DivMod.o [3]
  .text              ro code   0x800'4ad2     0x2  startup_stm32f031x6.o [1]
  .text              ro code   0x800'4ad4   0x194  iar_Stoulx.o [2]
  .text              ro code   0x800'4c68    0x20  stm32f0xx_hal.o [1]
  .text              ro code   0x800'4c88    0x90  exti.o [1]
  .text              ro code   0x800'4d18   0x7b4  stm32f0xx_hal_uart.o [1]
  .text              ro code   0x800'54cc   0x198  stm32f0xx_hal_tim_ex.o [1]
  .text              ro code   0x800'5664    0x20  stm32f0xx_hal.o [1]
  .text              ro code   0x800'5684     0x2  I64DivZer.o [3]
  .text              ro code   0x800'5686    0x18  memchr.o [3]
  .text              ro code   0x800'569e     0x2  startup_stm32f031x6.o [1]
  .text              ro code   0x800'56a0   0x13c  stm32f0xx_hal_exti.o [1]
  .text              ro code   0x800'57dc     0x2  stm32f0xx_hal_uart_ex.o [1]
  .text              ro code   0x800'57de     0x2  stm32f0xx_hal_uart.o [1]
  .text              ro code   0x800'57e0   0x208  stspin32f0.o [1]
  .text              ro code   0x800'59e8   0x108  stm32f0xx_hal_adc.o [1]
  .text              ro code   0x800'5af0     0x2  stm32f0xx_hal_adc.o [1]
  .text              ro code   0x800'5af2     0x2  stm32f0xx_hal_adc.o [1]
  .text              ro code   0x800'5af4    0xb4  stspin32f0_it.o [1]
  .text              ro code   0x800'5ba8    0x80  system_stm32f0xx.o [1]
  Initializer bytes  const     0x800'5c28    0x54  <for P2-1>
  .text              ro code   0x800'5c7c    0x3c  zero_init3.o [3]
  .text              ro code   0x800'5cb8    0x30  copy_init3.o [3]
  .text              ro code   0x800'5ce8    0x28  data_init.o [3]
  .iar.init_table    const     0x800'5d10    0x24  - Linker created -
  .text              ro code   0x800'5d34    0x1e  cmain.o [3]
  .text              ro code   0x800'5d52     0x4  low_level_init.o [2]
  .text              ro code   0x800'5d56     0x8  exit.o [2]
  .text              ro code   0x800'5d5e     0x2  startup_stm32f031x6.o [1]
  .text              ro code   0x800'5d60     0xa  cexit.o [3]
  .text              ro code   0x800'5d6a     0x2  startup_stm32f031x6.o [1]
  .text              ro code   0x800'5d6c    0x14  exit.o [4]
  .rodata            const     0x800'5d80    0x10  stm32f0xx_hal_rcc.o [1]
  .rodata            const     0x800'5d90    0x10  stm32f0xx_hal_rcc.o [1]
  .rodata            const     0x800'5da0    0x10  system_stm32f0xx.o [1]
  .text              ro code   0x800'5db0    0x10  startup_stm32f031x6.o [1]
  .text              ro code   0x800'5dc0     0xc  cstartup_M.o [3]
  .rodata            const     0x800'5dcc     0x8  system_stm32f0xx.o [1]
  .rodata            const     0x800'5dd4     0x4  spi.o [1]
  .text              ro code   0x800'5dd8     0x2  startup_stm32f031x6.o [1]
  .text              ro code   0x800'5dda     0x2  startup_stm32f031x6.o [1]
  .text              ro code   0x800'5ddc     0x2  startup_stm32f031x6.o [1]
  .text              ro code   0x800'5dde     0x2  startup_stm32f031x6.o [1]
  .text              ro code   0x800'5de0     0x2  startup_stm32f031x6.o [1]
  .text              ro code   0x800'5de2     0x2  startup_stm32f031x6.o [1]
  .text              ro code   0x800'5de4     0x2  startup_stm32f031x6.o [1]
  .text              ro code   0x800'5de6     0x2  startup_stm32f031x6.o [1]
  .text              ro code   0x800'5de8     0x2  startup_stm32f031x6.o [1]
  .text              ro code   0x800'5dea     0x2  startup_stm32f031x6.o [1]
  .text              ro code   0x800'5dec     0x2  startup_stm32f031x6.o [1]
  .rodata            const     0x800'5dee     0x1  spi.o [1]
  .rodata            const     0x800'5def     0x0  zero_init3.o [3]
  .rodata            const     0x800'5def     0x0  copy_init3.o [3]
                             - 0x800'5def  0x5d3f

"P2", part 1 of 3:                           0x54
  P2-1                        0x2000'0000    0x54  <Init block>
    .data            inited   0x2000'0000     0x4  spi.o [1]
    .data            inited   0x2000'0004     0x4  spi.o [1]
    .data            inited   0x2000'0008    0x40  stspin32f0.o [1]
    .data            inited   0x2000'0048     0x4  system_stm32f0xx.o [1]
    .data            inited   0x2000'004c     0x2  6Step_Lib.o [1]
    .data            inited   0x2000'004e     0x2  6Step_Lib.o [1]
    .data            inited   0x2000'0050     0x2  6Step_Lib.o [1]
    .data            inited   0x2000'0052     0x1  6Step_Lib.o [1]
    .data            inited   0x2000'0053     0x1  spi.o [1]
                            - 0x2000'0054    0x54

"P2", part 2 of 3:                          0x698
  .bss               zero     0x2000'0054   0x100  main_32F0.o [1]
  .bss               zero     0x2000'0154   0x100  main_32F0.o [1]
  .bss               zero     0x2000'0254    0x80  6Step_Lib.o [1]
  .bss               zero     0x2000'02d4    0x70  stspin32f0.o [1]
  .bss               zero     0x2000'0344    0x64  spi.o [1]
  .bss               zero     0x2000'03a8    0x4c  stspin32f0.o [1]
  .bss               zero     0x2000'03f4    0x44  stspin32f0_hal_msp.o [1]
  .bss               zero     0x2000'0438    0x40  6Step_Lib.o [1]
  .bss               zero     0x2000'0478    0x40  main_32F0.o [1]
  .bss               zero     0x2000'04b8    0x40  main_32F0.o [1]
  .bss               zero     0x2000'04f8    0x40  stspin32f0.o [1]
  .bss               zero     0x2000'0538    0x40  stspin32f0.o [1]
  .bss               zero     0x2000'0578    0x40  stspin32f0.o [1]
  .bss               zero     0x2000'05b8    0x40  stspin32f0.o [1]
  .bss               zero     0x2000'05f8    0x10  6Step_Lib.o [1]
  .bss               zero     0x2000'0608     0x8  6Step_Lib.o [1]
  .bss               zero     0x2000'0610     0x8  6Step_Lib.o [1]
  .bss               zero     0x2000'0618     0x8  6Step_Lib.o [1]
  .bss               zero     0x2000'0620     0x8  6Step_Lib.o [1]
  .bss               zero     0x2000'0628     0x8  6Step_Lib.o [1]
  .bss               zero     0x2000'0630     0x8  6Step_Lib.o [1]
  .bss               zero     0x2000'0638     0x4  6Step_Lib.o [1]
  .bss               zero     0x2000'0640     0x8  6Step_Lib.o [1]
  .bss               zero     0x2000'0648     0x8  exti.o [1]
  .bss               zero     0x2000'0650     0x4  6Step_Lib.o [1]
  .bss               zero     0x2000'0654     0x4  6Step_Lib.o [1]
  .bss               zero     0x2000'0658     0x4  6Step_Lib.o [1]
  .bss               zero     0x2000'065c     0x4  6Step_Lib.o [1]
  .bss               zero     0x2000'0660     0x4  6Step_Lib.o [1]
  .bss               zero     0x2000'0664     0x4  6Step_Lib.o [1]
  .bss               zero     0x2000'0668     0x4  6Step_Lib.o [1]
  .bss               zero     0x2000'066c     0x4  6Step_Lib.o [1]
  .bss               zero     0x2000'0670     0x4  6Step_Lib.o [1]
  .bss               zero     0x2000'0674     0x4  6Step_Lib.o [1]
  .bss               zero     0x2000'0678     0x4  6Step_Lib.o [1]
  .bss               zero     0x2000'067c     0x4  6Step_Lib.o [1]
  .bss               zero     0x2000'0680     0x4  6Step_Lib.o [1]
  .bss               zero     0x2000'0684     0x4  6Step_Lib.o [1]
  .bss               zero     0x2000'0688     0x4  6Step_Lib.o [1]
  .bss               zero     0x2000'068c     0x4  6Step_Lib.o [1]
  .bss               zero     0x2000'0690     0x4  6Step_Lib.o [1]
  .bss               zero     0x2000'0694     0x4  6Step_Lib.o [1]
  .bss               zero     0x2000'0698     0x4  spi.o [1]
  .bss               zero     0x2000'069c     0x2  6Step_Lib.o [1]
  .bss               zero     0x2000'069e     0x2  6Step_Lib.o [1]
  .bss               zero     0x2000'06a0     0x2  6Step_Lib.o [1]
  .bss               zero     0x2000'06a2     0x2  6Step_Lib.o [1]
  .bss               zero     0x2000'06a4     0x2  6Step_Lib.o [1]
  .bss               zero     0x2000'06a6     0x2  6Step_Lib.o [1]
  .bss               zero     0x2000'06a8     0x2  6Step_Lib.o [1]
  .bss               zero     0x2000'06aa     0x2  6Step_Lib.o [1]
  .bss               zero     0x2000'06ac     0x2  6Step_Lib.o [1]
  .bss               zero     0x2000'06ae     0x2  6Step_Lib.o [1]
  .bss               zero     0x2000'06b0     0x2  6Step_Lib.o [1]
  .bss               zero     0x2000'06b2     0x2  6Step_Lib.o [1]
  .bss               zero     0x2000'06b4     0x2  6Step_Lib.o [1]
  .bss               zero     0x2000'06b6     0x2  6Step_Lib.o [1]
  .bss               zero     0x2000'06b8     0x2  6Step_Lib.o [1]
  .bss               zero     0x2000'06ba     0x2  6Step_Lib.o [1]
  .bss               zero     0x2000'06bc     0x2  6Step_Lib.o [1]
  .bss               zero     0x2000'06be     0x2  6Step_Lib.o [1]
  .bss               zero     0x2000'06c0     0x2  6Step_Lib.o [1]
  .bss               zero     0x2000'06c2     0x2  main_32F0.o [1]
  .bss               zero     0x2000'06c4     0x2  main_32F0.o [1]
  .bss               zero     0x2000'06c6     0x2  main_32F0.o [1]
  .bss               zero     0x2000'06c8     0x2  spi.o [1]
  .bss               zero     0x2000'06ca     0x2  spi.o [1]
  .bss               zero     0x2000'06cc     0x2  spi.o [1]
  .bss               zero     0x2000'06ce     0x2  spi.o [1]
  .bss               zero     0x2000'06d0     0x2  spi.o [1]
  .bss               zero     0x2000'06d2     0x2  spi.o [1]
  .bss               zero     0x2000'06d4     0x2  spi.o [1]
  .bss               zero     0x2000'06d6     0x2  spi.o [1]
  .bss               zero     0x2000'06d8     0x2  spi.o [1]
  .bss               zero     0x2000'06da     0x2  spi.o [1]
  .bss               zero     0x2000'06dc     0x2  spi.o [1]
  .bss               zero     0x2000'06de     0x2  spi.o [1]
  .bss               zero     0x2000'06e0     0x1  6Step_Lib.o [1]
  .bss               zero     0x2000'06e1     0x1  6Step_Lib.o [1]
  .bss               zero     0x2000'06e2     0x1  6Step_Lib.o [1]
  .bss               zero     0x2000'06e3     0x1  6Step_Lib.o [1]
  .bss               zero     0x2000'06e4     0x1  main_32F0.o [1]
  .bss               zero     0x2000'06e5     0x1  main_32F0.o [1]
  .bss               zero     0x2000'06e6     0x1  main_32F0.o [1]
  .bss               zero     0x2000'06e7     0x1  main_32F0.o [1]
  .bss               zero     0x2000'06e8     0x1  spi.o [1]
                            - 0x2000'06e9   0x695

"P2", part 3 of 3:                          0x400
  CSTACK                      0x2000'06f0   0x400  <Block>
    CSTACK           uninit   0x2000'06f0   0x400  <Block tail>
                            - 0x2000'0af0   0x400

Unused ranges:

         From           To    Size
         ----           --    ----
   0x800'5def   0x800'7fff  0x2211
  0x2000'06ec  0x2000'06ef     0x4
  0x2000'0af0  0x2000'0fff   0x510


*******************************************************************************
*** INIT TABLE
***

          Address      Size
          -------      ----
Zero (__iar_zero_init3)
    1 destination range, total size 0x695:
          0x2000'0054  0x695

Copy (__iar_copy_init3)
    1 source range, total size 0x54:
           0x800'5c28   0x54
    1 destination range, total size 0x54:
          0x2000'0000   0x54



*******************************************************************************
*** MODULE SUMMARY
***

    Module                   ro code  ro data  rw data
    ------                   -------  -------  -------
command line/config:
    --------------------------------------------------
    Total:

C:\pic\planecontroller\STSPIN32F0A_ESC\Obj: [1]
    6Step_Lib.o                4 604        7      389
    STEVAL-ESC002V1.o            104
    exti.o                       144                 8
    main_32F0.o                1 660               650
    spi.o                      3 248       16      138
    startup_stm32f031x6.o        226
    stm32f0xx_hal.o              100
    stm32f0xx_hal_adc.o          268
    stm32f0xx_hal_cortex.o       284
    stm32f0xx_hal_dma.o          436
    stm32f0xx_hal_exti.o         316
    stm32f0xx_hal_gpio.o         584
    stm32f0xx_hal_rcc.o        1 700       32
    stm32f0xx_hal_spi.o        2 484
    stm32f0xx_hal_tim.o        2 492
    stm32f0xx_hal_tim_ex.o       410
    stm32f0xx_hal_uart.o       1 974
    stm32f0xx_hal_uart_ex.o        2
    stspin32f0.o                 520       64      508
    stspin32f0_hal_msp.o         792                68
    stspin32f0_it.o              180
    system_stm32f0xx.o           128       28        4
    --------------------------------------------------
    Total:                    22 656      147    1 765

dl6M_tln.a: [2]
    exit.o                         8
    iar_Stoulx.o                 404
    low_level_init.o               4
    --------------------------------------------------
    Total:                       416

rt6M_tl.a: [3]
    ABImemcpy.o                   52
    ABImemset.o                   50
    I32DivModFast.o              224
    I64DivMod.o                  168
    I64DivZer.o                    2
    I64Mul.o                      50
    IntDivZer.o                    2
    cexit.o                       10
    cmain.o                       30
    copy_init3.o                  48
    cstartup_M.o                  12
    data_init.o                   40
    memchr.o                      24
    zero_init3.o                  60
    --------------------------------------------------
    Total:                       772

shb_l.a: [4]
    exit.o                        20
    --------------------------------------------------
    Total:                        20

    Gaps                                             4
    Linker created                         36    1 024
------------------------------------------------------
    Grand Total:              23 864      183    2 793


*******************************************************************************
*** ENTRY LIST
***

Entry                       Address   Size  Type      Object
-----                       -------   ----  ----      ------
.iar.init_table$$Base    0x800'5d10          --   Gb  - Linker created -
.iar.init_table$$Limit   0x800'5d34          --   Gb  - Linker created -
?main                    0x800'5d35         Code  Gb  cmain.o [3]
ADC1_IRQHandler          0x800'5b5b    0xa  Code  Gb  stspin32f0_it.o [1]
ADC_Channel              0x800'599d   0x30  Code  Gb  stspin32f0.o [1]
ADCx                    0x2000'03a8   0x4c  Data  Gb  stspin32f0.o [1]
AHBPrescTable            0x800'5da0   0x10  Data  Gb  system_stm32f0xx.o [1]
APBPrescTable            0x800'5dcc    0x8  Data  Gb  system_stm32f0xx.o [1]
ARR_LF                  0x2000'066c    0x4  Data  Gb  6Step_Lib.o [1]
BPM280_Init              0x800'342d  0x2be  Code  Gb  spi.o [1]
BPM280_Read_Pressure     0x800'380d   0x98  Code  Gb  spi.o [1]
BSP_BOARD_FAULT_LED_ON   0x800'12ad    0x2  Code  Gb  STEVAL-ESC002V1.o [1]
BSP_BOARD_RGB1_LED_ON    0x800'12af    0x2  Code  Gb  STEVAL-ESC002V1.o [1]
BSP_BOARD_RGB1_LED_TOGGLE
                         0x800'12b1    0x2  Code  Gb  STEVAL-ESC002V1.o [1]
CSTACK$$Base            0x2000'06f0          --   Gb  - Linker created -
CSTACK$$Limit           0x2000'0af0          --   Gb  - Linker created -
DMA1_Channel2_3_IRQHandler
                         0x800'5b03    0xc  Code  Gb  stspin32f0_it.o [1]
DMA_CalcBaseAndBitshift
                         0x800'2cbf   0x1a  Code  Lc  stm32f0xx_hal_dma.o [1]
DisableInput_CH1_D_CH2_D_CH3_D
                         0x800'583f    0x2  Code  Gb  stspin32f0.o [1]
EXTI0_1_IRQHandler       0x800'4cf9    0xa  Code  Gb  exti.o [1]
EXTILine1_Config         0x800'4c89   0x70  Code  Gb  exti.o [1]
El_Speed_Hz             0x2000'067c    0x4  Data  Gb  6Step_Lib.o [1]
EnableInput_CH1_D_CH2_E_CH3_E
                         0x800'5823   0x1a  Code  Gb  stspin32f0.o [1]
EnableInput_CH1_E_CH2_D_CH3_E
                         0x800'580b   0x18  Code  Gb  stspin32f0.o [1]
EnableInput_CH1_E_CH2_E_CH3_D
                         0x800'57f1   0x1a  Code  Gb  stspin32f0.o [1]
EnableInput_CH1_E_CH2_E_CH3_E
                         0x800'583d    0x2  Code  Gb  stspin32f0.o [1]
Enable_start_button     0x2000'0052    0x1  Data  Gb  6Step_Lib.o [1]
Error_Handler            0x800'49b1   0x14  Code  Gb  main_32F0.o [1]
Exti1RisingCb            0x800'2ecd   0x4a  Code  Gb  spi.o [1]
Ferr_old                0x2000'0004    0x4  Data  Gb  spi.o [1]
Ftarget                 0x2000'0000    0x4  Data  Gb  spi.o [1]
GPSCommand              0x2000'0154  0x100  Data  Gb  main_32F0.o [1]
GPSCommandIndex         0x2000'06e4    0x1  Data  Gb  main_32F0.o [1]
GPSRxBuffer             0x2000'0054  0x100  Data  Gb  main_32F0.o [1]
GPS_GGA                  0x800'4349   0xca  Code  Gb  main_32F0.o [1]
GPS_Received_Value       0x800'4451   0x40  Code  Gb  main_32F0.o [1]
GPS_UART_Init            0x800'4873   0x28  Code  Gb  main_32F0.o [1]
GPS_VTG                  0x800'4413   0x3e  Code  Gb  main_32F0.o [1]
Get_UART_Data            0x800'59cd    0x8  Code  Gb  stspin32f0.o [1]
HAL_ADC_ConvCpltCallback
                         0x800'2751    0xa  Code  Gb  stspin32f0_hal_msp.o [1]
HAL_ADC_IRQHandler       0x800'59e9  0x102  Code  Gb  stm32f0xx_hal_adc.o [1]
HAL_DMA_Abort_IT         0x800'2b91   0x58  Code  Gb  stm32f0xx_hal_dma.o [1]
HAL_DMA_IRQHandler       0x800'2be9   0xd6  Code  Gb  stm32f0xx_hal_dma.o [1]
HAL_DMA_Init             0x800'2b31   0x5c  Code  Gb  stm32f0xx_hal_dma.o [1]
HAL_Delay                0x800'5665   0x20  Code  Wk  stm32f0xx_hal.o [1]
HAL_EXTI_IRQHandler      0x800'579d   0x26  Code  Gb  stm32f0xx_hal_exti.o [1]
HAL_EXTI_RegisterCallback
                         0x800'5783   0x1a  Code  Gb  stm32f0xx_hal_exti.o [1]
HAL_EXTI_SetConfigLine   0x800'56a1   0xe2  Code  Gb  stm32f0xx_hal_exti.o [1]
HAL_GPIO_Init            0x800'28e9  0x1f2  Code  Gb  stm32f0xx_hal_gpio.o [1]
HAL_GPIO_ReadPin         0x800'2adb   0x1a  Code  Gb  stm32f0xx_hal_gpio.o [1]
HAL_GPIO_WritePin        0x800'2af5   0x1a  Code  Gb  stm32f0xx_hal_gpio.o [1]
HAL_GetTick              0x800'1283    0x6  Code  Gb  6Step_Lib.o [1]
HAL_IncTick              0x800'1279    0xa  Code  Gb  6Step_Lib.o [1]
HAL_Init                 0x800'4c69   0x1a  Code  Gb  stm32f0xx_hal.o [1]
HAL_InitTick             0x800'244d   0x24  Code  Wk  stm32f0xx_hal.o [1]
HAL_MspInit              0x800'24a5   0x10  Code  Gb  stspin32f0_hal_msp.o [1]
HAL_NVIC_EnableIRQ       0x800'28ad    0xe  Code  Gb  stm32f0xx_hal_cortex.o [1]
HAL_NVIC_SetPriority     0x800'2899   0x14  Code  Gb  stm32f0xx_hal_cortex.o [1]
HAL_RCC_ClockConfig      0x800'1789  0x152  Code  Gb  stm32f0xx_hal_rcc.o [1]
HAL_RCC_GetHCLKFreq      0x800'1965    0x6  Code  Gb  stm32f0xx_hal_rcc.o [1]
HAL_RCC_GetPCLK1Freq     0x800'1971   0x18  Code  Gb  stm32f0xx_hal_rcc.o [1]
HAL_RCC_GetSysClockFreq
                         0x800'18ed   0x72  Code  Gb  stm32f0xx_hal_rcc.o [1]
HAL_RCC_OscConfig        0x800'1315  0x45c  Code  Gb  stm32f0xx_hal_rcc.o [1]
HAL_SPI_Init             0x800'3995   0xd0  Code  Gb  stm32f0xx_hal_spi.o [1]
HAL_SPI_MspInit          0x800'38fd   0x5e  Code  Gb  spi.o [1]
HAL_SPI_Receive          0x800'3c55  0x1ce  Code  Gb  stm32f0xx_hal_spi.o [1]
HAL_SPI_Transmit         0x800'3a65  0x1e6  Code  Gb  stm32f0xx_hal_spi.o [1]
HAL_SPI_TransmitReceive
                         0x800'3e2d  0x2c2  Code  Gb  stm32f0xx_hal_spi.o [1]
HAL_SYSTICK_Callback     0x800'27b5    0x8  Code  Gb  stspin32f0_hal_msp.o [1]
HAL_SYSTICK_Config       0x800'28bb    0xc  Code  Gb  stm32f0xx_hal_cortex.o [1]
HAL_SYSTICK_IRQHandler   0x800'28e1    0x8  Code  Gb  stm32f0xx_hal_cortex.o [1]
HAL_TIMEx_BreakCallback
                         0x800'2771   0x16  Code  Gb  stspin32f0_hal_msp.o [1]
HAL_TIMEx_CommutationCallback
                         0x800'27c5    0x2  Code  Wk  stm32f0xx_hal_tim_ex.o [1]
HAL_TIMEx_ConfigBreakDeadTime
                         0x800'55bb   0x70  Code  Gb  stm32f0xx_hal_tim_ex.o [1]
HAL_TIMEx_MasterConfigSynchronization
                         0x800'5561   0x5a  Code  Gb  stm32f0xx_hal_tim_ex.o [1]
HAL_TIMEx_PWMN_Start     0x800'54cd   0x2e  Code  Gb  stm32f0xx_hal_tim_ex.o [1]
HAL_TIMEx_PWMN_Stop      0x800'54fb   0x5a  Code  Gb  stm32f0xx_hal_tim_ex.o [1]
HAL_TIM_Base_Init        0x800'19b9   0x38  Code  Gb  stm32f0xx_hal_tim.o [1]
HAL_TIM_Base_MspInit     0x800'24b5   0x38  Code  Gb  stspin32f0_hal_msp.o [1]
HAL_TIM_Base_Start_IT    0x800'19f1   0x1c  Code  Gb  stm32f0xx_hal_tim.o [1]
HAL_TIM_Base_Stop_IT     0x800'1a0d   0x38  Code  Gb  stm32f0xx_hal_tim.o [1]
HAL_TIM_ConfigClockSource
                         0x800'1e31  0x126  Code  Gb  stm32f0xx_hal_tim.o [1]
HAL_TIM_IRQHandler       0x800'1b7d  0x1ac  Code  Gb  stm32f0xx_hal_tim.o [1]
HAL_TIM_PWM_ConfigChannel
                         0x800'1d29  0x102  Code  Gb  stm32f0xx_hal_tim.o [1]
HAL_TIM_PWM_Init         0x800'1a4d   0x38  Code  Gb  stm32f0xx_hal_tim.o [1]
HAL_TIM_PWM_MspInit      0x800'24ed  0x1a6  Code  Gb  stspin32f0_hal_msp.o [1]
HAL_TIM_PWM_Start        0x800'1a85   0x52  Code  Gb  stm32f0xx_hal_tim.o [1]
HAL_TIM_PWM_Stop         0x800'1ad9   0x86  Code  Gb  stm32f0xx_hal_tim.o [1]
HAL_TIM_PeriodElapsedCallback
                         0x800'275b   0x12  Code  Gb  stspin32f0_hal_msp.o [1]
HAL_TIM_SlaveConfigSynchronization
                         0x800'1f57   0x4c  Code  Gb  stm32f0xx_hal_tim.o [1]
HAL_UARTEx_WakeupCallback
                         0x800'57dd    0x2  Code  Wk  stm32f0xx_hal_uart_ex.o [1]
HAL_UART_ErrorCallback   0x800'44f9    0x2  Code  Gb  main_32F0.o [1]
HAL_UART_IRQHandler      0x800'4e59  0x16c  Code  Gb  stm32f0xx_hal_uart.o [1]
HAL_UART_Init            0x800'4d19   0x7e  Code  Gb  stm32f0xx_hal_uart.o [1]
HAL_UART_MspInit         0x800'26a5   0xa6  Code  Gb  stspin32f0_hal_msp.o [1]
HAL_UART_MspInit::hdma_tx
                        0x2000'03f4   0x44  Data  Lc  stspin32f0_hal_msp.o [1]
HAL_UART_Receive_IT      0x800'4d9d   0xb8  Code  Gb  stm32f0xx_hal_uart.o [1]
HAL_UART_RxCpltCallback
                         0x800'4491   0x68  Code  Gb  main_32F0.o [1]
HF_TIMx                 0x2000'0538   0x40  Data  Gb  stspin32f0.o [1]
HF_TIMx_SetDutyCycle     0x800'58ed   0x20  Code  Gb  stspin32f0.o [1]
HF_TIMx_SetDutyCycle_CH1
                         0x800'58bd    0xc  Code  Gb  stspin32f0.o [1]
HF_TIMx_SetDutyCycle_CH2
                         0x800'58c9    0xc  Code  Gb  stspin32f0.o [1]
HF_TIMx_SetDutyCycle_CH3
                         0x800'58d5    0xc  Code  Gb  stspin32f0.o [1]
HF_TIMx_SetDutyCycle_CH4
                         0x800'58e1    0xc  Code  Gb  stspin32f0.o [1]
HardFault_Handler        0x800'5af5    0x4  Code  Gb  stspin32f0_it.o [1]
IF_TIMx                 0x2000'04f8   0x40  Data  Gb  stspin32f0.o [1]
LF_TIMx                 0x2000'0578   0x40  Data  Gb  stspin32f0.o [1]
LL_GPIO_IsInputPinSet    0x800'00b1   0x14  Code  Lc  6Step_Lib.o [1]
LL_TIM_CC_DisableChannel
                         0x800'57e9    0x8  Code  Lc  stspin32f0.o [1]
LL_TIM_CC_EnableChannel
                         0x800'57e1    0x8  Code  Lc  stspin32f0.o [1]
LL_TIM_DisableUpdateEvent
                         0x800'00d9    0xa  Code  Lc  6Step_Lib.o [1]
LL_TIM_EnableAllOutputs
                         0x800'00fb    0xc  Code  Lc  6Step_Lib.o [1]
LL_TIM_EnableCounter     0x800'00c5    0xa  Code  Lc  6Step_Lib.o [1]
LL_TIM_EnableUpdateEvent
                         0x800'00cf    0xa  Code  Lc  6Step_Lib.o [1]
LL_TIM_GenerateEvent_COM
                         0x800'0107    0xa  Code  Lc  6Step_Lib.o [1]
LL_TIM_GetCounter        0x800'00e3    0x4  Code  Lc  6Step_Lib.o [1]
LL_TIM_GetDirection      0x800'00e7    0x8  Code  Lc  6Step_Lib.o [1]
LL_TIM_GetPrescaler      0x800'00ef    0x4  Code  Lc  6Step_Lib.o [1]
LL_TIM_OC_GetCompareCH4
                         0x800'00f7    0x4  Code  Lc  6Step_Lib.o [1]
LL_TIM_SetAutoReload     0x800'00f3    0x4  Code  Lc  6Step_Lib.o [1]
MC_ADCx_SixStep_User     0x800'0e35    0x2  Code  Gb  6Step_Lib.o [1]
MC_Arr_Filter            0x800'0c25   0xbc  Code  Gb  6Step_Lib.o [1]
MC_Set_PI_param          0x800'0a95   0x54  Code  Gb  6Step_Lib.o [1]
MC_SixStep_Alignment     0x800'0a15   0x7a  Code  Gb  6Step_Lib.o [1]
MC_SixStep_DisableInput_CH1_D_CH2_D_CH3_D
                         0x800'12b3    0xa  Code  Gb  STEVAL-ESC002V1.o [1]
MC_SixStep_HF_TIMx_SetDutyCycle_CH1
                         0x800'12d1   0x10  Code  Gb  STEVAL-ESC002V1.o [1]
MC_SixStep_HF_TIMx_SetDutyCycle_CH2
                         0x800'12e1   0x10  Code  Gb  STEVAL-ESC002V1.o [1]
MC_SixStep_HF_TIMx_SetDutyCycle_CH3
                         0x800'12f1   0x10  Code  Gb  STEVAL-ESC002V1.o [1]
MC_SixStep_HF_TIMx_SetDutyCycle_CH4
                         0x800'1301   0x10  Code  Gb  STEVAL-ESC002V1.o [1]
MC_SixStep_INIT          0x800'0be5   0x28  Code  Gb  6Step_Lib.o [1]
MC_SixStep_Init_main_data
                         0x800'0ba1   0x3c  Code  Gb  6Step_Lib.o [1]
MC_SixStep_NEXT_step     0x800'0745   0x7a  Code  Gb  6Step_Lib.o [1]
MC_SixStep_Prepare_NEXT_step
                         0x800'06d9   0x5e  Code  Gb  6Step_Lib.o [1]
MC_SixStep_RESET         0x800'07dd  0x194  Code  Gb  6Step_Lib.o [1]
MC_SixStep_Start_PWM_driving
                         0x800'12bd    0xa  Code  Gb  STEVAL-ESC002V1.o [1]
MC_SixStep_Stop_PWM_driving
                         0x800'12c7    0xa  Code  Gb  STEVAL-ESC002V1.o [1]
MC_SixStep_TABLE         0x800'0111  0x5c4  Code  Gb  6Step_Lib.o [1]
MC_Speed_Filter          0x800'0ce5   0x36  Code  Gb  6Step_Lib.o [1]
MC_StopMotor             0x800'0b29   0x72  Code  Gb  6Step_Lib.o [1]
MC_SysTick_SixStep_MediumFrequencyTask
                         0x800'0d31   0xca  Code  Gb  6Step_Lib.o [1]
MC_TIMx_SixStep_timebase
                         0x800'0c19    0xc  Code  Gb  6Step_Lib.o [1]
MC_Task_DutyCycle        0x800'0ae9   0x32  Code  Gb  6Step_Lib.o [1]
MC_Zero_Crossing_Read    0x800'0e39  0x428  Code  Gb  6Step_Lib.o [1]
MX_GPIO_Init             0x800'48ad   0xc4  Code  Lc  main_32F0.o [1]
MX_HF_TIMx_Init          0x800'46a9   0xde  Code  Lc  main_32F0.o [1]
MX_LF_TIMx_Init          0x800'4791   0x56  Code  Lc  main_32F0.o [1]
MX_SPI1_Init             0x800'38a5   0x42  Code  Gb  spi.o [1]
MX_ZC_TIMx_Init          0x800'47f1   0x82  Code  Lc  main_32F0.o [1]
Mech_Speed_RPM          0x2000'0678    0x4  Data  Gb  6Step_Lib.o [1]
NVIC_EnableIRQ           0x800'27cd    0xe  Code  Lc  stm32f0xx_hal_cortex.o [1]
NVIC_SetPriority         0x800'27db   0x8c  Code  Lc  stm32f0xx_hal_cortex.o [1]
Overcurrent_Selection    0x800'590d   0x16  Code  Gb  stspin32f0.o [1]
Overcurrent_Threshold_Setvalue
                         0x800'5923   0x7a  Code  Gb  stspin32f0.o [1]
PI_parameters           0x2000'05f8   0x10  Data  Gb  6Step_Lib.o [1]
Region$$Table$$Base      0x800'5d10          --   Gb  - Linker created -
Region$$Table$$Limit     0x800'5d34          --   Gb  - Linker created -
Rotor_poles_pairs       0x2000'06b2    0x2  Data  Gb  6Step_Lib.o [1]
SERVO_TIM16             0x2000'04b8   0x40  Data  Gb  main_32F0.o [1]
SERVO_TIM16_Init         0x800'4629   0x70  Code  Lc  main_32F0.o [1]
SERVO_TIM17             0x2000'0478   0x40  Data  Gb  main_32F0.o [1]
SERVO_TIM17_Init         0x800'45ab   0x70  Code  Lc  main_32F0.o [1]
SIXSTEP_parameters      0x2000'0254   0x80  Data  Gb  6Step_Lib.o [1]
SPI_EndRxTransaction     0x800'4251   0x8e  Code  Lc  stm32f0xx_hal_spi.o [1]
SPI_EndRxTxTransaction   0x800'42df   0x6a  Code  Lc  stm32f0xx_hal_spi.o [1]
SPI_WaitFifoStateUntilTimeout
                         0x800'4199   0xb2  Code  Lc  stm32f0xx_hal_spi.o [1]
SPI_WaitFlagStateUntilTimeout
                         0x800'40f9   0xa0  Code  Lc  stm32f0xx_hal_spi.o [1]
STSPIN32F0MotorDriver   0x2000'0008   0x40  Data  Gb  stspin32f0.o [1]
SX1976_AFC               0x800'316d  0x100  Code  Gb  spi.o [1]
SX1976_Init              0x800'3285  0x188  Code  Gb  spi.o [1]
SX1976_OnRX              0x800'2f7d  0x186  Code  Gb  spi.o [1]
SX1976_OnTX              0x800'3103   0x64  Code  Gb  spi.o [1]
SX1976_RX_Reset          0x800'2f17   0x14  Code  Gb  spi.o [1]
SX1976_TX_Reset          0x800'2f2b    0xc  Code  Gb  spi.o [1]
ServoPB6Angle            0x800'2f57   0x20  Code  Gb  spi.o [1]
ServoPB7Angle            0x800'2f37   0x20  Code  Gb  spi.o [1]
Start_PWM_driving        0x800'5841   0x3e  Code  Gb  stspin32f0.o [1]
Stop_PWM_driving         0x800'587f   0x3e  Code  Gb  stspin32f0.o [1]
SysTick_Config           0x800'2867   0x32  Code  Lc  stm32f0xx_hal_cortex.o [1]
SysTick_Handler          0x800'5b65    0xc  Code  Gb  stspin32f0_it.o [1]
SystemClock_Config       0x800'454d   0x5e  Code  Gb  main_32F0.o [1]
SystemCoreClock         0x2000'0048    0x4  Data  Gb  system_stm32f0xx.o [1]
SystemInit               0x800'5ba9   0x52  Code  Gb  system_stm32f0xx.o [1]
TIM16_IRQHandler         0x800'5b71    0xa  Code  Gb  stspin32f0_it.o [1]
TIM1_BRK_UP_TRG_COM_IRQHandler
                         0x800'5b0f   0x4c  Code  Gb  stspin32f0_it.o [1]
TIM2_IRQHandler          0x800'5ba1    0x8  Code  Gb  stspin32f0_it.o [1]
TIM3_IRQHandler          0x800'5b7b    0xa  Code  Gb  stspin32f0_it.o [1]
TIM_Base_SetConfig       0x800'1fa9   0x7c  Code  Gb  stm32f0xx_hal_tim.o [1]
TIM_CCxChannelCmd        0x800'2351   0x1c  Code  Gb  stm32f0xx_hal_tim.o [1]
TIM_CCxNChannelCmd       0x800'5649   0x1c  Code  Lc  stm32f0xx_hal_tim_ex.o [1]
TIM_ETR_SetConfig        0x800'2323   0x1a  Code  Gb  stm32f0xx_hal_tim.o [1]
TIM_ITRx_SetConfig       0x800'2309   0x1a  Code  Lc  stm32f0xx_hal_tim.o [1]
TIM_OC1_SetConfig        0x800'2025   0x76  Code  Lc  stm32f0xx_hal_tim.o [1]
TIM_OC2_SetConfig        0x800'20a1   0x74  Code  Gb  stm32f0xx_hal_tim.o [1]
TIM_OC3_SetConfig        0x800'2115   0x70  Code  Lc  stm32f0xx_hal_tim.o [1]
TIM_OC4_SetConfig        0x800'2189   0x56  Code  Lc  stm32f0xx_hal_tim.o [1]
TIM_SlaveTimer_SetConfig
                         0x800'21f9   0xa6  Code  Lc  stm32f0xx_hal_tim.o [1]
TIM_TI1_ConfigInputStage
                         0x800'22a5   0x28  Code  Lc  stm32f0xx_hal_tim.o [1]
TIM_TI2_ConfigInputStage
                         0x800'22cd   0x2a  Code  Lc  stm32f0xx_hal_tim.o [1]
T_single_step           0x2000'0660    0x4  Data  Gb  6Step_Lib.o [1]
T_single_step_first_value
                        0x2000'0664    0x4  Data  Gb  6Step_Lib.o [1]
Tick_cnt                0x2000'0690    0x4  Data  Gb  6Step_Lib.o [1]
Time_vector_prev_tmp    0x2000'065c    0x4  Data  Gb  6Step_Lib.o [1]
Time_vector_tmp         0x2000'0658    0x4  Data  Gb  6Step_Lib.o [1]
UART_AdvFeatureConfig    0x800'5163   0xde  Code  Gb  stm32f0xx_hal_uart.o [1]
UART_CheckIdleState      0x800'5249   0x6e  Code  Gb  stm32f0xx_hal_uart.o [1]
UART_DMAAbortOnError     0x800'5389   0x18  Code  Lc  stm32f0xx_hal_uart.o [1]
UART_EndRxTransfer       0x800'532d   0x20  Code  Lc  stm32f0xx_hal_uart.o [1]
UART_EndTransmit_IT      0x800'5415   0x20  Code  Gb  stm32f0xx_hal_uart.o [1]
UART_Receive_IT          0x800'5435   0x90  Code  Gb  stm32f0xx_hal_uart.o [1]
UART_SetConfig           0x800'4fc9  0x198  Code  Gb  stm32f0xx_hal_uart.o [1]
UART_Transmit_IT         0x800'53a1   0x74  Code  Gb  stm32f0xx_hal_uart.o [1]
UART_WaitOnFlagUntilTimeout
                         0x800'52c5   0x68  Code  Gb  stm32f0xx_hal_uart.o [1]
USART1_IRQHandler        0x800'5af9    0xa  Code  Gb  stspin32f0_it.o [1]
ZC_TIMx                 0x2000'05b8   0x40  Data  Gb  stspin32f0.o [1]
__ICFEDIT_region_RAM_end__ {Abs}
                        0x2000'0fff         Data  Gb  <internal module>
__ICFEDIT_region_RAM_start__ {Abs}
                        0x2000'0000         Data  Gb  <internal module>
__aeabi_idiv             0x800'2399         Code  Gb  I32DivModFast.o [3]
__aeabi_idiv0            0x800'27c9         Code  Gb  IntDivZer.o [3]
__aeabi_idivmod          0x800'2399         Code  Gb  I32DivModFast.o [3]
__aeabi_ldiv0            0x800'5685         Code  Gb  I64DivZer.o [3]
__aeabi_ldivmod          0x800'4a2b         Code  Gb  I64DivMod.o [3]
__aeabi_lmul             0x800'49f9         Code  Gb  I64Mul.o [3]
__aeabi_memclr4          0x800'49c5         Code  Gb  ABImemset.o [3]
__aeabi_memclr8          0x800'49c5         Code  Gb  ABImemset.o [3]
__aeabi_memcpy4          0x800'2471         Code  Wk  ABImemcpy.o [3]
__aeabi_uidiv            0x800'239f         Code  Gb  I32DivModFast.o [3]
__aeabi_uidivmod         0x800'239f         Code  Gb  I32DivModFast.o [3]
__aeabi_uldivmod         0x800'4a69         Code  Gb  I64DivMod.o [3]
__cmain                  0x800'5d35         Code  Gb  cmain.o [3]
__exit                   0x800'5d6d   0x14  Code  Gb  exit.o [4]
__iar_Memset4_word       0x800'49c9         Code  Gb  ABImemset.o [3]
__iar_Stoulx             0x800'4ad5  0x134  Code  Gb  iar_Stoulx.o [2]
__iar_copy_init3         0x800'5cb9   0x30  Code  Gb  copy_init3.o [3]
__iar_data_init3         0x800'5ce9   0x28  Code  Gb  data_init.o [3]
__iar_program_start      0x800'5dc1         Code  Gb  cstartup_M.o [3]
__iar_zero_init3         0x800'5c7d   0x3c  Code  Gb  zero_init3.o [3]
__low_level_init         0x800'5d53    0x4  Code  Gb  low_level_init.o [2]
__vector_table           0x800'0000         Data  Gb  startup_stm32f031x6.o [1]
_call_main               0x800'5d41         Code  Gb  cmain.o [3]
_exit                    0x800'5d61         Code  Gb  cexit.o [3]
_main                    0x800'5d4f         Code  Gb  cmain.o [3]
array_completed         0x2000'06e0    0x1  Data  Gb  6Step_Lib.o [1]
atoi                     0x800'4c09    0x4  Code  Gb  iar_Stoulx.o [2]
bmp280_compensate_P      0x800'373d   0xd0  Code  Gb  spi.o [1]
bmp280_compensate_T      0x800'36f5   0x44  Code  Gb  spi.o [1]
changePolarity          0x2000'06ae    0x2  Data  Gb  6Step_Lib.o [1]
cnt_bemf_event          0x2000'06bc    0x2  Data  Gb  6Step_Lib.o [1]
commTime                0x2000'0674    0x4  Data  Gb  6Step_Lib.o [1]
constant_k              0x2000'0654    0x4  Data  Gb  6Step_Lib.o [1]
constant_multiplier_tmp
                        0x2000'0640    0x8  Data  Gb  6Step_Lib.o [1]
counter_ARR_Bemf        0x2000'0694    0x4  Data  Gb  6Step_Lib.o [1]
cyclesToPwmEdge         0x2000'0638    0x4  Data  Gb  6Step_Lib.o [1]
delta                   0x2000'0668    0x4  Data  Gb  6Step_Lib.o [1]
dig_P1                  0x2000'06ce    0x2  Data  Gb  spi.o [1]
dig_P2                  0x2000'06d0    0x2  Data  Gb  spi.o [1]
dig_P3                  0x2000'06d2    0x2  Data  Gb  spi.o [1]
dig_P4                  0x2000'06d4    0x2  Data  Gb  spi.o [1]
dig_P5                  0x2000'06d6    0x2  Data  Gb  spi.o [1]
dig_P6                  0x2000'06d8    0x2  Data  Gb  spi.o [1]
dig_P7                  0x2000'06da    0x2  Data  Gb  spi.o [1]
dig_P8                  0x2000'06dc    0x2  Data  Gb  spi.o [1]
dig_P9                  0x2000'06de    0x2  Data  Gb  spi.o [1]
dig_T1                  0x2000'06c8    0x2  Data  Gb  spi.o [1]
dig_T2                  0x2000'06ca    0x2  Data  Gb  spi.o [1]
dig_T3                  0x2000'06cc    0x2  Data  Gb  spi.o [1]
digits                   0x800'4c18   0x28  Data  Lc  iar_Stoulx.o [2]
exit                     0x800'5d57    0x8  Code  Gb  exit.o [2]
frf                     0x2000'0698    0x4  Data  Gb  spi.o [1]
gps_elevation           0x2000'06c2    0x2  Data  Gb  main_32F0.o [1]
ground_speed            0x2000'06e7    0x1  Data  Gb  main_32F0.o [1]
hexti                   0x2000'0648    0x8  Data  Gb  exti.o [1]
hfn                     0x2000'06b0    0x2  Data  Gb  6Step_Lib.o [1]
hspi1                   0x2000'0344   0x64  Data  Gb  spi.o [1]
huart                   0x2000'02d4   0x70  Data  Gb  stspin32f0.o [1]
index_ARR_step          0x2000'004c    0x2  Data  Gb  6Step_Lib.o [1]
index_adc_chn           0x2000'06ba    0x2  Data  Gb  6Step_Lib.o [1]
index_align             0x2000'06be    0x2  Data  Gb  6Step_Lib.o [1]
index_array             0x2000'06b4    0x2  Data  Gb  6Step_Lib.o [1]
index_pot_filt          0x2000'0050    0x2  Data  Gb  6Step_Lib.o [1]
index_startup_motor     0x2000'004e    0x2  Data  Gb  6Step_Lib.o [1]
latitude                0x2000'06e5    0x1  Data  Gb  main_32F0.o [1]
latitude_frac           0x2000'06c4    0x2  Data  Gb  main_32F0.o [1]
lf_timer_failure        0x2000'06e2    0x1  Data  Gb  6Step_Lib.o [1]
longitude               0x2000'06e6    0x1  Data  Gb  main_32F0.o [1]
longitude_frac          0x2000'06c6    0x2  Data  Gb  main_32F0.o [1]
main                     0x800'44fb   0x52  Code  Gb  main_32F0.o [1]
mech_accel_hz           0x2000'0650    0x4  Data  Gb  6Step_Lib.o [1]
memchr                   0x800'5687   0x18  Code  Gb  memchr.o [3]
n_zcr_startup           0x2000'0680    0x4  Data  Gb  6Step_Lib.o [1]
ndigs                    0x800'4c40   0x28  Data  Lc  iar_Stoulx.o [2]
postGT                  0x2000'06b8    0x2  Data  Gb  6Step_Lib.o [1]
potent_filtered         0x2000'06c0    0x2  Data  Gb  6Step_Lib.o [1]
preGT                   0x2000'06b6    0x2  Data  Gb  6Step_Lib.o [1]
read                     0x800'2e31   0x5c  Code  Lc  spi.o [1]
speed_fdbk_error        0x2000'06e3    0x1  Data  Gb  6Step_Lib.o [1]
speed_sum_pot_filt      0x2000'068c    0x4  Data  Gb  6Step_Lib.o [1]
speed_sum_sp_filt       0x2000'0688    0x4  Data  Gb  6Step_Lib.o [1]
speed_tmp_array         0x2000'0438   0x40  Data  Gb  6Step_Lib.o [1]
startup_bemf_failure    0x2000'06e1    0x1  Data  Gb  6Step_Lib.o [1]
stepPrepared            0x2000'069c    0x2  Data  Gb  6Step_Lib.o [1]
suspend_afr             0x2000'0053    0x1  Data  Gb  spi.o [1]
tx                      0x2000'06e8    0x1  Data  Gb  spi.o [1]
uwTick                  0x2000'0684    0x4  Data  Lc  6Step_Lib.o [1]
write                    0x800'2e8d   0x40  Code  Lc  spi.o [1]
write_and_retry          0x800'2ce5   0xa4  Code  Lc  spi.o [1]
write_and_verify         0x800'2d89   0xa8  Code  Lc  spi.o [1]
zc                      0x2000'06aa    0x2  Data  Gb  6Step_Lib.o [1]
zcdTime                 0x2000'0670    0x4  Data  Gb  6Step_Lib.o [1]
zcn                     0x2000'06ac    0x2  Data  Gb  6Step_Lib.o [1]
zcuHl                   0x2000'0620    0x8  Data  Gb  6Step_Lib.o [1]
zcuIndexHl              0x2000'06a4    0x2  Data  Gb  6Step_Lib.o [1]
zcuIndexLh              0x2000'069e    0x2  Data  Gb  6Step_Lib.o [1]
zcuLh                   0x2000'0608    0x8  Data  Gb  6Step_Lib.o [1]
zcvHl                   0x2000'0628    0x8  Data  Gb  6Step_Lib.o [1]
zcvIndexHl              0x2000'06a6    0x2  Data  Gb  6Step_Lib.o [1]
zcvIndexLh              0x2000'06a0    0x2  Data  Gb  6Step_Lib.o [1]
zcvLh                   0x2000'0610    0x8  Data  Gb  6Step_Lib.o [1]
zcwHl                   0x2000'0630    0x8  Data  Gb  6Step_Lib.o [1]
zcwIndexHl              0x2000'06a8    0x2  Data  Gb  6Step_Lib.o [1]
zcwIndexLh              0x2000'06a2    0x2  Data  Gb  6Step_Lib.o [1]
zcwLh                   0x2000'0618    0x8  Data  Gb  6Step_Lib.o [1]


[1] = C:\pic\planecontroller\STSPIN32F0A_ESC\Obj
[2] = dl6M_tln.a
[3] = rt6M_tl.a
[4] = shb_l.a

  23 864 bytes of readonly  code memory
     183 bytes of readonly  data memory
   2 793 bytes of readwrite data memory

Errors: none
Warnings: none
