###############################################################################
#
# IAR ELF Linker V8.30.1.114/W32 for ARM                  01/Jul/2020  22:46:17
# Copyright 2007-2018 IAR Systems AB.
#
#    Output file  =  C:\pic\planecontroller\STSPIN32F0A_ESC\Exe\STSPIN32F0.out
#    Map file     =  C:\pic\planecontroller\STSPIN32F0A_ESC\List\STSPIN32F0.map
#    Command line =  
#        -f C:\Users\VLADIS~1\AppData\Local\Temp\EWBA17.tmp
#        (C:\pic\planecontroller\STSPIN32F0A_ESC\Obj\6Step_Lib.o
#        C:\pic\planecontroller\STSPIN32F0A_ESC\Obj\exti.o
#        C:\pic\planecontroller\STSPIN32F0A_ESC\Obj\main_32F0.o
#        C:\pic\planecontroller\STSPIN32F0A_ESC\Obj\spi.o
#        C:\pic\planecontroller\STSPIN32F0A_ESC\Obj\startup_stm32f031x6.o
#        C:\pic\planecontroller\STSPIN32F0A_ESC\Obj\STEVAL-ESC002V1.o
#        C:\pic\planecontroller\STSPIN32F0A_ESC\Obj\stm32f0xx_hal.o
#        C:\pic\planecontroller\STSPIN32F0A_ESC\Obj\stm32f0xx_hal_adc.o
#        C:\pic\planecontroller\STSPIN32F0A_ESC\Obj\stm32f0xx_hal_adc_ex.o
#        C:\pic\planecontroller\STSPIN32F0A_ESC\Obj\stm32f0xx_hal_can.o
#        C:\pic\planecontroller\STSPIN32F0A_ESC\Obj\stm32f0xx_hal_cec.o
#        C:\pic\planecontroller\STSPIN32F0A_ESC\Obj\stm32f0xx_hal_comp.o
#        C:\pic\planecontroller\STSPIN32F0A_ESC\Obj\stm32f0xx_hal_cortex.o
#        C:\pic\planecontroller\STSPIN32F0A_ESC\Obj\stm32f0xx_hal_crc.o
#        C:\pic\planecontroller\STSPIN32F0A_ESC\Obj\stm32f0xx_hal_crc_ex.o
#        C:\pic\planecontroller\STSPIN32F0A_ESC\Obj\stm32f0xx_hal_dac.o
#        C:\pic\planecontroller\STSPIN32F0A_ESC\Obj\stm32f0xx_hal_dac_ex.o
#        C:\pic\planecontroller\STSPIN32F0A_ESC\Obj\stm32f0xx_hal_dma.o
#        C:\pic\planecontroller\STSPIN32F0A_ESC\Obj\stm32f0xx_hal_exti.o
#        C:\pic\planecontroller\STSPIN32F0A_ESC\Obj\stm32f0xx_hal_flash.o
#        C:\pic\planecontroller\STSPIN32F0A_ESC\Obj\stm32f0xx_hal_flash_ex.o
#        C:\pic\planecontroller\STSPIN32F0A_ESC\Obj\stm32f0xx_hal_gpio.o
#        C:\pic\planecontroller\STSPIN32F0A_ESC\Obj\stm32f0xx_hal_i2c.o
#        C:\pic\planecontroller\STSPIN32F0A_ESC\Obj\stm32f0xx_hal_i2c_ex.o
#        C:\pic\planecontroller\STSPIN32F0A_ESC\Obj\stm32f0xx_hal_i2s.o
#        C:\pic\planecontroller\STSPIN32F0A_ESC\Obj\stm32f0xx_hal_irda.o
#        C:\pic\planecontroller\STSPIN32F0A_ESC\Obj\stm32f0xx_hal_iwdg.o
#        C:\pic\planecontroller\STSPIN32F0A_ESC\Obj\stm32f0xx_hal_pcd.o
#        C:\pic\planecontroller\STSPIN32F0A_ESC\Obj\stm32f0xx_hal_pcd_ex.o
#        C:\pic\planecontroller\STSPIN32F0A_ESC\Obj\stm32f0xx_hal_pwr.o
#        C:\pic\planecontroller\STSPIN32F0A_ESC\Obj\stm32f0xx_hal_pwr_ex.o
#        C:\pic\planecontroller\STSPIN32F0A_ESC\Obj\stm32f0xx_hal_rcc.o
#        C:\pic\planecontroller\STSPIN32F0A_ESC\Obj\stm32f0xx_hal_rcc_ex.o
#        C:\pic\planecontroller\STSPIN32F0A_ESC\Obj\stm32f0xx_hal_rtc.o
#        C:\pic\planecontroller\STSPIN32F0A_ESC\Obj\stm32f0xx_hal_rtc_ex.o
#        C:\pic\planecontroller\STSPIN32F0A_ESC\Obj\stm32f0xx_hal_smartcard.o
#        C:\pic\planecontroller\STSPIN32F0A_ESC\Obj\stm32f0xx_hal_smartcard_ex.o
#        C:\pic\planecontroller\STSPIN32F0A_ESC\Obj\stm32f0xx_hal_smbus.o
#        C:\pic\planecontroller\STSPIN32F0A_ESC\Obj\stm32f0xx_hal_spi.o
#        C:\pic\planecontroller\STSPIN32F0A_ESC\Obj\stm32f0xx_hal_spi_ex.o
#        C:\pic\planecontroller\STSPIN32F0A_ESC\Obj\stm32f0xx_hal_tim.o
#        C:\pic\planecontroller\STSPIN32F0A_ESC\Obj\stm32f0xx_hal_tim_ex.o
#        C:\pic\planecontroller\STSPIN32F0A_ESC\Obj\stm32f0xx_hal_tsc.o
#        C:\pic\planecontroller\STSPIN32F0A_ESC\Obj\stm32f0xx_hal_uart.o
#        C:\pic\planecontroller\STSPIN32F0A_ESC\Obj\stm32f0xx_hal_uart_ex.o
#        C:\pic\planecontroller\STSPIN32F0A_ESC\Obj\stm32f0xx_hal_usart.o
#        C:\pic\planecontroller\STSPIN32F0A_ESC\Obj\stm32f0xx_hal_wwdg.o
#        C:\pic\planecontroller\STSPIN32F0A_ESC\Obj\stm32f0xx_ll_adc.o
#        C:\pic\planecontroller\STSPIN32F0A_ESC\Obj\stm32f0xx_ll_comp.o
#        C:\pic\planecontroller\STSPIN32F0A_ESC\Obj\stm32f0xx_ll_crc.o
#        C:\pic\planecontroller\STSPIN32F0A_ESC\Obj\stm32f0xx_ll_crs.o
#        C:\pic\planecontroller\STSPIN32F0A_ESC\Obj\stm32f0xx_ll_dac.o
#        C:\pic\planecontroller\STSPIN32F0A_ESC\Obj\stm32f0xx_ll_dma.o
#        C:\pic\planecontroller\STSPIN32F0A_ESC\Obj\stm32f0xx_ll_exti.o
#        C:\pic\planecontroller\STSPIN32F0A_ESC\Obj\stm32f0xx_ll_gpio.o
#        C:\pic\planecontroller\STSPIN32F0A_ESC\Obj\stm32f0xx_ll_i2c.o
#        C:\pic\planecontroller\STSPIN32F0A_ESC\Obj\stm32f0xx_ll_pwr.o
#        C:\pic\planecontroller\STSPIN32F0A_ESC\Obj\stm32f0xx_ll_rcc.o
#        C:\pic\planecontroller\STSPIN32F0A_ESC\Obj\stm32f0xx_ll_rtc.o
#        C:\pic\planecontroller\STSPIN32F0A_ESC\Obj\stm32f0xx_ll_spi.o
#        C:\pic\planecontroller\STSPIN32F0A_ESC\Obj\stm32f0xx_ll_tim.o
#        C:\pic\planecontroller\STSPIN32F0A_ESC\Obj\stm32f0xx_ll_usart.o
#        C:\pic\planecontroller\STSPIN32F0A_ESC\Obj\stm32f0xx_ll_utils.o
#        C:\pic\planecontroller\STSPIN32F0A_ESC\Obj\stspin32f0.o
#        C:\pic\planecontroller\STSPIN32F0A_ESC\Obj\stspin32f0_hal_msp.o
#        C:\pic\planecontroller\STSPIN32F0A_ESC\Obj\stspin32f0_it.o
#        C:\pic\planecontroller\STSPIN32F0A_ESC\Obj\system_stm32f0xx.o
#        C:\pic\planecontroller\STSPIN32F0A_ESC\Obj\UART_UI.o
#        --no_out_extension -o
#        C:\pic\planecontroller\STSPIN32F0A_ESC\Exe\STSPIN32F0.out --map
#        C:\pic\planecontroller\STSPIN32F0A_ESC\List\STSPIN32F0.map --config
#        "C:\Program Files (x86)\IAR Systems\Embedded Workbench
#        8.1\arm\config\linker\ST\stm32f031x6.icf" --semihosting --entry
#        __iar_program_start --vfe --text_out locale)
#
###############################################################################

*******************************************************************************
*** RUNTIME MODEL ATTRIBUTES
***

CppFlavor       = *
__SystemLibrary = DLib
__dlib_version  = 6


*******************************************************************************
*** HEAP SELECTION
***

The basic heap was selected because no calls to memory allocation
functions were found in the application outside of system library
functions, and there are calls to deallocation functions in the
application.


*******************************************************************************
*** PLACEMENT SUMMARY
***

"A0":  place at 0x800'0000 { ro section .intvec };
"P1":  place in [from 0x800'0000 to 0x800'7fff] { ro };
define block CSTACK with size = 1K, alignment = 8 { };
define block HEAP with size = 1K, alignment = 8 { };
"P2":  place in [from 0x2000'0000 to 0x2000'0fff] {
          rw, block CSTACK, block HEAP };
initialize by copy { rw };

  Section            Kind         Address    Size  Object
  -------            ----         -------    ----  ------
"A0":                                        0xb0
  .intvec            ro code   0x800'0000    0xb0  startup_stm32f031x6.o [1]
                             - 0x800'00b0    0xb0

"P1":                                      0x5397
  .text              ro code   0x800'00b0  0x11fc  6Step_Lib.o [1]
  .text              ro code   0x800'12ac    0x68  STEVAL-ESC002V1.o [1]
  .text              ro code   0x800'1314   0x688  stm32f0xx_hal_rcc.o [1]
  .text              ro code   0x800'199c   0x9ec  stm32f0xx_hal_tim.o [1]
  .text              ro code   0x800'2388    0xe0  I32DivModFast.o [3]
  .text              ro code   0x800'2468    0x24  stm32f0xx_hal.o [1]
  .text              ro code   0x800'248c    0x34  ABImemcpy.o [3]
  .text              ro code   0x800'24c0   0x198  stspin32f0_hal_msp.o [1]
  .text              ro code   0x800'2658     0x2  stm32f0xx_hal_tim.o [1]
  .text              ro code   0x800'265a     0x2  stm32f0xx_hal_tim.o [1]
  .text              ro code   0x800'265c     0x2  stm32f0xx_hal_tim.o [1]
  .text              ro code   0x800'265e     0x2  stm32f0xx_hal_tim.o [1]
  .text              ro code   0x800'2660     0x2  stm32f0xx_hal_tim.o [1]
  .text              ro code   0x800'2662     0x2  stm32f0xx_hal_tim_ex.o [1]
  .text              ro code   0x800'2664     0x2  IntDivZer.o [3]
  .text              ro code   0x800'2666     0xa  xsprout.o [2]
  .text              ro code   0x800'2670   0x11c  stm32f0xx_hal_cortex.o [1]
  .text              ro code   0x800'278c   0x248  stm32f0xx_hal_gpio.o [1]
  .text              ro code   0x800'29d4   0xd7c  spi.o [1]
  .text              ro code   0x800'3750   0x9b4  stm32f0xx_hal_spi.o [1]
  .text              ro code   0x800'4104   0x3dc  main_32F0.o [1]
  .text              ro code   0x800'44e0    0x40  sprintf.o [2]
  .text              ro code   0x800'4520    0x10  strlen.o [3]
  .text              ro code   0x800'4530   0x158  stm32f0xx_hal_uart.o [1]
  .text              ro code   0x800'4688    0x32  ABImemset.o [3]
  .rodata            const     0x800'46ba     0x2  spi.o [1]
  .text              ro code   0x800'46bc    0x32  I64Mul.o [3]
  .text              ro code   0x800'46ee    0xa8  I64DivMod.o [3]
  .text              ro code   0x800'4796     0x2  startup_stm32f031x6.o [1]
  .text              ro code   0x800'4798    0x20  stm32f0xx_hal.o [1]
  .text              ro code   0x800'47b8    0x90  exti.o [1]
  .text              ro code   0x800'4848   0x198  stm32f0xx_hal_tim_ex.o [1]
  .text              ro code   0x800'49e0    0x20  stm32f0xx_hal.o [1]
  .text              ro code   0x800'4a00   0x186  xprintftiny.o [2]
  .text              ro code   0x800'4b86     0x2  startup_stm32f031x6.o [1]
  .text              ro code   0x800'4b88     0x2  I64DivZer.o [3]
  .text              ro code   0x800'4b8a     0x2  startup_stm32f031x6.o [1]
  .text              ro code   0x800'4b8c   0x13c  stm32f0xx_hal_exti.o [1]
  .text              ro code   0x800'4cc8   0x208  stspin32f0.o [1]
  .text              ro code   0x800'4ed0   0x108  stm32f0xx_hal_adc.o [1]
  .text              ro code   0x800'4fd8     0x2  stm32f0xx_hal_adc.o [1]
  .text              ro code   0x800'4fda     0x2  stm32f0xx_hal_adc.o [1]
  .text              ro code   0x800'4fdc    0xd6  stm32f0xx_hal_dma.o [1]
  .text              ro code   0x800'50b2     0x2  startup_stm32f031x6.o [1]
  .text              ro code   0x800'50b4    0xac  stspin32f0_it.o [1]
  .text              ro code   0x800'5160    0x80  system_stm32f0xx.o [1]
  .rodata            const     0x800'51e0    0x6c  spi.o [1]
  Initializer bytes  const     0x800'524c    0x54  <for P2-1>
  .text              ro code   0x800'52a0    0x3c  zero_init3.o [3]
  .text              ro code   0x800'52dc    0x30  copy_init3.o [3]
  .text              ro code   0x800'530c    0x28  data_init.o [3]
  .iar.init_table    const     0x800'5334    0x24  - Linker created -
  .text              ro code   0x800'5358    0x1e  cmain.o [3]
  .text              ro code   0x800'5376     0x4  low_level_init.o [2]
  .text              ro code   0x800'537a     0x8  exit.o [2]
  .text              ro code   0x800'5382     0x2  startup_stm32f031x6.o [1]
  .text              ro code   0x800'5384     0xa  cexit.o [3]
  .text              ro code   0x800'538e     0x2  startup_stm32f031x6.o [1]
  .text              ro code   0x800'5390    0x14  exit.o [4]
  .rodata            const     0x800'53a4    0x1c  spi.o [1]
  .rodata            const     0x800'53c0    0x10  spi.o [1]
  .rodata            const     0x800'53d0    0x10  spi.o [1]
  .rodata            const     0x800'53e0    0x10  stm32f0xx_hal_rcc.o [1]
  .rodata            const     0x800'53f0    0x10  stm32f0xx_hal_rcc.o [1]
  .rodata            const     0x800'5400    0x10  system_stm32f0xx.o [1]
  .text              ro code   0x800'5410    0x10  startup_stm32f031x6.o [1]
  .text              ro code   0x800'5420     0xc  cstartup_M.o [3]
  .rodata            const     0x800'542c     0x4  spi.o [1]
  .text              ro code   0x800'5430     0x2  startup_stm32f031x6.o [1]
  .text              ro code   0x800'5432     0x2  startup_stm32f031x6.o [1]
  .text              ro code   0x800'5434     0x2  startup_stm32f031x6.o [1]
  .text              ro code   0x800'5436     0x2  startup_stm32f031x6.o [1]
  .text              ro code   0x800'5438     0x2  startup_stm32f031x6.o [1]
  .text              ro code   0x800'543a     0x2  startup_stm32f031x6.o [1]
  .text              ro code   0x800'543c     0x2  startup_stm32f031x6.o [1]
  .text              ro code   0x800'543e     0x2  startup_stm32f031x6.o [1]
  .text              ro code   0x800'5440     0x2  startup_stm32f031x6.o [1]
  .text              ro code   0x800'5442     0x2  startup_stm32f031x6.o [1]
  .text              ro code   0x800'5444     0x2  startup_stm32f031x6.o [1]
  .rodata            const     0x800'5446     0x1  spi.o [1]
  .rodata            const     0x800'5447     0x0  zero_init3.o [3]
  .rodata            const     0x800'5447     0x0  copy_init3.o [3]
                             - 0x800'5447  0x5397

"P2", part 1 of 3:                           0x54
  P2-1                        0x2000'0000    0x54  <Init block>
    .data            inited   0x2000'0000     0x4  spi.o [1]
    .data            inited   0x2000'0004     0x4  spi.o [1]
    .data            inited   0x2000'0008    0x40  stspin32f0.o [1]
    .data            inited   0x2000'0048     0x4  system_stm32f0xx.o [1]
    .data            inited   0x2000'004c     0x2  6Step_Lib.o [1]
    .data            inited   0x2000'004e     0x2  6Step_Lib.o [1]
    .data            inited   0x2000'0050     0x2  6Step_Lib.o [1]
    .data            inited   0x2000'0052     0x1  6Step_Lib.o [1]
    .data            inited   0x2000'0053     0x1  spi.o [1]
                            - 0x2000'0054    0x54

"P2", part 2 of 3:                          0x43c
  .bss               zero     0x2000'0054    0x80  6Step_Lib.o [1]
  .bss               zero     0x2000'00d4    0x70  stspin32f0.o [1]
  .bss               zero     0x2000'0144    0x64  spi.o [1]
  .bss               zero     0x2000'01a8    0x4c  stspin32f0.o [1]
  .bss               zero     0x2000'01f4    0x40  6Step_Lib.o [1]
  .bss               zero     0x2000'0234    0x40  main_32F0.o [1]
  .bss               zero     0x2000'0274    0x40  stspin32f0.o [1]
  .bss               zero     0x2000'02b4    0x40  stspin32f0.o [1]
  .bss               zero     0x2000'02f4    0x40  stspin32f0.o [1]
  .bss               zero     0x2000'0334    0x40  stspin32f0.o [1]
  .bss               zero     0x2000'0374    0x34  spi.o [1]
  .bss               zero     0x2000'03a8    0x10  6Step_Lib.o [1]
  .bss               zero     0x2000'03b8     0x8  6Step_Lib.o [1]
  .bss               zero     0x2000'03c0     0x8  6Step_Lib.o [1]
  .bss               zero     0x2000'03c8     0x8  6Step_Lib.o [1]
  .bss               zero     0x2000'03d0     0x8  6Step_Lib.o [1]
  .bss               zero     0x2000'03d8     0x8  6Step_Lib.o [1]
  .bss               zero     0x2000'03e0     0x8  6Step_Lib.o [1]
  .bss               zero     0x2000'03e8     0x4  6Step_Lib.o [1]
  .bss               zero     0x2000'03f0     0x8  6Step_Lib.o [1]
  .bss               zero     0x2000'03f8     0x8  exti.o [1]
  .bss               zero     0x2000'0400     0x4  6Step_Lib.o [1]
  .bss               zero     0x2000'0404     0x4  6Step_Lib.o [1]
  .bss               zero     0x2000'0408     0x4  6Step_Lib.o [1]
  .bss               zero     0x2000'040c     0x4  6Step_Lib.o [1]
  .bss               zero     0x2000'0410     0x4  6Step_Lib.o [1]
  .bss               zero     0x2000'0414     0x4  6Step_Lib.o [1]
  .bss               zero     0x2000'0418     0x4  6Step_Lib.o [1]
  .bss               zero     0x2000'041c     0x4  6Step_Lib.o [1]
  .bss               zero     0x2000'0420     0x4  6Step_Lib.o [1]
  .bss               zero     0x2000'0424     0x4  6Step_Lib.o [1]
  .bss               zero     0x2000'0428     0x4  6Step_Lib.o [1]
  .bss               zero     0x2000'042c     0x4  6Step_Lib.o [1]
  .bss               zero     0x2000'0430     0x4  6Step_Lib.o [1]
  .bss               zero     0x2000'0434     0x4  6Step_Lib.o [1]
  .bss               zero     0x2000'0438     0x4  6Step_Lib.o [1]
  .bss               zero     0x2000'043c     0x4  6Step_Lib.o [1]
  .bss               zero     0x2000'0440     0x4  6Step_Lib.o [1]
  .bss               zero     0x2000'0444     0x4  6Step_Lib.o [1]
  .bss               zero     0x2000'0448     0x4  spi.o [1]
  .bss               zero     0x2000'044c     0x2  6Step_Lib.o [1]
  .bss               zero     0x2000'044e     0x2  6Step_Lib.o [1]
  .bss               zero     0x2000'0450     0x2  6Step_Lib.o [1]
  .bss               zero     0x2000'0452     0x2  6Step_Lib.o [1]
  .bss               zero     0x2000'0454     0x2  6Step_Lib.o [1]
  .bss               zero     0x2000'0456     0x2  6Step_Lib.o [1]
  .bss               zero     0x2000'0458     0x2  6Step_Lib.o [1]
  .bss               zero     0x2000'045a     0x2  6Step_Lib.o [1]
  .bss               zero     0x2000'045c     0x2  6Step_Lib.o [1]
  .bss               zero     0x2000'045e     0x2  6Step_Lib.o [1]
  .bss               zero     0x2000'0460     0x2  6Step_Lib.o [1]
  .bss               zero     0x2000'0462     0x2  6Step_Lib.o [1]
  .bss               zero     0x2000'0464     0x2  6Step_Lib.o [1]
  .bss               zero     0x2000'0466     0x2  6Step_Lib.o [1]
  .bss               zero     0x2000'0468     0x2  6Step_Lib.o [1]
  .bss               zero     0x2000'046a     0x2  6Step_Lib.o [1]
  .bss               zero     0x2000'046c     0x2  6Step_Lib.o [1]
  .bss               zero     0x2000'046e     0x2  6Step_Lib.o [1]
  .bss               zero     0x2000'0470     0x2  6Step_Lib.o [1]
  .bss               zero     0x2000'0472     0x2  spi.o [1]
  .bss               zero     0x2000'0474     0x2  spi.o [1]
  .bss               zero     0x2000'0476     0x2  spi.o [1]
  .bss               zero     0x2000'0478     0x2  spi.o [1]
  .bss               zero     0x2000'047a     0x2  spi.o [1]
  .bss               zero     0x2000'047c     0x2  spi.o [1]
  .bss               zero     0x2000'047e     0x2  spi.o [1]
  .bss               zero     0x2000'0480     0x2  spi.o [1]
  .bss               zero     0x2000'0482     0x2  spi.o [1]
  .bss               zero     0x2000'0484     0x2  spi.o [1]
  .bss               zero     0x2000'0486     0x2  spi.o [1]
  .bss               zero     0x2000'0488     0x2  spi.o [1]
  .bss               zero     0x2000'048a     0x1  6Step_Lib.o [1]
  .bss               zero     0x2000'048b     0x1  6Step_Lib.o [1]
  .bss               zero     0x2000'048c     0x1  6Step_Lib.o [1]
  .bss               zero     0x2000'048d     0x1  6Step_Lib.o [1]
  .bss               zero     0x2000'048e     0x1  spi.o [1]
                            - 0x2000'048f   0x43b

"P2", part 3 of 3:                          0x400
  CSTACK                      0x2000'0490   0x400  <Block>
    CSTACK           uninit   0x2000'0490   0x400  <Block tail>
                            - 0x2000'0890   0x400

Unused ranges:

         From           To    Size
         ----           --    ----
   0x800'5447   0x800'7fff  0x2bb9
  0x2000'0890  0x2000'0fff   0x770


*******************************************************************************
*** INIT TABLE
***

          Address      Size
          -------      ----
Zero (__iar_zero_init3)
    1 destination range, total size 0x43b:
          0x2000'0054  0x43b

Copy (__iar_copy_init3)
    1 source range, total size 0x54:
           0x800'524c   0x54
    1 destination range, total size 0x54:
          0x2000'0000   0x54



*******************************************************************************
*** MODULE SUMMARY
***

    Module                  ro code  ro data  rw data
    ------                  -------  -------  -------
command line/config:
    -------------------------------------------------
    Total:

C:\pic\planecontroller\STSPIN32F0A_ESC\Obj: [1]
    6Step_Lib.o               4 604        7      389
    STEVAL-ESC002V1.o           104
    exti.o                      144                 8
    main_32F0.o                 988                64
    spi.o                     3 452      184      190
    startup_stm32f031x6.o       226
    stm32f0xx_hal.o             100
    stm32f0xx_hal_adc.o         268
    stm32f0xx_hal_cortex.o      284
    stm32f0xx_hal_dma.o         214
    stm32f0xx_hal_exti.o        316
    stm32f0xx_hal_gpio.o        584
    stm32f0xx_hal_rcc.o       1 672       32
    stm32f0xx_hal_spi.o       2 484
    stm32f0xx_hal_tim.o       2 550
    stm32f0xx_hal_tim_ex.o      410
    stm32f0xx_hal_uart.o        344
    stspin32f0.o                520       64      508
    stspin32f0_hal_msp.o        408
    stspin32f0_it.o             172
    system_stm32f0xx.o          128       20        4
    -------------------------------------------------
    Total:                   19 972      307    1 163

dl6M_tln.a: [2]
    exit.o                        8
    low_level_init.o              4
    sprintf.o                    64
    xprintftiny.o               390
    xsprout.o                    10
    -------------------------------------------------
    Total:                      476

rt6M_tl.a: [3]
    ABImemcpy.o                  52
    ABImemset.o                  50
    I32DivModFast.o             224
    I64DivMod.o                 168
    I64DivZer.o                   2
    I64Mul.o                     50
    IntDivZer.o                   2
    cexit.o                      10
    cmain.o                      30
    copy_init3.o                 48
    cstartup_M.o                 12
    data_init.o                  40
    strlen.o                     16
    zero_init3.o                 60
    -------------------------------------------------
    Total:                      764

shb_l.a: [4]
    exit.o                       20
    -------------------------------------------------
    Total:                       20

    Gaps                                            4
    Linker created                        36    1 024
-----------------------------------------------------
    Grand Total:             21 232      343    2 191


*******************************************************************************
*** ENTRY LIST
***

Entry                       Address   Size  Type      Object
-----                       -------   ----  ----      ------
.iar.init_table$$Base    0x800'5334          --   Gb  - Linker created -
.iar.init_table$$Limit   0x800'5358          --   Gb  - Linker created -
?main                    0x800'5359         Code  Gb  cmain.o [3]
ADC1_IRQHandler          0x800'5113    0xa  Code  Gb  stspin32f0_it.o [1]
ADC_Channel              0x800'4e85   0x30  Code  Gb  stspin32f0.o [1]
ADCx                    0x2000'01a8   0x4c  Data  Gb  stspin32f0.o [1]
AHBPrescTable            0x800'5400   0x10  Data  Gb  system_stm32f0xx.o [1]
ARR_LF                  0x2000'041c    0x4  Data  Gb  6Step_Lib.o [1]
BPM280_Init              0x800'31e9  0x2be  Code  Gb  spi.o [1]
BPM280_Read_Pressure     0x800'35c9   0x98  Code  Gb  spi.o [1]
BSP_BOARD_FAULT_LED_ON   0x800'12ad    0x2  Code  Gb  STEVAL-ESC002V1.o [1]
BSP_BOARD_RGB1_LED_ON    0x800'12af    0x2  Code  Gb  STEVAL-ESC002V1.o [1]
BSP_BOARD_RGB1_LED_TOGGLE
                         0x800'12b1    0x2  Code  Gb  STEVAL-ESC002V1.o [1]
CSTACK$$Base            0x2000'0490          --   Gb  - Linker created -
CSTACK$$Limit           0x2000'0890          --   Gb  - Linker created -
DMA1_Channel2_3_IRQHandler
                         0x800'50bb    0xc  Code  Gb  stspin32f0_it.o [1]
DisableInput_CH1_D_CH2_D_CH3_D
                         0x800'4d27    0x2  Code  Gb  stspin32f0.o [1]
EXTI0_1_IRQHandler       0x800'4829    0xa  Code  Gb  exti.o [1]
EXTILine1_Config         0x800'47b9   0x70  Code  Gb  exti.o [1]
El_Speed_Hz             0x2000'042c    0x4  Data  Gb  6Step_Lib.o [1]
EnableInput_CH1_D_CH2_E_CH3_E
                         0x800'4d0b   0x1a  Code  Gb  stspin32f0.o [1]
EnableInput_CH1_E_CH2_D_CH3_E
                         0x800'4cf3   0x18  Code  Gb  stspin32f0.o [1]
EnableInput_CH1_E_CH2_E_CH3_D
                         0x800'4cd9   0x1a  Code  Gb  stspin32f0.o [1]
EnableInput_CH1_E_CH2_E_CH3_E
                         0x800'4d25    0x2  Code  Gb  stspin32f0.o [1]
Enable_start_button     0x2000'0052    0x1  Data  Gb  6Step_Lib.o [1]
Error_Handler            0x800'44cd   0x14  Code  Gb  main_32F0.o [1]
Exti1RisingCb            0x800'2bbd   0x8a  Code  Gb  spi.o [1]
Ferr_old                0x2000'0004    0x4  Data  Gb  spi.o [1]
Ftarget                 0x2000'0000    0x4  Data  Gb  spi.o [1]
Get_UART_Data            0x800'4eb5    0x8  Code  Gb  stspin32f0.o [1]
HAL_ADC_ConvCpltCallback
                         0x800'25fd    0xa  Code  Gb  stspin32f0_hal_msp.o [1]
HAL_ADC_IRQHandler       0x800'4ed1  0x102  Code  Gb  stm32f0xx_hal_adc.o [1]
HAL_DMA_IRQHandler       0x800'4fdd   0xd6  Code  Gb  stm32f0xx_hal_dma.o [1]
HAL_Delay                0x800'49e1   0x20  Code  Wk  stm32f0xx_hal.o [1]
HAL_EXTI_IRQHandler      0x800'4c89   0x26  Code  Gb  stm32f0xx_hal_exti.o [1]
HAL_EXTI_RegisterCallback
                         0x800'4c6f   0x1a  Code  Gb  stm32f0xx_hal_exti.o [1]
HAL_EXTI_SetConfigLine   0x800'4b8d   0xe2  Code  Gb  stm32f0xx_hal_exti.o [1]
HAL_GPIO_Init            0x800'278d  0x1f2  Code  Gb  stm32f0xx_hal_gpio.o [1]
HAL_GPIO_ReadPin         0x800'297f   0x1a  Code  Gb  stm32f0xx_hal_gpio.o [1]
HAL_GPIO_WritePin        0x800'2999   0x1a  Code  Gb  stm32f0xx_hal_gpio.o [1]
HAL_GetTick              0x800'1283    0x6  Code  Gb  6Step_Lib.o [1]
HAL_IncTick              0x800'1279    0xa  Code  Gb  6Step_Lib.o [1]
HAL_Init                 0x800'4799   0x1a  Code  Gb  stm32f0xx_hal.o [1]
HAL_InitTick             0x800'2469   0x24  Code  Wk  stm32f0xx_hal.o [1]
HAL_MspInit              0x800'24c1   0x10  Code  Gb  stspin32f0_hal_msp.o [1]
HAL_NVIC_EnableIRQ       0x800'2751    0xe  Code  Gb  stm32f0xx_hal_cortex.o [1]
HAL_NVIC_SetPriority     0x800'273d   0x14  Code  Gb  stm32f0xx_hal_cortex.o [1]
HAL_RCC_ClockConfig      0x800'1789  0x152  Code  Gb  stm32f0xx_hal_rcc.o [1]
HAL_RCC_GetHCLKFreq      0x800'1965    0x6  Code  Gb  stm32f0xx_hal_rcc.o [1]
HAL_RCC_GetSysClockFreq
                         0x800'18ed   0x72  Code  Gb  stm32f0xx_hal_rcc.o [1]
HAL_RCC_OscConfig        0x800'1315  0x45c  Code  Gb  stm32f0xx_hal_rcc.o [1]
HAL_SPI_Init             0x800'3751   0xd0  Code  Gb  stm32f0xx_hal_spi.o [1]
HAL_SPI_MspInit          0x800'36b9   0x5e  Code  Gb  spi.o [1]
HAL_SPI_Receive          0x800'3a11  0x1ce  Code  Gb  stm32f0xx_hal_spi.o [1]
HAL_SPI_Transmit         0x800'3821  0x1e6  Code  Gb  stm32f0xx_hal_spi.o [1]
HAL_SPI_TransmitReceive
                         0x800'3be9  0x2c2  Code  Gb  stm32f0xx_hal_spi.o [1]
HAL_SYSTICK_Callback     0x800'2651    0x8  Code  Gb  stspin32f0_hal_msp.o [1]
HAL_SYSTICK_Config       0x800'275f    0xc  Code  Gb  stm32f0xx_hal_cortex.o [1]
HAL_SYSTICK_IRQHandler   0x800'2785    0x8  Code  Gb  stm32f0xx_hal_cortex.o [1]
HAL_TIMEx_BreakCallback
                         0x800'2619   0x16  Code  Gb  stspin32f0_hal_msp.o [1]
HAL_TIMEx_CommutationCallback
                         0x800'2663    0x2  Code  Wk  stm32f0xx_hal_tim_ex.o [1]
HAL_TIMEx_ConfigBreakDeadTime
                         0x800'4937   0x70  Code  Gb  stm32f0xx_hal_tim_ex.o [1]
HAL_TIMEx_MasterConfigSynchronization
                         0x800'48dd   0x5a  Code  Gb  stm32f0xx_hal_tim_ex.o [1]
HAL_TIMEx_PWMN_Start     0x800'4849   0x2e  Code  Gb  stm32f0xx_hal_tim_ex.o [1]
HAL_TIMEx_PWMN_Stop      0x800'4877   0x5a  Code  Gb  stm32f0xx_hal_tim_ex.o [1]
HAL_TIM_Base_Init        0x800'199d   0x38  Code  Gb  stm32f0xx_hal_tim.o [1]
HAL_TIM_Base_MspInit     0x800'24d1   0x38  Code  Gb  stspin32f0_hal_msp.o [1]
HAL_TIM_Base_Start_IT    0x800'19d5   0x1c  Code  Gb  stm32f0xx_hal_tim.o [1]
HAL_TIM_Base_Stop_IT     0x800'19f1   0x38  Code  Gb  stm32f0xx_hal_tim.o [1]
HAL_TIM_ConfigClockSource
                         0x800'1e4d  0x126  Code  Gb  stm32f0xx_hal_tim.o [1]
HAL_TIM_IC_Init          0x800'1b61   0x38  Code  Gb  stm32f0xx_hal_tim.o [1]
HAL_TIM_IRQHandler       0x800'1b99  0x1ac  Code  Gb  stm32f0xx_hal_tim.o [1]
HAL_TIM_PWM_ConfigChannel
                         0x800'1d45  0x102  Code  Gb  stm32f0xx_hal_tim.o [1]
HAL_TIM_PWM_Init         0x800'1a31   0x38  Code  Gb  stm32f0xx_hal_tim.o [1]
HAL_TIM_PWM_MspInit      0x800'2509   0xee  Code  Gb  stspin32f0_hal_msp.o [1]
HAL_TIM_PWM_Start        0x800'1a69   0x52  Code  Gb  stm32f0xx_hal_tim.o [1]
HAL_TIM_PWM_Stop         0x800'1abd   0x86  Code  Gb  stm32f0xx_hal_tim.o [1]
HAL_TIM_PeriodElapsedCallback
                         0x800'2607   0x12  Code  Gb  stspin32f0_hal_msp.o [1]
HAL_TIM_SlaveConfigSynchronization
                         0x800'1f73   0x4c  Code  Gb  stm32f0xx_hal_tim.o [1]
HAL_UART_Transmit        0x800'4531   0xec  Code  Gb  stm32f0xx_hal_uart.o [1]
HF_TIMx                 0x2000'02b4   0x40  Data  Gb  stspin32f0.o [1]
HF_TIMx_SetDutyCycle     0x800'4dd5   0x20  Code  Gb  stspin32f0.o [1]
HF_TIMx_SetDutyCycle_CH1
                         0x800'4da5    0xc  Code  Gb  stspin32f0.o [1]
HF_TIMx_SetDutyCycle_CH2
                         0x800'4db1    0xc  Code  Gb  stspin32f0.o [1]
HF_TIMx_SetDutyCycle_CH3
                         0x800'4dbd    0xc  Code  Gb  stspin32f0.o [1]
HF_TIMx_SetDutyCycle_CH4
                         0x800'4dc9    0xc  Code  Gb  stspin32f0.o [1]
HardFault_Handler        0x800'50b5    0x4  Code  Gb  stspin32f0_it.o [1]
IF_TIMx                 0x2000'0274   0x40  Data  Gb  stspin32f0.o [1]
LF_TIMx                 0x2000'02f4   0x40  Data  Gb  stspin32f0.o [1]
LL_GPIO_IsInputPinSet    0x800'00b1   0x14  Code  Lc  6Step_Lib.o [1]
LL_TIM_CC_DisableChannel
                         0x800'4cd1    0x8  Code  Lc  stspin32f0.o [1]
LL_TIM_CC_EnableChannel
                         0x800'4cc9    0x8  Code  Lc  stspin32f0.o [1]
LL_TIM_DisableUpdateEvent
                         0x800'00d9    0xa  Code  Lc  6Step_Lib.o [1]
LL_TIM_EnableAllOutputs
                         0x800'00fb    0xc  Code  Lc  6Step_Lib.o [1]
LL_TIM_EnableCounter     0x800'00c5    0xa  Code  Lc  6Step_Lib.o [1]
LL_TIM_EnableUpdateEvent
                         0x800'00cf    0xa  Code  Lc  6Step_Lib.o [1]
LL_TIM_GenerateEvent_COM
                         0x800'0107    0xa  Code  Lc  6Step_Lib.o [1]
LL_TIM_GetCounter        0x800'00e3    0x4  Code  Lc  6Step_Lib.o [1]
LL_TIM_GetDirection      0x800'00e7    0x8  Code  Lc  6Step_Lib.o [1]
LL_TIM_GetPrescaler      0x800'00ef    0x4  Code  Lc  6Step_Lib.o [1]
LL_TIM_OC_GetCompareCH4
                         0x800'00f7    0x4  Code  Lc  6Step_Lib.o [1]
LL_TIM_SetAutoReload     0x800'00f3    0x4  Code  Lc  6Step_Lib.o [1]
MC_ADCx_SixStep_User     0x800'0e35    0x2  Code  Gb  6Step_Lib.o [1]
MC_Arr_Filter            0x800'0c25   0xbc  Code  Gb  6Step_Lib.o [1]
MC_Set_PI_param          0x800'0a95   0x54  Code  Gb  6Step_Lib.o [1]
MC_SixStep_Alignment     0x800'0a15   0x7a  Code  Gb  6Step_Lib.o [1]
MC_SixStep_DisableInput_CH1_D_CH2_D_CH3_D
                         0x800'12b3    0xa  Code  Gb  STEVAL-ESC002V1.o [1]
MC_SixStep_HF_TIMx_SetDutyCycle_CH1
                         0x800'12d1   0x10  Code  Gb  STEVAL-ESC002V1.o [1]
MC_SixStep_HF_TIMx_SetDutyCycle_CH2
                         0x800'12e1   0x10  Code  Gb  STEVAL-ESC002V1.o [1]
MC_SixStep_HF_TIMx_SetDutyCycle_CH3
                         0x800'12f1   0x10  Code  Gb  STEVAL-ESC002V1.o [1]
MC_SixStep_HF_TIMx_SetDutyCycle_CH4
                         0x800'1301   0x10  Code  Gb  STEVAL-ESC002V1.o [1]
MC_SixStep_INIT          0x800'0be5   0x28  Code  Gb  6Step_Lib.o [1]
MC_SixStep_Init_main_data
                         0x800'0ba1   0x3c  Code  Gb  6Step_Lib.o [1]
MC_SixStep_NEXT_step     0x800'0745   0x7a  Code  Gb  6Step_Lib.o [1]
MC_SixStep_Prepare_NEXT_step
                         0x800'06d9   0x5e  Code  Gb  6Step_Lib.o [1]
MC_SixStep_RESET         0x800'07dd  0x194  Code  Gb  6Step_Lib.o [1]
MC_SixStep_Start_PWM_driving
                         0x800'12bd    0xa  Code  Gb  STEVAL-ESC002V1.o [1]
MC_SixStep_Stop_PWM_driving
                         0x800'12c7    0xa  Code  Gb  STEVAL-ESC002V1.o [1]
MC_SixStep_TABLE         0x800'0111  0x5c4  Code  Gb  6Step_Lib.o [1]
MC_Speed_Filter          0x800'0ce5   0x36  Code  Gb  6Step_Lib.o [1]
MC_StopMotor             0x800'0b29   0x72  Code  Gb  6Step_Lib.o [1]
MC_SysTick_SixStep_MediumFrequencyTask
                         0x800'0d31   0xca  Code  Gb  6Step_Lib.o [1]
MC_TIMx_SixStep_timebase
                         0x800'0c19    0xc  Code  Gb  6Step_Lib.o [1]
MC_Task_DutyCycle        0x800'0ae9   0x32  Code  Gb  6Step_Lib.o [1]
MC_Zero_Crossing_Read    0x800'0e39  0x428  Code  Gb  6Step_Lib.o [1]
MX_GPIO_Init             0x800'43a5   0xe4  Code  Lc  main_32F0.o [1]
MX_HF_TIMx_Init          0x800'41ef   0xde  Code  Lc  main_32F0.o [1]
MX_LF_TIMx_Init          0x800'42cd   0x56  Code  Lc  main_32F0.o [1]
MX_SPI1_Init             0x800'3661   0x42  Code  Gb  spi.o [1]
MX_ZC_TIMx_Init          0x800'4323   0x82  Code  Lc  main_32F0.o [1]
Mech_Speed_RPM          0x2000'0428    0x4  Data  Gb  6Step_Lib.o [1]
NVIC_EnableIRQ           0x800'2671    0xe  Code  Lc  stm32f0xx_hal_cortex.o [1]
NVIC_SetPriority         0x800'267f   0x8c  Code  Lc  stm32f0xx_hal_cortex.o [1]
Overcurrent_Selection    0x800'4df5   0x16  Code  Gb  stspin32f0.o [1]
Overcurrent_Threshold_Setvalue
                         0x800'4e0b   0x7a  Code  Gb  stspin32f0.o [1]
PI_parameters           0x2000'03a8   0x10  Data  Gb  6Step_Lib.o [1]
Region$$Table$$Base      0x800'5334          --   Gb  - Linker created -
Region$$Table$$Limit     0x800'5358          --   Gb  - Linker created -
Rotor_poles_pairs       0x2000'0462    0x2  Data  Gb  6Step_Lib.o [1]
SERVO_TIM17             0x2000'0234   0x40  Data  Gb  main_32F0.o [1]
SERVO_TIM17_Init         0x800'4197   0x58  Code  Lc  main_32F0.o [1]
SIXSTEP_parameters      0x2000'0054   0x80  Data  Gb  6Step_Lib.o [1]
SPI_EndRxTransaction     0x800'400d   0x8e  Code  Lc  stm32f0xx_hal_spi.o [1]
SPI_EndRxTxTransaction   0x800'409b   0x6a  Code  Lc  stm32f0xx_hal_spi.o [1]
SPI_WaitFifoStateUntilTimeout
                         0x800'3f55   0xb2  Code  Lc  stm32f0xx_hal_spi.o [1]
SPI_WaitFlagStateUntilTimeout
                         0x800'3eb5   0xa0  Code  Lc  stm32f0xx_hal_spi.o [1]
STSPIN32F0MotorDriver   0x2000'0008   0x40  Data  Gb  stspin32f0.o [1]
SX1976_AFC               0x800'2f29  0x100  Code  Gb  spi.o [1]
SX1976_Init              0x800'303d  0x188  Code  Gb  spi.o [1]
SX1976_OnRX              0x800'2c6d  0x21c  Code  Gb  spi.o [1]
SX1976_OnTX              0x800'2e95   0x84  Code  Gb  spi.o [1]
SX1976_RX_Reset          0x800'2c47   0x14  Code  Gb  spi.o [1]
SX1976_TX_Reset          0x800'2c5b    0xc  Code  Gb  spi.o [1]
Start_PWM_driving        0x800'4d29   0x3e  Code  Gb  stspin32f0.o [1]
Stop_PWM_driving         0x800'4d67   0x3e  Code  Gb  stspin32f0.o [1]
SysTick_Config           0x800'270b   0x32  Code  Lc  stm32f0xx_hal_cortex.o [1]
SysTick_Handler          0x800'511d    0xc  Code  Gb  stspin32f0_it.o [1]
SystemClock_Config       0x800'4139   0x5e  Code  Gb  main_32F0.o [1]
SystemCoreClock         0x2000'0048    0x4  Data  Gb  system_stm32f0xx.o [1]
SystemInit               0x800'5161   0x52  Code  Gb  system_stm32f0xx.o [1]
TIM16_IRQHandler         0x800'5129    0xa  Code  Gb  stspin32f0_it.o [1]
TIM1_BRK_UP_TRG_COM_IRQHandler
                         0x800'50c7   0x4c  Code  Gb  stspin32f0_it.o [1]
TIM2_IRQHandler          0x800'5159    0x8  Code  Gb  stspin32f0_it.o [1]
TIM3_IRQHandler          0x800'5133    0xa  Code  Gb  stspin32f0_it.o [1]
TIM_Base_SetConfig       0x800'1fc5   0x7c  Code  Gb  stm32f0xx_hal_tim.o [1]
TIM_CCxChannelCmd        0x800'236d   0x1c  Code  Gb  stm32f0xx_hal_tim.o [1]
TIM_CCxNChannelCmd       0x800'49c5   0x1c  Code  Lc  stm32f0xx_hal_tim_ex.o [1]
TIM_ETR_SetConfig        0x800'233f   0x1a  Code  Gb  stm32f0xx_hal_tim.o [1]
TIM_ITRx_SetConfig       0x800'2325   0x1a  Code  Lc  stm32f0xx_hal_tim.o [1]
TIM_OC1_SetConfig        0x800'2041   0x76  Code  Lc  stm32f0xx_hal_tim.o [1]
TIM_OC2_SetConfig        0x800'20bd   0x74  Code  Gb  stm32f0xx_hal_tim.o [1]
TIM_OC3_SetConfig        0x800'2131   0x70  Code  Lc  stm32f0xx_hal_tim.o [1]
TIM_OC4_SetConfig        0x800'21a5   0x56  Code  Lc  stm32f0xx_hal_tim.o [1]
TIM_SlaveTimer_SetConfig
                         0x800'2215   0xa6  Code  Lc  stm32f0xx_hal_tim.o [1]
TIM_TI1_ConfigInputStage
                         0x800'22c1   0x28  Code  Lc  stm32f0xx_hal_tim.o [1]
TIM_TI2_ConfigInputStage
                         0x800'22e9   0x2a  Code  Lc  stm32f0xx_hal_tim.o [1]
T_single_step           0x2000'0410    0x4  Data  Gb  6Step_Lib.o [1]
T_single_step_first_value
                        0x2000'0414    0x4  Data  Gb  6Step_Lib.o [1]
Tick_cnt                0x2000'0440    0x4  Data  Gb  6Step_Lib.o [1]
Time_vector_prev_tmp    0x2000'040c    0x4  Data  Gb  6Step_Lib.o [1]
Time_vector_tmp         0x2000'0408    0x4  Data  Gb  6Step_Lib.o [1]
UART_WaitOnFlagUntilTimeout
                         0x800'461d   0x68  Code  Gb  stm32f0xx_hal_uart.o [1]
USART1_IRQHandler        0x800'50b9    0x2  Code  Gb  stspin32f0_it.o [1]
ZC_TIMx                 0x2000'0334   0x40  Data  Gb  stspin32f0.o [1]
_PrintfTiny              0x800'4a1b  0x16c  Code  Gb  xprintftiny.o [2]
_SProut                  0x800'2667    0xa  Code  Gb  xsprout.o [2]
__ICFEDIT_region_RAM_end__ {Abs}
                        0x2000'0fff         Data  Gb  <internal module>
__ICFEDIT_region_RAM_start__ {Abs}
                        0x2000'0000         Data  Gb  <internal module>
__aeabi_idiv             0x800'23b5         Code  Gb  I32DivModFast.o [3]
__aeabi_idiv0            0x800'2665         Code  Gb  IntDivZer.o [3]
__aeabi_idivmod          0x800'23b5         Code  Gb  I32DivModFast.o [3]
__aeabi_ldiv0            0x800'4b89         Code  Gb  I64DivZer.o [3]
__aeabi_ldivmod          0x800'46ef         Code  Gb  I64DivMod.o [3]
__aeabi_lmul             0x800'46bd         Code  Gb  I64Mul.o [3]
__aeabi_memclr4          0x800'4689         Code  Gb  ABImemset.o [3]
__aeabi_memclr8          0x800'4689         Code  Gb  ABImemset.o [3]
__aeabi_memcpy4          0x800'248d         Code  Wk  ABImemcpy.o [3]
__aeabi_uidiv            0x800'23bb         Code  Gb  I32DivModFast.o [3]
__aeabi_uidivmod         0x800'23bb         Code  Gb  I32DivModFast.o [3]
__aeabi_uldivmod         0x800'472d         Code  Gb  I64DivMod.o [3]
__cmain                  0x800'5359         Code  Gb  cmain.o [3]
__exit                   0x800'5391   0x14  Code  Gb  exit.o [4]
__iar_Memset4_word       0x800'468d         Code  Gb  ABImemset.o [3]
__iar_copy_init3         0x800'52dd   0x30  Code  Gb  copy_init3.o [3]
__iar_data_init3         0x800'530d   0x28  Code  Gb  data_init.o [3]
__iar_program_start      0x800'5421         Code  Gb  cstartup_M.o [3]
__iar_zero_init3         0x800'52a1   0x3c  Code  Gb  zero_init3.o [3]
__low_level_init         0x800'5377    0x4  Code  Gb  low_level_init.o [2]
__vector_table           0x800'0000         Data  Gb  startup_stm32f031x6.o [1]
_call_main               0x800'5365         Code  Gb  cmain.o [3]
_exit                    0x800'5385         Code  Gb  cexit.o [3]
_main                    0x800'5373         Code  Gb  cmain.o [3]
array_completed         0x2000'048a    0x1  Data  Gb  6Step_Lib.o [1]
bmp280_compensate_P      0x800'34f9   0xd0  Code  Gb  spi.o [1]
bmp280_compensate_T      0x800'34b1   0x44  Code  Gb  spi.o [1]
changePolarity          0x2000'045e    0x2  Data  Gb  6Step_Lib.o [1]
cnt_bemf_event          0x2000'046c    0x2  Data  Gb  6Step_Lib.o [1]
commTime                0x2000'0424    0x4  Data  Gb  6Step_Lib.o [1]
constant_k              0x2000'0404    0x4  Data  Gb  6Step_Lib.o [1]
constant_multiplier_tmp
                        0x2000'03f0    0x8  Data  Gb  6Step_Lib.o [1]
counter_ARR_Bemf        0x2000'0444    0x4  Data  Gb  6Step_Lib.o [1]
cyclesToPwmEdge         0x2000'03e8    0x4  Data  Gb  6Step_Lib.o [1]
delta                   0x2000'0418    0x4  Data  Gb  6Step_Lib.o [1]
dig_P1                  0x2000'0478    0x2  Data  Gb  spi.o [1]
dig_P2                  0x2000'047a    0x2  Data  Gb  spi.o [1]
dig_P3                  0x2000'047c    0x2  Data  Gb  spi.o [1]
dig_P4                  0x2000'047e    0x2  Data  Gb  spi.o [1]
dig_P5                  0x2000'0480    0x2  Data  Gb  spi.o [1]
dig_P6                  0x2000'0482    0x2  Data  Gb  spi.o [1]
dig_P7                  0x2000'0484    0x2  Data  Gb  spi.o [1]
dig_P8                  0x2000'0486    0x2  Data  Gb  spi.o [1]
dig_P9                  0x2000'0488    0x2  Data  Gb  spi.o [1]
dig_T1                  0x2000'0472    0x2  Data  Gb  spi.o [1]
dig_T2                  0x2000'0474    0x2  Data  Gb  spi.o [1]
dig_T3                  0x2000'0476    0x2  Data  Gb  spi.o [1]
exit                     0x800'537b    0x8  Code  Gb  exit.o [2]
frf                     0x2000'0448    0x4  Data  Gb  spi.o [1]
hexti                   0x2000'03f8    0x8  Data  Gb  exti.o [1]
hfn                     0x2000'0460    0x2  Data  Gb  6Step_Lib.o [1]
hspi1                   0x2000'0144   0x64  Data  Gb  spi.o [1]
huart                   0x2000'00d4   0x70  Data  Gb  stspin32f0.o [1]
index_ARR_step          0x2000'004c    0x2  Data  Gb  6Step_Lib.o [1]
index_adc_chn           0x2000'046a    0x2  Data  Gb  6Step_Lib.o [1]
index_align             0x2000'046e    0x2  Data  Gb  6Step_Lib.o [1]
index_array             0x2000'0464    0x2  Data  Gb  6Step_Lib.o [1]
index_pot_filt          0x2000'0050    0x2  Data  Gb  6Step_Lib.o [1]
index_startup_motor     0x2000'004e    0x2  Data  Gb  6Step_Lib.o [1]
lf_timer_failure        0x2000'048c    0x1  Data  Gb  6Step_Lib.o [1]
main                     0x800'4105   0x34  Code  Gb  main_32F0.o [1]
mech_accel_hz           0x2000'0400    0x4  Data  Gb  6Step_Lib.o [1]
n_zcr_startup           0x2000'0430    0x4  Data  Gb  6Step_Lib.o [1]
out                      0x800'4a01   0x1a  Code  Lc  xprintftiny.o [2]
postGT                  0x2000'0468    0x2  Data  Gb  6Step_Lib.o [1]
potent_filtered         0x2000'0470    0x2  Data  Gb  6Step_Lib.o [1]
preGT                   0x2000'0466    0x2  Data  Gb  6Step_Lib.o [1]
read                     0x800'2b21   0x5c  Code  Lc  spi.o [1]
speed_fdbk_error        0x2000'048d    0x1  Data  Gb  6Step_Lib.o [1]
speed_sum_pot_filt      0x2000'043c    0x4  Data  Gb  6Step_Lib.o [1]
speed_sum_sp_filt       0x2000'0438    0x4  Data  Gb  6Step_Lib.o [1]
speed_tmp_array         0x2000'01f4   0x40  Data  Gb  6Step_Lib.o [1]
sprintf                  0x800'44e1   0x40  Code  Gb  sprintf.o [2]
startup_bemf_failure    0x2000'048b    0x1  Data  Gb  6Step_Lib.o [1]
stepPrepared            0x2000'044c    0x2  Data  Gb  6Step_Lib.o [1]
strlen                   0x800'4521   0x10  Code  Gb  strlen.o [3]
suspend_afr             0x2000'0053    0x1  Data  Gb  spi.o [1]
sx1276TxBuffer          0x2000'0374   0x34  Data  Gb  spi.o [1]
tx                      0x2000'048e    0x1  Data  Gb  spi.o [1]
uwTick                  0x2000'0434    0x4  Data  Lc  6Step_Lib.o [1]
write                    0x800'2b7d   0x40  Code  Lc  spi.o [1]
write_and_retry          0x800'29d5   0xa4  Code  Lc  spi.o [1]
write_and_verify         0x800'2a79   0xa8  Code  Lc  spi.o [1]
zc                      0x2000'045a    0x2  Data  Gb  6Step_Lib.o [1]
zcdTime                 0x2000'0420    0x4  Data  Gb  6Step_Lib.o [1]
zcn                     0x2000'045c    0x2  Data  Gb  6Step_Lib.o [1]
zcuHl                   0x2000'03d0    0x8  Data  Gb  6Step_Lib.o [1]
zcuIndexHl              0x2000'0454    0x2  Data  Gb  6Step_Lib.o [1]
zcuIndexLh              0x2000'044e    0x2  Data  Gb  6Step_Lib.o [1]
zcuLh                   0x2000'03b8    0x8  Data  Gb  6Step_Lib.o [1]
zcvHl                   0x2000'03d8    0x8  Data  Gb  6Step_Lib.o [1]
zcvIndexHl              0x2000'0456    0x2  Data  Gb  6Step_Lib.o [1]
zcvIndexLh              0x2000'0450    0x2  Data  Gb  6Step_Lib.o [1]
zcvLh                   0x2000'03c0    0x8  Data  Gb  6Step_Lib.o [1]
zcwHl                   0x2000'03e0    0x8  Data  Gb  6Step_Lib.o [1]
zcwIndexHl              0x2000'0458    0x2  Data  Gb  6Step_Lib.o [1]
zcwIndexLh              0x2000'0452    0x2  Data  Gb  6Step_Lib.o [1]
zcwLh                   0x2000'03c8    0x8  Data  Gb  6Step_Lib.o [1]


[1] = C:\pic\planecontroller\STSPIN32F0A_ESC\Obj
[2] = dl6M_tln.a
[3] = rt6M_tl.a
[4] = shb_l.a

  21 232 bytes of readonly  code memory
     343 bytes of readonly  data memory
   2 191 bytes of readwrite data memory

Errors: none
Warnings: none
